<?xml version="1.0" encoding="ISO-8859-1" ?>
<link_info>
   <banner>TI ARM Linker PC v18.12.1.LTS</banner>
   <copyright>Copyright (c) 1996-2018 Texas Instruments Incorporated</copyright>
   <link_time>0x5dca81a3</link_time>
   <link_errors>0x0</link_errors>
   <output_file>FlagsEventos.out</output_file>
   <entry_point>
      <name>_c_int00_noargs</name>
      <address>0x7641</address>
   </entry_point>
   <input_file_list>
      <input_file id="fl-2">
         <path>.\</path>
         <kind>object</kind>
         <file>FlagsEventos.obj</file>
         <name>FlagsEventos.obj</name>
      </input_file>
      <input_file id="fl-3">
         <path>.\</path>
         <kind>object</kind>
         <file>Movimientos.obj</file>
         <name>Movimientos.obj</name>
      </input_file>
      <input_file id="fl-4">
         <path>.\</path>
         <kind>object</kind>
         <file>startup_ccs.obj</file>
         <name>startup_ccs.obj</name>
      </input_file>
      <input_file id="fl-5">
         <path>.\FreeRTOS\Source\</path>
         <kind>object</kind>
         <file>croutine.obj</file>
         <name>croutine.obj</name>
      </input_file>
      <input_file id="fl-6">
         <path>.\FreeRTOS\Source\</path>
         <kind>object</kind>
         <file>event_groups.obj</file>
         <name>event_groups.obj</name>
      </input_file>
      <input_file id="fl-7">
         <path>.\FreeRTOS\Source\</path>
         <kind>object</kind>
         <file>list.obj</file>
         <name>list.obj</name>
      </input_file>
      <input_file id="fl-8">
         <path>.\FreeRTOS\Source\</path>
         <kind>object</kind>
         <file>queue.obj</file>
         <name>queue.obj</name>
      </input_file>
      <input_file id="fl-9">
         <path>.\FreeRTOS\Source\</path>
         <kind>object</kind>
         <file>stream_buffer.obj</file>
         <name>stream_buffer.obj</name>
      </input_file>
      <input_file id="fl-a">
         <path>.\FreeRTOS\Source\</path>
         <kind>object</kind>
         <file>tasks.obj</file>
         <name>tasks.obj</name>
      </input_file>
      <input_file id="fl-b">
         <path>.\FreeRTOS\Source\</path>
         <kind>object</kind>
         <file>timers.obj</file>
         <name>timers.obj</name>
      </input_file>
      <input_file id="fl-c">
         <path>.\FreeRTOS\Source\portable\CCS\ARM_CM4F\</path>
         <kind>object</kind>
         <file>port.obj</file>
         <name>port.obj</name>
      </input_file>
      <input_file id="fl-d">
         <path>.\FreeRTOS\Source\portable\CCS\ARM_CM4F\</path>
         <kind>object</kind>
         <file>portasm.obj</file>
         <name>portasm.obj</name>
      </input_file>
      <input_file id="fl-e">
         <path>.\FreeRTOS\Source\portable\MemMang\</path>
         <kind>object</kind>
         <file>heap_4.obj</file>
         <name>heap_4.obj</name>
      </input_file>
      <input_file id="fl-f">
         <path>.\driverlib\</path>
         <kind>object</kind>
         <file>adc.obj</file>
         <name>adc.obj</name>
      </input_file>
      <input_file id="fl-10">
         <path>.\driverlib\</path>
         <kind>object</kind>
         <file>aes.obj</file>
         <name>aes.obj</name>
      </input_file>
      <input_file id="fl-11">
         <path>.\driverlib\</path>
         <kind>object</kind>
         <file>can.obj</file>
         <name>can.obj</name>
      </input_file>
      <input_file id="fl-12">
         <path>.\driverlib\</path>
         <kind>object</kind>
         <file>comp.obj</file>
         <name>comp.obj</name>
      </input_file>
      <input_file id="fl-13">
         <path>.\driverlib\</path>
         <kind>object</kind>
         <file>cpu.obj</file>
         <name>cpu.obj</name>
      </input_file>
      <input_file id="fl-14">
         <path>.\driverlib\</path>
         <kind>object</kind>
         <file>crc.obj</file>
         <name>crc.obj</name>
      </input_file>
      <input_file id="fl-15">
         <path>.\driverlib\</path>
         <kind>object</kind>
         <file>des.obj</file>
         <name>des.obj</name>
      </input_file>
      <input_file id="fl-16">
         <path>.\driverlib\</path>
         <kind>object</kind>
         <file>eeprom.obj</file>
         <name>eeprom.obj</name>
      </input_file>
      <input_file id="fl-17">
         <path>.\driverlib\</path>
         <kind>object</kind>
         <file>emac.obj</file>
         <name>emac.obj</name>
      </input_file>
      <input_file id="fl-18">
         <path>.\driverlib\</path>
         <kind>object</kind>
         <file>epi.obj</file>
         <name>epi.obj</name>
      </input_file>
      <input_file id="fl-19">
         <path>.\driverlib\</path>
         <kind>object</kind>
         <file>epi_workaround_ccs.obj</file>
         <name>epi_workaround_ccs.obj</name>
      </input_file>
      <input_file id="fl-1a">
         <path>.\driverlib\</path>
         <kind>object</kind>
         <file>flash.obj</file>
         <name>flash.obj</name>
      </input_file>
      <input_file id="fl-1b">
         <path>.\driverlib\</path>
         <kind>object</kind>
         <file>fpu.obj</file>
         <name>fpu.obj</name>
      </input_file>
      <input_file id="fl-1c">
         <path>.\driverlib\</path>
         <kind>object</kind>
         <file>gpio.obj</file>
         <name>gpio.obj</name>
      </input_file>
      <input_file id="fl-1d">
         <path>.\driverlib\</path>
         <kind>object</kind>
         <file>hibernate.obj</file>
         <name>hibernate.obj</name>
      </input_file>
      <input_file id="fl-1e">
         <path>.\driverlib\</path>
         <kind>object</kind>
         <file>i2c.obj</file>
         <name>i2c.obj</name>
      </input_file>
      <input_file id="fl-1f">
         <path>.\driverlib\</path>
         <kind>object</kind>
         <file>interrupt.obj</file>
         <name>interrupt.obj</name>
      </input_file>
      <input_file id="fl-20">
         <path>.\driverlib\</path>
         <kind>object</kind>
         <file>lcd.obj</file>
         <name>lcd.obj</name>
      </input_file>
      <input_file id="fl-21">
         <path>.\driverlib\</path>
         <kind>object</kind>
         <file>mpu.obj</file>
         <name>mpu.obj</name>
      </input_file>
      <input_file id="fl-22">
         <path>.\driverlib\</path>
         <kind>object</kind>
         <file>onewire.obj</file>
         <name>onewire.obj</name>
      </input_file>
      <input_file id="fl-23">
         <path>.\driverlib\</path>
         <kind>object</kind>
         <file>pwm.obj</file>
         <name>pwm.obj</name>
      </input_file>
      <input_file id="fl-24">
         <path>.\driverlib\</path>
         <kind>object</kind>
         <file>qei.obj</file>
         <name>qei.obj</name>
      </input_file>
      <input_file id="fl-25">
         <path>.\driverlib\</path>
         <kind>object</kind>
         <file>shamd5.obj</file>
         <name>shamd5.obj</name>
      </input_file>
      <input_file id="fl-26">
         <path>.\driverlib\</path>
         <kind>object</kind>
         <file>ssi.obj</file>
         <name>ssi.obj</name>
      </input_file>
      <input_file id="fl-27">
         <path>.\driverlib\</path>
         <kind>object</kind>
         <file>sw_crc.obj</file>
         <name>sw_crc.obj</name>
      </input_file>
      <input_file id="fl-28">
         <path>.\driverlib\</path>
         <kind>object</kind>
         <file>sysctl.obj</file>
         <name>sysctl.obj</name>
      </input_file>
      <input_file id="fl-29">
         <path>.\driverlib\</path>
         <kind>object</kind>
         <file>sysexc.obj</file>
         <name>sysexc.obj</name>
      </input_file>
      <input_file id="fl-2a">
         <path>.\driverlib\</path>
         <kind>object</kind>
         <file>systick.obj</file>
         <name>systick.obj</name>
      </input_file>
      <input_file id="fl-2b">
         <path>.\driverlib\</path>
         <kind>object</kind>
         <file>timer.obj</file>
         <name>timer.obj</name>
      </input_file>
      <input_file id="fl-2c">
         <path>.\driverlib\</path>
         <kind>object</kind>
         <file>uart.obj</file>
         <name>uart.obj</name>
      </input_file>
      <input_file id="fl-2d">
         <path>.\driverlib\</path>
         <kind>object</kind>
         <file>udma.obj</file>
         <name>udma.obj</name>
      </input_file>
      <input_file id="fl-2e">
         <path>.\driverlib\</path>
         <kind>object</kind>
         <file>usb.obj</file>
         <name>usb.obj</name>
      </input_file>
      <input_file id="fl-2f">
         <path>.\driverlib\</path>
         <kind>object</kind>
         <file>watchdog.obj</file>
         <name>watchdog.obj</name>
      </input_file>
      <input_file id="fl-30">
         <path>.\drivers\</path>
         <kind>object</kind>
         <file>buttons.obj</file>
         <name>buttons.obj</name>
      </input_file>
      <input_file id="fl-31">
         <path>.\drivers\</path>
         <kind>object</kind>
         <file>rgb.obj</file>
         <name>rgb.obj</name>
      </input_file>
      <input_file id="fl-32">
         <path>.\utils\</path>
         <kind>object</kind>
         <file>RunTimeStatsConfig.obj</file>
         <name>RunTimeStatsConfig.obj</name>
      </input_file>
      <input_file id="fl-33">
         <path>.\utils\</path>
         <kind>object</kind>
         <file>cmdline.obj</file>
         <name>cmdline.obj</name>
      </input_file>
      <input_file id="fl-34">
         <path>.\utils\</path>
         <kind>object</kind>
         <file>cpu_usage.obj</file>
         <name>cpu_usage.obj</name>
      </input_file>
      <input_file id="fl-35">
         <path>.\utils\</path>
         <kind>object</kind>
         <file>uartstdio.obj</file>
         <name>uartstdio.obj</name>
      </input_file>
      <input_file id="fl-39">
         <kind>object</kind>
         <file>&lt;internal&gt;</file>
         <name>&lt;internal&gt;</name>
      </input_file>
      <input_file id="fl-ef">
         <path>C:\ti\ccs901\ccs\tools\compiler\ti-cgt-arm_18.12.1.LTS\lib\</path>
         <kind>archive</kind>
         <file>rtsv7M4_T_le_v4SPD16_eabi.lib</file>
         <name>sprintf.c.obj</name>
      </input_file>
      <input_file id="fl-f0">
         <path>C:\ti\ccs901\ccs\tools\compiler\ti-cgt-arm_18.12.1.LTS\lib\</path>
         <kind>archive</kind>
         <file>rtsv7M4_T_le_v4SPD16_eabi.lib</file>
         <name>fs_toull_t2.asm.obj</name>
      </input_file>
      <input_file id="fl-f1">
         <path>C:\ti\ccs901\ccs\tools\compiler\ti-cgt-arm_18.12.1.LTS\lib\</path>
         <kind>archive</kind>
         <file>rtsv7M4_T_le_v4SPD16_eabi.lib</file>
         <name>memcpy_t2.asm.obj</name>
      </input_file>
      <input_file id="fl-f2">
         <path>C:\ti\ccs901\ccs\tools\compiler\ti-cgt-arm_18.12.1.LTS\lib\</path>
         <kind>archive</kind>
         <file>rtsv7M4_T_le_v4SPD16_eabi.lib</file>
         <name>u_divt2.asm.obj</name>
      </input_file>
      <input_file id="fl-f3">
         <path>C:\ti\ccs901\ccs\tools\compiler\ti-cgt-arm_18.12.1.LTS\lib\</path>
         <kind>archive</kind>
         <file>rtsv7M4_T_le_v4SPD16_eabi.lib</file>
         <name>memset_t2.asm.obj</name>
      </input_file>
      <input_file id="fl-f4">
         <path>C:\ti\ccs901\ccs\tools\compiler\ti-cgt-arm_18.12.1.LTS\lib\</path>
         <kind>archive</kind>
         <file>rtsv7M4_T_le_v4SPD16_eabi.lib</file>
         <name>copy_zero_init.c.obj</name>
      </input_file>
      <input_file id="fl-f5">
         <path>C:\ti\ccs901\ccs\tools\compiler\ti-cgt-arm_18.12.1.LTS\lib\</path>
         <kind>archive</kind>
         <file>rtsv7M4_T_le_v4SPD16_eabi.lib</file>
         <name>copy_decompress_none.c.obj</name>
      </input_file>
      <input_file id="fl-f6">
         <path>C:\ti\ccs901\ccs\tools\compiler\ti-cgt-arm_18.12.1.LTS\lib\</path>
         <kind>archive</kind>
         <file>rtsv7M4_T_le_v4SPD16_eabi.lib</file>
         <name>copy_decompress_lzss.c.obj</name>
      </input_file>
      <input_file id="fl-f7">
         <path>C:\ti\ccs901\ccs\tools\compiler\ti-cgt-arm_18.12.1.LTS\lib\</path>
         <kind>archive</kind>
         <file>rtsv7M4_T_le_v4SPD16_eabi.lib</file>
         <name>strcmp.c.obj</name>
      </input_file>
      <input_file id="fl-f8">
         <path>C:\ti\ccs901\ccs\tools\compiler\ti-cgt-arm_18.12.1.LTS\lib\</path>
         <kind>archive</kind>
         <file>rtsv7M4_T_le_v4SPD16_eabi.lib</file>
         <name>strcpy.c.obj</name>
      </input_file>
      <input_file id="fl-f9">
         <path>C:\ti\ccs901\ccs\tools\compiler\ti-cgt-arm_18.12.1.LTS\lib\</path>
         <kind>archive</kind>
         <file>rtsv7M4_T_le_v4SPD16_eabi.lib</file>
         <name>strlen.c.obj</name>
      </input_file>
      <input_file id="fl-fa">
         <path>C:\ti\ccs901\ccs\tools\compiler\ti-cgt-arm_18.12.1.LTS\lib\</path>
         <kind>archive</kind>
         <file>rtsv7M4_T_le_v4SPD16_eabi.lib</file>
         <name>boot_cortex_m.c.obj</name>
      </input_file>
      <input_file id="fl-fb">
         <path>C:\ti\ccs901\ccs\tools\compiler\ti-cgt-arm_18.12.1.LTS\lib\</path>
         <kind>archive</kind>
         <file>rtsv7M4_T_le_v4SPD16_eabi.lib</file>
         <name>_printfi.c.obj</name>
      </input_file>
      <input_file id="fl-fc">
         <path>C:\ti\ccs901\ccs\tools\compiler\ti-cgt-arm_18.12.1.LTS\lib\</path>
         <kind>archive</kind>
         <file>rtsv7M4_T_le_v4SPD16_eabi.lib</file>
         <name>s_frexp.c.obj</name>
      </input_file>
      <input_file id="fl-fd">
         <path>C:\ti\ccs901\ccs\tools\compiler\ti-cgt-arm_18.12.1.LTS\lib\</path>
         <kind>archive</kind>
         <file>rtsv7M4_T_le_v4SPD16_eabi.lib</file>
         <name>s_scalbn.c.obj</name>
      </input_file>
      <input_file id="fl-fe">
         <path>C:\ti\ccs901\ccs\tools\compiler\ti-cgt-arm_18.12.1.LTS\lib\</path>
         <kind>archive</kind>
         <file>rtsv7M4_T_le_v4SPD16_eabi.lib</file>
         <name>s_copysign.c.obj</name>
      </input_file>
      <input_file id="fl-ff">
         <path>C:\ti\ccs901\ccs\tools\compiler\ti-cgt-arm_18.12.1.LTS\lib\</path>
         <kind>archive</kind>
         <file>rtsv7M4_T_le_v4SPD16_eabi.lib</file>
         <name>div0.asm.obj</name>
      </input_file>
      <input_file id="fl-100">
         <path>C:\ti\ccs901\ccs\tools\compiler\ti-cgt-arm_18.12.1.LTS\lib\</path>
         <kind>archive</kind>
         <file>rtsv7M4_T_le_v4SPD16_eabi.lib</file>
         <name>ull_div_t2.asm.obj</name>
      </input_file>
      <input_file id="fl-101">
         <path>C:\ti\ccs901\ccs\tools\compiler\ti-cgt-arm_18.12.1.LTS\lib\</path>
         <kind>archive</kind>
         <file>rtsv7M4_T_le_v4SPD16_eabi.lib</file>
         <name>fd_add_t2.asm.obj</name>
      </input_file>
      <input_file id="fl-102">
         <path>C:\ti\ccs901\ccs\tools\compiler\ti-cgt-arm_18.12.1.LTS\lib\</path>
         <kind>archive</kind>
         <file>rtsv7M4_T_le_v4SPD16_eabi.lib</file>
         <name>fd_cmp_t2.asm.obj</name>
      </input_file>
      <input_file id="fl-103">
         <path>C:\ti\ccs901\ccs\tools\compiler\ti-cgt-arm_18.12.1.LTS\lib\</path>
         <kind>archive</kind>
         <file>rtsv7M4_T_le_v4SPD16_eabi.lib</file>
         <name>fd_div_t2.asm.obj</name>
      </input_file>
      <input_file id="fl-104">
         <path>C:\ti\ccs901\ccs\tools\compiler\ti-cgt-arm_18.12.1.LTS\lib\</path>
         <kind>archive</kind>
         <file>rtsv7M4_T_le_v4SPD16_eabi.lib</file>
         <name>fd_mul_t2.asm.obj</name>
      </input_file>
      <input_file id="fl-105">
         <path>C:\ti\ccs901\ccs\tools\compiler\ti-cgt-arm_18.12.1.LTS\lib\</path>
         <kind>archive</kind>
         <file>rtsv7M4_T_le_v4SPD16_eabi.lib</file>
         <name>fd_toi_t2.asm.obj</name>
      </input_file>
      <input_file id="fl-106">
         <path>C:\ti\ccs901\ccs\tools\compiler\ti-cgt-arm_18.12.1.LTS\lib\</path>
         <kind>archive</kind>
         <file>rtsv7M4_T_le_v4SPD16_eabi.lib</file>
         <name>i_tofd_t2.asm.obj</name>
      </input_file>
      <input_file id="fl-107">
         <path>C:\ti\ccs901\ccs\tools\compiler\ti-cgt-arm_18.12.1.LTS\lib\</path>
         <kind>archive</kind>
         <file>rtsv7M4_T_le_v4SPD16_eabi.lib</file>
         <name>autoinit.c.obj</name>
      </input_file>
      <input_file id="fl-108">
         <path>C:\ti\ccs901\ccs\tools\compiler\ti-cgt-arm_18.12.1.LTS\lib\</path>
         <kind>archive</kind>
         <file>rtsv7M4_T_le_v4SPD16_eabi.lib</file>
         <name>pre_init.c.obj</name>
      </input_file>
      <input_file id="fl-109">
         <path>C:\ti\ccs901\ccs\tools\compiler\ti-cgt-arm_18.12.1.LTS\lib\</path>
         <kind>archive</kind>
         <file>rtsv7M4_T_le_v4SPD16_eabi.lib</file>
         <name>cpy_tbl.c.obj</name>
      </input_file>
      <input_file id="fl-10a">
         <path>C:\ti\ccs901\ccs\tools\compiler\ti-cgt-arm_18.12.1.LTS\lib\</path>
         <kind>archive</kind>
         <file>rtsv7M4_T_le_v4SPD16_eabi.lib</file>
         <name>exit.c.obj</name>
      </input_file>
      <input_file id="fl-10b">
         <path>C:\ti\ccs901\ccs\tools\compiler\ti-cgt-arm_18.12.1.LTS\lib\</path>
         <kind>archive</kind>
         <file>rtsv7M4_T_le_v4SPD16_eabi.lib</file>
         <name>_lock.c.obj</name>
      </input_file>
      <input_file id="fl-10c">
         <path>C:\ti\ccs901\ccs\tools\compiler\ti-cgt-arm_18.12.1.LTS\lib\</path>
         <kind>archive</kind>
         <file>rtsv7M4_T_le_v4SPD16_eabi.lib</file>
         <name>args_main.c.obj</name>
      </input_file>
      <input_file id="fl-10d">
         <path>C:\ti\ccs901\ccs\tools\compiler\ti-cgt-arm_18.12.1.LTS\lib\</path>
         <kind>archive</kind>
         <file>rtsv7M4_T_le_v4SPD16_eabi.lib</file>
         <name>atoi.c.obj</name>
      </input_file>
      <input_file id="fl-10e">
         <path>C:\ti\ccs901\ccs\tools\compiler\ti-cgt-arm_18.12.1.LTS\lib\</path>
         <kind>archive</kind>
         <file>rtsv7M4_T_le_v4SPD16_eabi.lib</file>
         <name>ctype.c.obj</name>
      </input_file>
      <input_file id="fl-10f">
         <path>C:\ti\ccs901\ccs\tools\compiler\ti-cgt-arm_18.12.1.LTS\lib\</path>
         <kind>archive</kind>
         <file>rtsv7M4_T_le_v4SPD16_eabi.lib</file>
         <name>ltoa.c.obj</name>
      </input_file>
      <input_file id="fl-110">
         <path>C:\ti\ccs901\ccs\tools\compiler\ti-cgt-arm_18.12.1.LTS\lib\</path>
         <kind>archive</kind>
         <file>rtsv7M4_T_le_v4SPD16_eabi.lib</file>
         <name>memccpy.c.obj</name>
      </input_file>
      <input_file id="fl-111">
         <path>C:\ti\ccs901\ccs\tools\compiler\ti-cgt-arm_18.12.1.LTS\lib\</path>
         <kind>archive</kind>
         <file>rtsv7M4_T_le_v4SPD16_eabi.lib</file>
         <name>strchr.c.obj</name>
      </input_file>
      <input_file id="fl-112">
         <path>C:\ti\ccs901\ccs\tools\compiler\ti-cgt-arm_18.12.1.LTS\lib\</path>
         <kind>archive</kind>
         <file>rtsv7M4_T_le_v4SPD16_eabi.lib</file>
         <name>errno.c.obj</name>
      </input_file>
      <input_file id="fl-113">
         <path>C:\ti\ccs901\ccs\tools\compiler\ti-cgt-arm_18.12.1.LTS\lib\</path>
         <kind>archive</kind>
         <file>rtsv7M4_T_le_v4SPD16_eabi.lib</file>
         <name>wcslen.c.obj</name>
      </input_file>
   </input_file_list>
   <object_component_list>
      <object_component id="oc-f">
         <name>.intvecs</name>
         <load_address>0x0</load_address>
         <run_address>0x0</run_address>
         <size>0x26c</size>
         <input_file_ref idref="fl-4"/>
      </object_component>
      <object_component id="oc-88">
         <name>.text</name>
         <load_address>0x26c</load_address>
         <run_address>0x26c</run_address>
         <size>0x147c</size>
         <input_file_ref idref="fl-a"/>
      </object_component>
      <object_component id="oc-102">
         <name>.text</name>
         <load_address>0x16e8</load_address>
         <run_address>0x16e8</run_address>
         <size>0xaa0</size>
         <input_file_ref idref="fl-28"/>
      </object_component>
      <object_component id="oc-2d6">
         <name>.text:__TI_printfi</name>
         <load_address>0x2188</load_address>
         <run_address>0x2188</run_address>
         <size>0xa4e</size>
         <input_file_ref idref="fl-fb"/>
      </object_component>
      <object_component id="oc-1cc">
         <name>.text</name>
         <load_address>0x2bd6</load_address>
         <run_address>0x2bd6</run_address>
         <size>0x2</size>
         <input_file_ref idref="fl-ff"/>
      </object_component>
      <object_component id="oc-9e">
         <name>.text</name>
         <load_address>0x2bd8</load_address>
         <run_address>0x2bd8</run_address>
         <size>0x8f0</size>
         <input_file_ref idref="fl-8"/>
      </object_component>
      <object_component id="oc-35">
         <name>.text</name>
         <load_address>0x34c8</load_address>
         <run_address>0x34c8</run_address>
         <size>0x7f4</size>
         <input_file_ref idref="fl-35"/>
      </object_component>
      <object_component id="oc-f0">
         <name>.text</name>
         <load_address>0x3cbc</load_address>
         <run_address>0x3cbc</run_address>
         <size>0x6a4</size>
         <input_file_ref idref="fl-1c"/>
      </object_component>
      <object_component id="oc-3b">
         <name>.text</name>
         <load_address>0x4360</load_address>
         <run_address>0x4360</run_address>
         <size>0x5e8</size>
         <input_file_ref idref="fl-2"/>
      </object_component>
      <object_component id="oc-17a">
         <name>.text</name>
         <load_address>0x4948</load_address>
         <run_address>0x4948</run_address>
         <size>0x4dc</size>
         <input_file_ref idref="fl-b"/>
      </object_component>
      <object_component id="oc-e4">
         <name>.text</name>
         <load_address>0x4e24</load_address>
         <run_address>0x4e24</run_address>
         <size>0x39c</size>
         <input_file_ref idref="fl-23"/>
      </object_component>
      <object_component id="oc-2cb">
         <name>.text</name>
         <load_address>0x51c0</load_address>
         <run_address>0x51c0</run_address>
         <size>0x304</size>
         <input_file_ref idref="fl-2b"/>
      </object_component>
      <object_component id="oc-a4">
         <name>.text</name>
         <load_address>0x54c4</load_address>
         <run_address>0x54c4</run_address>
         <size>0x2f8</size>
         <input_file_ref idref="fl-2c"/>
      </object_component>
      <object_component id="oc-f6">
         <name>.text</name>
         <load_address>0x57bc</load_address>
         <run_address>0x57bc</run_address>
         <size>0x2a4</size>
         <input_file_ref idref="fl-1f"/>
      </object_component>
      <object_component id="oc-de">
         <name>.text</name>
         <load_address>0x5a60</load_address>
         <run_address>0x5a60</run_address>
         <size>0x280</size>
         <input_file_ref idref="fl-6"/>
      </object_component>
      <object_component id="oc-394">
         <name>.text:_pconv_a</name>
         <load_address>0x5ce0</load_address>
         <run_address>0x5ce0</run_address>
         <size>0x270</size>
         <input_file_ref idref="fl-fb"/>
      </object_component>
      <object_component id="oc-382">
         <name>.text:_pconv_g</name>
         <load_address>0x5f50</load_address>
         <run_address>0x5f50</run_address>
         <size>0x1d0</size>
         <input_file_ref idref="fl-fb"/>
      </object_component>
      <object_component id="oc-164">
         <name>.text</name>
         <load_address>0x6120</load_address>
         <run_address>0x6120</run_address>
         <size>0x1b8</size>
         <input_file_ref idref="fl-e"/>
      </object_component>
      <object_component id="oc-410">
         <name>.text</name>
         <load_address>0x62d8</load_address>
         <run_address>0x62d8</run_address>
         <size>0x1b6</size>
         <input_file_ref idref="fl-101"/>
      </object_component>
      <object_component id="oc-38e">
         <name>.text:_pconv_e</name>
         <load_address>0x6490</load_address>
         <run_address>0x6490</run_address>
         <size>0x13c</size>
         <input_file_ref idref="fl-fb"/>
      </object_component>
      <object_component id="oc-3f6">
         <name>.text</name>
         <load_address>0x65cc</load_address>
         <run_address>0x65cc</run_address>
         <size>0x136</size>
         <input_file_ref idref="fl-103"/>
      </object_component>
      <object_component id="oc-422">
         <name>.text:fcvt</name>
         <load_address>0x6704</load_address>
         <run_address>0x6704</run_address>
         <size>0x124</size>
         <input_file_ref idref="fl-fb"/>
      </object_component>
      <object_component id="oc-436">
         <name>.text:scalbn</name>
         <load_address>0x6828</load_address>
         <run_address>0x6828</run_address>
         <size>0x110</size>
         <input_file_ref idref="fl-fd"/>
      </object_component>
      <object_component id="oc-2f">
         <name>.text</name>
         <load_address>0x6938</load_address>
         <run_address>0x6938</run_address>
         <size>0x104</size>
         <input_file_ref idref="fl-c"/>
      </object_component>
      <object_component id="oc-3f1">
         <name>.text</name>
         <load_address>0x6a3c</load_address>
         <run_address>0x6a3c</run_address>
         <size>0xfc</size>
         <input_file_ref idref="fl-104"/>
      </object_component>
      <object_component id="oc-108">
         <name>.text</name>
         <load_address>0x6b38</load_address>
         <run_address>0x6b38</run_address>
         <size>0xf8</size>
         <input_file_ref idref="fl-30"/>
      </object_component>
      <object_component id="oc-2a">
         <name>.text</name>
         <load_address>0x6c30</load_address>
         <run_address>0x6c30</run_address>
         <size>0xda</size>
         <input_file_ref idref="fl-d"/>
      </object_component>
      <object_component id="oc-ea">
         <name>.text</name>
         <load_address>0x6d0c</load_address>
         <run_address>0x6d0c</run_address>
         <size>0xd0</size>
         <input_file_ref idref="fl-3"/>
      </object_component>
      <object_component id="oc-377">
         <name>.text:_ltostr</name>
         <load_address>0x6ddc</load_address>
         <run_address>0x6ddc</run_address>
         <size>0xb1</size>
         <input_file_ref idref="fl-fb"/>
      </object_component>
      <object_component id="oc-4f">
         <name>.text</name>
         <load_address>0x6e8e</load_address>
         <run_address>0x6e8e</run_address>
         <size>0x9c</size>
         <input_file_ref idref="fl-f1"/>
      </object_component>
      <object_component id="oc-3ea">
         <name>.text</name>
         <load_address>0x6f2a</load_address>
         <run_address>0x6f2a</run_address>
         <size>0x96</size>
         <input_file_ref idref="fl-100"/>
      </object_component>
      <object_component id="oc-152">
         <name>.text</name>
         <load_address>0x6fc0</load_address>
         <run_address>0x6fc0</run_address>
         <size>0x94</size>
         <input_file_ref idref="fl-7"/>
      </object_component>
      <object_component id="oc-37d">
         <name>.text:__aeabi_cdcmple</name>
         <load_address>0x7054</load_address>
         <run_address>0x7054</run_address>
         <size>0x86</size>
         <input_file_ref idref="fl-102"/>
      </object_component>
      <object_component id="oc-3fb">
         <name>.text:__aeabi_cdrcmple</name>
         <load_address>0x70da</load_address>
         <run_address>0x70da</run_address>
         <size>0x86</size>
         <input_file_ref idref="fl-102"/>
      </object_component>
      <object_component id="oc-130">
         <name>.text</name>
         <load_address>0x7160</load_address>
         <run_address>0x7160</run_address>
         <size>0x7a</size>
         <input_file_ref idref="fl-f3"/>
      </object_component>
      <object_component id="oc-41b">
         <name>.text:_mcpy</name>
         <load_address>0x71da</load_address>
         <run_address>0x71da</run_address>
         <size>0x6e</size>
         <input_file_ref idref="fl-fb"/>
      </object_component>
      <object_component id="oc-12">
         <name>.text:decompress:lzss:__TI_decompress_lzss</name>
         <load_address>0x7248</load_address>
         <run_address>0x7248</run_address>
         <size>0x68</size>
         <input_file_ref idref="fl-f6"/>
      </object_component>
      <object_component id="oc-180">
         <name>.text</name>
         <load_address>0x72b0</load_address>
         <run_address>0x72b0</run_address>
         <size>0x64</size>
         <input_file_ref idref="fl-32"/>
      </object_component>
      <object_component id="oc-430">
         <name>.text:frexp</name>
         <load_address>0x7314</load_address>
         <run_address>0x7314</run_address>
         <size>0x64</size>
         <input_file_ref idref="fl-fc"/>
      </object_component>
      <object_component id="oc-388">
         <name>.text:_pconv_f</name>
         <load_address>0x7378</load_address>
         <run_address>0x7378</run_address>
         <size>0x56</size>
         <input_file_ref idref="fl-fb"/>
      </object_component>
      <object_component id="oc-405">
         <name>.text:ltoa</name>
         <load_address>0x73ce</load_address>
         <run_address>0x73ce</run_address>
         <size>0x54</size>
         <input_file_ref idref="fl-10f"/>
      </object_component>
      <object_component id="oc-415">
         <name>.text:_ecpy</name>
         <load_address>0x7422</load_address>
         <run_address>0x7422</run_address>
         <size>0x52</size>
         <input_file_ref idref="fl-fb"/>
      </object_component>
      <object_component id="oc-371">
         <name>.text:atoi</name>
         <load_address>0x7474</load_address>
         <run_address>0x7474</run_address>
         <size>0x4c</size>
         <input_file_ref idref="fl-10d"/>
      </object_component>
      <object_component id="oc-400">
         <name>.text</name>
         <load_address>0x74c0</load_address>
         <run_address>0x74c0</run_address>
         <size>0x48</size>
         <input_file_ref idref="fl-105"/>
      </object_component>
      <object_component id="oc-25f">
         <name>.text:__TI_auto_init_nobinit_nopinit:__TI_auto_init_nobinit_nopinit</name>
         <load_address>0x7508</load_address>
         <run_address>0x7508</run_address>
         <size>0x44</size>
         <input_file_ref idref="fl-107"/>
      </object_component>
      <object_component id="oc-aa">
         <name>.text</name>
         <load_address>0x754c</load_address>
         <run_address>0x754c</run_address>
         <size>0x40</size>
         <input_file_ref idref="fl-f2"/>
      </object_component>
      <object_component id="oc-192">
         <name>.text:sprintf</name>
         <load_address>0x758c</load_address>
         <run_address>0x758c</run_address>
         <size>0x40</size>
         <input_file_ref idref="fl-ef"/>
      </object_component>
      <object_component id="oc-428">
         <name>.text:_fcpy</name>
         <load_address>0x75cc</load_address>
         <run_address>0x75cc</run_address>
         <size>0x3e</size>
         <input_file_ref idref="fl-fb"/>
      </object_component>
      <object_component id="oc-d8">
         <name>.text</name>
         <load_address>0x760a</load_address>
         <run_address>0x760a</run_address>
         <size>0x36</size>
         <input_file_ref idref="fl-13"/>
      </object_component>
      <object_component id="oc-6d">
         <name>.text:_c_int00_noargs:_c_int00_noargs</name>
         <load_address>0x7640</load_address>
         <run_address>0x7640</run_address>
         <size>0x34</size>
         <input_file_ref idref="fl-fa"/>
      </object_component>
      <object_component id="oc-40b">
         <name>.text</name>
         <load_address>0x7674</load_address>
         <run_address>0x7674</run_address>
         <size>0x2e</size>
         <input_file_ref idref="fl-106"/>
      </object_component>
      <object_component id="oc-16a">
         <name>.text:GetOverflowCounts</name>
         <load_address>0x76a4</load_address>
         <run_address>0x76a4</run_address>
         <size>0x24</size>
         <input_file_ref idref="fl-32"/>
      </object_component>
      <object_component id="oc-39a">
         <name>.text:memccpy</name>
         <load_address>0x76c8</load_address>
         <run_address>0x76c8</run_address>
         <size>0x1c</size>
         <input_file_ref idref="fl-110"/>
      </object_component>
      <object_component id="oc-48a">
         <name>.text:copysign</name>
         <load_address>0x76e4</load_address>
         <run_address>0x76e4</run_address>
         <size>0x1a</size>
         <input_file_ref idref="fl-fe"/>
      </object_component>
      <object_component id="oc-2dc">
         <name>.text:_outs</name>
         <load_address>0x76fe</load_address>
         <run_address>0x76fe</run_address>
         <size>0x18</size>
         <input_file_ref idref="fl-ef"/>
      </object_component>
      <object_component id="oc-43c">
         <name>.text:strchr</name>
         <load_address>0x7716</load_address>
         <run_address>0x7716</run_address>
         <size>0x16</size>
         <input_file_ref idref="fl-111"/>
      </object_component>
      <object_component id="oc-186">
         <name>.text:strcpy</name>
         <load_address>0x772c</load_address>
         <run_address>0x772c</run_address>
         <size>0x14</size>
         <input_file_ref idref="fl-f8"/>
      </object_component>
      <object_component id="oc-18c">
         <name>.text:strlen</name>
         <load_address>0x7740</load_address>
         <run_address>0x7740</run_address>
         <size>0x14</size>
         <input_file_ref idref="fl-f9"/>
      </object_component>
      <object_component id="oc-3a0">
         <name>.text:wcslen</name>
         <load_address>0x7754</load_address>
         <run_address>0x7754</run_address>
         <size>0x12</size>
         <input_file_ref idref="fl-113"/>
      </object_component>
      <object_component id="oc-18">
         <name>.text:decompress:none:__TI_decompress_none</name>
         <load_address>0x7766</load_address>
         <run_address>0x7766</run_address>
         <size>0xe</size>
         <input_file_ref idref="fl-f5"/>
      </object_component>
      <object_component id="oc-61">
         <name>.text:decompress:ZI:__TI_zero_init</name>
         <load_address>0x7774</load_address>
         <run_address>0x7774</run_address>
         <size>0xc</size>
         <input_file_ref idref="fl-f4"/>
      </object_component>
      <object_component id="oc-24">
         <name>.text</name>
         <load_address>0x7780</load_address>
         <run_address>0x7780</run_address>
         <size>0xc</size>
         <input_file_ref idref="fl-4"/>
      </object_component>
      <object_component id="oc-2e2">
         <name>.text:_outc</name>
         <load_address>0x778c</load_address>
         <run_address>0x778c</run_address>
         <size>0xa</size>
         <input_file_ref idref="fl-ef"/>
      </object_component>
      <object_component id="oc-3a6">
         <name>.text:__aeabi_errno_addr</name>
         <load_address>0x7798</load_address>
         <run_address>0x7798</run_address>
         <size>0x8</size>
         <input_file_ref idref="fl-112"/>
      </object_component>
      <object_component id="oc-232">
         <name>.text:SysCtlDelay</name>
         <load_address>0x77a0</load_address>
         <run_address>0x77a0</run_address>
         <size>0x6</size>
         <input_file_ref idref="fl-28"/>
      </object_component>
      <object_component id="oc-136">
         <name>.text:_system_pre_init</name>
         <load_address>0x77a6</load_address>
         <run_address>0x77a6</run_address>
         <size>0x4</size>
         <input_file_ref idref="fl-108"/>
      </object_component>
      <object_component id="oc-253">
         <name>.text:abort:abort</name>
         <load_address>0x77aa</load_address>
         <run_address>0x77aa</run_address>
         <size>0x4</size>
         <input_file_ref idref="fl-10a"/>
      </object_component>
      <object_component id="oc-239">
         <name>.const:g_pppui32XTALtoVCO</name>
         <load_address>0x77b0</load_address>
         <run_address>0x77b0</run_address>
         <size>0x1b0</size>
         <input_file_ref idref="fl-28"/>
      </object_component>
      <object_component id="oc-3e5">
         <name>.const:.string:_ctypes_</name>
         <load_address>0x7960</load_address>
         <run_address>0x7960</run_address>
         <size>0x101</size>
         <input_file_ref idref="fl-10e"/>
      </object_component>
      <object_component id="oc-200">
         <name>.const:g_ppui32GPIOIntMapSnowflake</name>
         <load_address>0x7a64</load_address>
         <run_address>0x7a64</run_address>
         <size>0xd8</size>
         <input_file_ref idref="fl-1c"/>
      </object_component>
      <object_component id="oc-1fd">
         <name>.const:g_ppui32GPIOIntMapBlizzard</name>
         <load_address>0x7b3c</load_address>
         <run_address>0x7b3c</run_address>
         <size>0xc0</size>
         <input_file_ref idref="fl-1c"/>
      </object_component>
      <object_component id="oc-208">
         <name>.const:g_pui32Regs</name>
         <load_address>0x7bfc</load_address>
         <run_address>0x7bfc</run_address>
         <size>0x9c</size>
         <input_file_ref idref="fl-1f"/>
      </object_component>
      <object_component id="oc-1fa">
         <name>.const:g_pui32GPIOBaseAddrs</name>
         <load_address>0x7c98</load_address>
         <run_address>0x7c98</run_address>
         <size>0x90</size>
         <input_file_ref idref="fl-1c"/>
      </object_component>
      <object_component id="oc-22f">
         <name>.const:g_pui32Xtals</name>
         <load_address>0x7d28</load_address>
         <run_address>0x7d28</run_address>
         <size>0x6c</size>
         <input_file_ref idref="fl-28"/>
      </object_component>
      <object_component id="oc-365">
         <name>.const:g_ppui32TimerIntMap</name>
         <load_address>0x7d94</load_address>
         <run_address>0x7d94</run_address>
         <size>0x60</size>
         <input_file_ref idref="fl-2b"/>
      </object_component>
      <object_component id="oc-368">
         <name>.const:g_ppui32TimerIntMapSnowflake</name>
         <load_address>0x7df4</load_address>
         <run_address>0x7df4</run_address>
         <size>0x40</size>
         <input_file_ref idref="fl-2b"/>
      </object_component>
      <object_component id="oc-1bf">
         <name>.const:g_ppui32UARTIntMap</name>
         <load_address>0x7e34</load_address>
         <run_address>0x7e34</run_address>
         <size>0x40</size>
         <input_file_ref idref="fl-2c"/>
      </object_component>
      <object_component id="oc-1c2">
         <name>.const:g_ppui32UARTIntMapSnowflake</name>
         <load_address>0x7e74</load_address>
         <run_address>0x7e74</run_address>
         <size>0x40</size>
         <input_file_ref idref="fl-2c"/>
      </object_component>
      <object_component id="oc-233">
         <name>.const:g_sXTALtoMEMTIM</name>
         <load_address>0x7eb4</load_address>
         <run_address>0x7eb4</run_address>
         <size>0x30</size>
         <input_file_ref idref="fl-28"/>
      </object_component>
      <object_component id="oc-20b">
         <name>.const:g_pui32Priority</name>
         <load_address>0x7ee4</load_address>
         <run_address>0x7ee4</run_address>
         <size>0x20</size>
         <input_file_ref idref="fl-1f"/>
      </object_component>
      <object_component id="oc-217">
         <name>.const:g_pui32Dii16Regs</name>
         <load_address>0x7f04</load_address>
         <run_address>0x7f04</run_address>
         <size>0x14</size>
         <input_file_ref idref="fl-1f"/>
      </object_component>
      <object_component id="oc-214">
         <name>.const:g_pui32EnRegs</name>
         <load_address>0x7f18</load_address>
         <run_address>0x7f18</run_address>
         <size>0x14</size>
         <input_file_ref idref="fl-1f"/>
      </object_component>
      <object_component id="oc-20e">
         <name>.const:g_pui32PendRegs</name>
         <load_address>0x7f2c</load_address>
         <run_address>0x7f2c</run_address>
         <size>0x14</size>
         <input_file_ref idref="fl-1f"/>
      </object_component>
      <object_component id="oc-211">
         <name>.const:g_pui32UnpendRegs</name>
         <load_address>0x7f40</load_address>
         <run_address>0x7f40</run_address>
         <size>0x14</size>
         <input_file_ref idref="fl-1f"/>
      </object_component>
      <object_component id="oc-1db">
         <name>.const:.string</name>
         <load_address>0x7f54</load_address>
         <run_address>0x7f54</run_address>
         <size>0x12</size>
         <input_file_ref idref="fl-35"/>
      </object_component>
      <object_component id="oc-be">
         <name>.const:g_ui32UARTBase</name>
         <load_address>0x7f68</load_address>
         <run_address>0x7f68</run_address>
         <size>0xc</size>
         <input_file_ref idref="fl-35"/>
      </object_component>
      <object_component id="oc-c4">
         <name>.const:g_ui32UARTInt</name>
         <load_address>0x7f74</load_address>
         <run_address>0x7f74</run_address>
         <size>0xc</size>
         <input_file_ref idref="fl-35"/>
      </object_component>
      <object_component id="oc-c1">
         <name>.const:g_ui32UARTPeriph</name>
         <load_address>0x7f80</load_address>
         <run_address>0x7f80</run_address>
         <size>0xc</size>
         <input_file_ref idref="fl-35"/>
      </object_component>
      <object_component id="oc-236">
         <name>.const:g_pui32VCOFrequencies</name>
         <load_address>0x7f8c</load_address>
         <run_address>0x7f8c</run_address>
         <size>0x8</size>
         <input_file_ref idref="fl-28"/>
      </object_component>
      <object_component id="oc-85">
         <name>.const</name>
         <load_address>0x7f94</load_address>
         <run_address>0x7f94</run_address>
         <size>0x4</size>
         <input_file_ref idref="fl-c"/>
      </object_component>
      <object_component id="oc-b5">
         <name>.const</name>
         <load_address>0x7f98</load_address>
         <run_address>0x7f98</run_address>
         <size>0x4</size>
         <input_file_ref idref="fl-35"/>
      </object_component>
      <object_component id="oc-4e0">
         <name>.cinit..data.load</name>
         <load_address>0x7fa0</load_address>
         <run_address>0x7fa0</run_address>
         <size>0x18</size>
      </object_component>
      <object_component id="oc-4dd">
         <name>__TI_handler_table</name>
         <load_address>0x7fb8</load_address>
         <run_address>0x7fb8</run_address>
         <size>0xc</size>
      </object_component>
      <object_component id="oc-4e1">
         <name>.cinit..bss.load</name>
         <load_address>0x7fc8</load_address>
         <run_address>0x7fc8</run_address>
         <size>0x8</size>
      </object_component>
      <object_component id="oc-4df">
         <name>.cinit..vtable.load</name>
         <load_address>0x7fd0</load_address>
         <run_address>0x7fd0</run_address>
         <size>0x8</size>
      </object_component>
      <object_component id="oc-4de">
         <name>__TI_cinit_table</name>
         <load_address>0x7fd8</load_address>
         <run_address>0x7fd8</run_address>
         <size>0x18</size>
      </object_component>
      <object_component id="oc-205">
         <name>.vtable</name>
         <uninitialized>true</uninitialized>
         <run_address>0x20000000</run_address>
         <size>0x26c</size>
         <input_file_ref idref="fl-1f"/>
      </object_component>
      <object_component id="oc-ff">
         <name>.data</name>
         <load_address>0x20005f47</load_address>
         <run_address>0x20005f47</run_address>
         <size>0x1</size>
         <input_file_ref idref="fl-2"/>
      </object_component>
      <object_component id="oc-82">
         <name>.data</name>
         <load_address>0x20005ed8</load_address>
         <run_address>0x20005ed8</run_address>
         <size>0x3c</size>
         <input_file_ref idref="fl-a"/>
      </object_component>
      <object_component id="oc-2b3">
         <name>.data</name>
         <load_address>0x20005f24</load_address>
         <run_address>0x20005f24</run_address>
         <size>0xc</size>
         <input_file_ref idref="fl-b"/>
      </object_component>
      <object_component id="oc-8f">
         <name>.data</name>
         <load_address>0x20005f3c</load_address>
         <run_address>0x20005f3c</run_address>
         <size>0x4</size>
         <input_file_ref idref="fl-c"/>
      </object_component>
      <object_component id="oc-2a2">
         <name>.data</name>
         <load_address>0x20005f14</load_address>
         <run_address>0x20005f14</run_address>
         <size>0x10</size>
         <input_file_ref idref="fl-e"/>
      </object_component>
      <object_component id="oc-23e">
         <name>.data</name>
         <load_address>0x20005f44</load_address>
         <run_address>0x20005f44</run_address>
         <size>0x3</size>
         <input_file_ref idref="fl-30"/>
      </object_component>
      <object_component id="oc-af">
         <name>.data</name>
         <load_address>0x20005f30</load_address>
         <run_address>0x20005f30</run_address>
         <size>0xc</size>
         <input_file_ref idref="fl-35"/>
      </object_component>
      <object_component id="oc-44c">
         <name>.data</name>
         <load_address>0x20005f40</load_address>
         <run_address>0x20005f40</run_address>
         <size>0x4</size>
         <input_file_ref idref="fl-112"/>
      </object_component>
      <object_component id="oc-161">
         <name>.bss:pxReadyTasksLists</name>
         <uninitialized>true</uninitialized>
         <run_address>0x2000546c</run_address>
         <size>0x140</size>
         <input_file_ref idref="fl-a"/>
      </object_component>
      <object_component id="oc-171">
         <name>.bss:xDelayedTaskList1</name>
         <uninitialized>true</uninitialized>
         <run_address>0x20005644</run_address>
         <size>0x14</size>
         <input_file_ref idref="fl-a"/>
      </object_component>
      <object_component id="oc-174">
         <name>.bss:xDelayedTaskList2</name>
         <uninitialized>true</uninitialized>
         <run_address>0x20005658</run_address>
         <size>0x14</size>
         <input_file_ref idref="fl-a"/>
      </object_component>
      <object_component id="oc-15e">
         <name>.bss</name>
         <uninitialized>true</uninitialized>
         <run_address>0x200056b8</run_address>
         <size>0x8</size>
         <input_file_ref idref="fl-a"/>
      </object_component>
      <object_component id="oc-15b">
         <name>.bss:xPendingReadyList</name>
         <uninitialized>true</uninitialized>
         <run_address>0x2000566c</run_address>
         <size>0x14</size>
         <input_file_ref idref="fl-a"/>
      </object_component>
      <object_component id="oc-177">
         <name>.bss:xTasksWaitingTermination</name>
         <uninitialized>true</uninitialized>
         <run_address>0x20005694</run_address>
         <size>0x14</size>
         <input_file_ref idref="fl-a"/>
      </object_component>
      <object_component id="oc-158">
         <name>.bss:xSuspendedTaskList</name>
         <uninitialized>true</uninitialized>
         <run_address>0x20005680</run_address>
         <size>0x14</size>
         <input_file_ref idref="fl-a"/>
      </object_component>
      <object_component id="oc-2b6">
         <name>.bss:xActiveTimerList1</name>
         <uninitialized>true</uninitialized>
         <run_address>0x2000561c</run_address>
         <size>0x14</size>
         <input_file_ref idref="fl-b"/>
      </object_component>
      <object_component id="oc-2b9">
         <name>.bss:xActiveTimerList2</name>
         <uninitialized>true</uninitialized>
         <run_address>0x20005630</run_address>
         <size>0x14</size>
         <input_file_ref idref="fl-b"/>
      </object_component>
      <object_component id="oc-2bc">
         <name>.bss</name>
         <uninitialized>true</uninitialized>
         <run_address>0x200056c0</run_address>
         <size>0x8</size>
         <input_file_ref idref="fl-b"/>
      </object_component>
      <object_component id="oc-2a8">
         <name>.bss:ucHeap</name>
         <uninitialized>true</uninitialized>
         <run_address>0x2000026c</run_address>
         <size>0x5000</size>
         <input_file_ref idref="fl-e"/>
      </object_component>
      <object_component id="oc-2a5">
         <name>.bss:xStart</name>
         <uninitialized>true</uninitialized>
         <run_address>0x200056c8</run_address>
         <size>0x8</size>
         <input_file_ref idref="fl-e"/>
      </object_component>
      <object_component id="oc-b2">
         <name>.bss</name>
         <uninitialized>true</uninitialized>
         <run_address>0x200056a8</run_address>
         <size>0x10</size>
         <input_file_ref idref="fl-35"/>
      </object_component>
      <object_component id="oc-b8">
         <name>.bss:g_pcUARTRxHistoryBuffer</name>
         <uninitialized>true</uninitialized>
         <run_address>0x2000526c</run_address>
         <size>0x200</size>
         <input_file_ref idref="fl-35"/>
      </object_component>
      <object_component id="oc-bb">
         <name>.bss:g_usUARTRxHistoryOffset</name>
         <uninitialized>true</uninitialized>
         <run_address>0x200055fc</run_address>
         <size>0x20</size>
         <input_file_ref idref="fl-35"/>
      </object_component>
      <object_component id="oc-fc">
         <name>.common:FlagsEventos</name>
         <uninitialized>true</uninitialized>
         <run_address>0x200056d0</run_address>
         <size>0x4</size>
      </object_component>
      <object_component id="oc-1b6">
         <name>.common:xQueueRegistry</name>
         <uninitialized>true</uninitialized>
         <run_address>0x200055ac</run_address>
         <size>0x50</size>
      </object_component>
      <object_component id="oc-21">
         <name>.stack</name>
         <uninitialized>true</uninitialized>
         <run_address>0x200056d8</run_address>
         <size>0x4</size>
         <input_file_ref idref="fl-fa"/>
      </object_component>
      <object_component id="oc-4e2">
         <name>.stack</name>
         <uninitialized>true</uninitialized>
         <run_address>0x200056d8</run_address>
         <size>0x0</size>
      </object_component>
      <object_component id="oc-fd">
         <name>.debug_info</name>
         <load_address>0x0</load_address>
         <run_address>0x0</run_address>
         <size>0xab2</size>
         <input_file_ref idref="fl-2"/>
      </object_component>
      <object_component id="oc-100">
         <name>.debug_info</name>
         <load_address>0xab2</load_address>
         <run_address>0xab2</run_address>
         <size>0xdd</size>
         <input_file_ref idref="fl-2"/>
      </object_component>
      <object_component id="oc-3c">
         <name>.debug_info</name>
         <load_address>0xb8f</load_address>
         <run_address>0xb8f</run_address>
         <size>0xc33</size>
         <input_file_ref idref="fl-2"/>
      </object_component>
      <object_component id="oc-1a7">
         <name>.debug_info</name>
         <load_address>0x17c2</load_address>
         <run_address>0x17c2</run_address>
         <size>0x315</size>
         <input_file_ref idref="fl-2"/>
      </object_component>
      <object_component id="oc-116">
         <name>.debug_info</name>
         <load_address>0x1ad7</load_address>
         <run_address>0x1ad7</run_address>
         <size>0x26b</size>
         <input_file_ref idref="fl-2"/>
      </object_component>
      <object_component id="oc-199">
         <name>.debug_info</name>
         <load_address>0x1d42</load_address>
         <run_address>0x1d42</run_address>
         <size>0x110</size>
         <input_file_ref idref="fl-2"/>
      </object_component>
      <object_component id="oc-223">
         <name>.debug_info</name>
         <load_address>0x1e52</load_address>
         <run_address>0x1e52</run_address>
         <size>0x476</size>
         <input_file_ref idref="fl-2"/>
      </object_component>
      <object_component id="oc-10f">
         <name>.debug_info</name>
         <load_address>0x22c8</load_address>
         <run_address>0x22c8</run_address>
         <size>0x42</size>
         <input_file_ref idref="fl-2"/>
      </object_component>
      <object_component id="oc-1d6">
         <name>.debug_info</name>
         <load_address>0x230a</load_address>
         <run_address>0x230a</run_address>
         <size>0x4f</size>
         <input_file_ref idref="fl-2"/>
      </object_component>
      <object_component id="oc-228">
         <name>.debug_info</name>
         <load_address>0x2359</load_address>
         <run_address>0x2359</run_address>
         <size>0x2c</size>
         <input_file_ref idref="fl-2"/>
      </object_component>
      <object_component id="oc-cd">
         <name>.debug_info</name>
         <load_address>0x2385</load_address>
         <run_address>0x2385</run_address>
         <size>0x8b</size>
         <input_file_ref idref="fl-2"/>
      </object_component>
      <object_component id="oc-94">
         <name>.debug_info</name>
         <load_address>0x2410</load_address>
         <run_address>0x2410</run_address>
         <size>0x2c</size>
         <input_file_ref idref="fl-2"/>
      </object_component>
      <object_component id="oc-21e">
         <name>.debug_info</name>
         <load_address>0x243c</load_address>
         <run_address>0x243c</run_address>
         <size>0x4f</size>
         <input_file_ref idref="fl-2"/>
      </object_component>
      <object_component id="oc-1e8">
         <name>.debug_info</name>
         <load_address>0x248b</load_address>
         <run_address>0x248b</run_address>
         <size>0x297</size>
         <input_file_ref idref="fl-2"/>
      </object_component>
      <object_component id="oc-1c6">
         <name>.debug_info</name>
         <load_address>0x2722</load_address>
         <run_address>0x2722</run_address>
         <size>0xef</size>
         <input_file_ref idref="fl-2"/>
      </object_component>
      <object_component id="oc-c8">
         <name>.debug_info</name>
         <load_address>0x2811</load_address>
         <run_address>0x2811</run_address>
         <size>0xbb</size>
         <input_file_ref idref="fl-2"/>
      </object_component>
      <object_component id="oc-99">
         <name>.debug_info</name>
         <load_address>0x28cc</load_address>
         <run_address>0x28cc</run_address>
         <size>0x53</size>
         <input_file_ref idref="fl-2"/>
      </object_component>
      <object_component id="oc-d3">
         <name>.debug_info</name>
         <load_address>0x291f</load_address>
         <run_address>0x291f</run_address>
         <size>0x2c</size>
         <input_file_ref idref="fl-2"/>
      </object_component>
      <object_component id="oc-1ac">
         <name>.debug_info</name>
         <load_address>0x294b</load_address>
         <run_address>0x294b</run_address>
         <size>0x14c</size>
         <input_file_ref idref="fl-2"/>
      </object_component>
      <object_component id="oc-2ea">
         <name>.debug_info</name>
         <load_address>0x2a97</load_address>
         <run_address>0x2a97</run_address>
         <size>0x3d2</size>
         <input_file_ref idref="fl-3"/>
      </object_component>
      <object_component id="oc-ec">
         <name>.debug_info</name>
         <load_address>0x2e69</load_address>
         <run_address>0x2e69</run_address>
         <size>0x249</size>
         <input_file_ref idref="fl-3"/>
      </object_component>
      <object_component id="oc-1b1">
         <name>.debug_info</name>
         <load_address>0x30b2</load_address>
         <run_address>0x30b2</run_address>
         <size>0x476</size>
         <input_file_ref idref="fl-3"/>
      </object_component>
      <object_component id="oc-4a">
         <name>.debug_info</name>
         <load_address>0x3528</load_address>
         <run_address>0x3528</run_address>
         <size>0x84</size>
         <input_file_ref idref="fl-3"/>
      </object_component>
      <object_component id="oc-1a2">
         <name>.debug_info</name>
         <load_address>0x35ac</load_address>
         <run_address>0x35ac</run_address>
         <size>0x53</size>
         <input_file_ref idref="fl-3"/>
      </object_component>
      <object_component id="oc-43">
         <name>.debug_info</name>
         <load_address>0x35ff</load_address>
         <run_address>0x35ff</run_address>
         <size>0x371</size>
         <input_file_ref idref="fl-4"/>
      </object_component>
      <object_component id="oc-10">
         <name>.debug_info</name>
         <load_address>0x3970</load_address>
         <run_address>0x3970</run_address>
         <size>0xdc</size>
         <input_file_ref idref="fl-4"/>
      </object_component>
      <object_component id="oc-25">
         <name>.debug_info</name>
         <load_address>0x3a4c</load_address>
         <run_address>0x3a4c</run_address>
         <size>0x1f0</size>
         <input_file_ref idref="fl-4"/>
      </object_component>
      <object_component id="oc-1f6">
         <name>.debug_info</name>
         <load_address>0x3c3c</load_address>
         <run_address>0x3c3c</run_address>
         <size>0x6d6</size>
         <input_file_ref idref="fl-6"/>
      </object_component>
      <object_component id="oc-df">
         <name>.debug_info</name>
         <load_address>0x4312</load_address>
         <run_address>0x4312</run_address>
         <size>0x1736</size>
         <input_file_ref idref="fl-6"/>
      </object_component>
      <object_component id="oc-2fb">
         <name>.debug_info</name>
         <load_address>0x5a48</load_address>
         <run_address>0x5a48</run_address>
         <size>0x76</size>
         <input_file_ref idref="fl-6"/>
      </object_component>
      <object_component id="oc-1f1">
         <name>.debug_info</name>
         <load_address>0x5abe</load_address>
         <run_address>0x5abe</run_address>
         <size>0x39</size>
         <input_file_ref idref="fl-6"/>
      </object_component>
      <object_component id="oc-299">
         <name>.debug_info</name>
         <load_address>0x5af7</load_address>
         <run_address>0x5af7</run_address>
         <size>0x366</size>
         <input_file_ref idref="fl-7"/>
      </object_component>
      <object_component id="oc-155">
         <name>.debug_info</name>
         <load_address>0x5e5d</load_address>
         <run_address>0x5e5d</run_address>
         <size>0x4e7</size>
         <input_file_ref idref="fl-7"/>
      </object_component>
      <object_component id="oc-1b7">
         <name>.debug_info</name>
         <load_address>0x6344</load_address>
         <run_address>0x6344</run_address>
         <size>0x8cb</size>
         <input_file_ref idref="fl-8"/>
      </object_component>
      <object_component id="oc-a1">
         <name>.debug_info</name>
         <load_address>0x6c0f</load_address>
         <run_address>0x6c0f</run_address>
         <size>0x353d</size>
         <input_file_ref idref="fl-8"/>
      </object_component>
      <object_component id="oc-2ed">
         <name>.debug_info</name>
         <load_address>0xa14c</load_address>
         <run_address>0xa14c</run_address>
         <size>0x23f</size>
         <input_file_ref idref="fl-8"/>
      </object_component>
      <object_component id="oc-1ba">
         <name>.debug_info</name>
         <load_address>0xa38b</load_address>
         <run_address>0xa38b</run_address>
         <size>0x46</size>
         <input_file_ref idref="fl-8"/>
      </object_component>
      <object_component id="oc-24a">
         <name>.debug_info</name>
         <load_address>0xa3d1</load_address>
         <run_address>0xa3d1</run_address>
         <size>0x2c</size>
         <input_file_ref idref="fl-9"/>
      </object_component>
      <object_component id="oc-14a">
         <name>.debug_info</name>
         <load_address>0xa3fd</load_address>
         <run_address>0xa3fd</run_address>
         <size>0x929</size>
         <input_file_ref idref="fl-a"/>
      </object_component>
      <object_component id="oc-83">
         <name>.debug_info</name>
         <load_address>0xad26</load_address>
         <run_address>0xad26</run_address>
         <size>0x3af</size>
         <input_file_ref idref="fl-a"/>
      </object_component>
      <object_component id="oc-162">
         <name>.debug_info</name>
         <load_address>0xb0d5</load_address>
         <run_address>0xb0d5</run_address>
         <size>0xf0</size>
         <input_file_ref idref="fl-a"/>
      </object_component>
      <object_component id="oc-172">
         <name>.debug_info</name>
         <load_address>0xb1c5</load_address>
         <run_address>0xb1c5</run_address>
         <size>0xf0</size>
         <input_file_ref idref="fl-a"/>
      </object_component>
      <object_component id="oc-175">
         <name>.debug_info</name>
         <load_address>0xb2b5</load_address>
         <run_address>0xb2b5</run_address>
         <size>0xf0</size>
         <input_file_ref idref="fl-a"/>
      </object_component>
      <object_component id="oc-15f">
         <name>.debug_info</name>
         <load_address>0xb3a5</load_address>
         <run_address>0xb3a5</run_address>
         <size>0x133</size>
         <input_file_ref idref="fl-a"/>
      </object_component>
      <object_component id="oc-15c">
         <name>.debug_info</name>
         <load_address>0xb4d8</load_address>
         <run_address>0xb4d8</run_address>
         <size>0xf0</size>
         <input_file_ref idref="fl-a"/>
      </object_component>
      <object_component id="oc-178">
         <name>.debug_info</name>
         <load_address>0xb5c8</load_address>
         <run_address>0xb5c8</run_address>
         <size>0xfe</size>
         <input_file_ref idref="fl-a"/>
      </object_component>
      <object_component id="oc-159">
         <name>.debug_info</name>
         <load_address>0xb6c6</load_address>
         <run_address>0xb6c6</run_address>
         <size>0xf2</size>
         <input_file_ref idref="fl-a"/>
      </object_component>
      <object_component id="oc-89">
         <name>.debug_info</name>
         <load_address>0xb7b8</load_address>
         <run_address>0xb7b8</run_address>
         <size>0x50cb</size>
         <input_file_ref idref="fl-a"/>
      </object_component>
      <object_component id="oc-14b">
         <name>.debug_info</name>
         <load_address>0x10883</load_address>
         <run_address>0x10883</run_address>
         <size>0x30c</size>
         <input_file_ref idref="fl-a"/>
      </object_component>
      <object_component id="oc-293">
         <name>.debug_info</name>
         <load_address>0x10b8f</load_address>
         <run_address>0x10b8f</run_address>
         <size>0x159</size>
         <input_file_ref idref="fl-a"/>
      </object_component>
      <object_component id="oc-2c5">
         <name>.debug_info</name>
         <load_address>0x10ce8</load_address>
         <run_address>0x10ce8</run_address>
         <size>0x850</size>
         <input_file_ref idref="fl-b"/>
      </object_component>
      <object_component id="oc-2b7">
         <name>.debug_info</name>
         <load_address>0x11538</load_address>
         <run_address>0x11538</run_address>
         <size>0xf0</size>
         <input_file_ref idref="fl-b"/>
      </object_component>
      <object_component id="oc-2ba">
         <name>.debug_info</name>
         <load_address>0x11628</load_address>
         <run_address>0x11628</run_address>
         <size>0xf0</size>
         <input_file_ref idref="fl-b"/>
      </object_component>
      <object_component id="oc-2bd">
         <name>.debug_info</name>
         <load_address>0x11718</load_address>
         <run_address>0x11718</run_address>
         <size>0x128</size>
         <input_file_ref idref="fl-b"/>
      </object_component>
      <object_component id="oc-2b4">
         <name>.debug_info</name>
         <load_address>0x11840</load_address>
         <run_address>0x11840</run_address>
         <size>0x114</size>
         <input_file_ref idref="fl-b"/>
      </object_component>
      <object_component id="oc-17b">
         <name>.debug_info</name>
         <load_address>0x11954</load_address>
         <run_address>0x11954</run_address>
         <size>0x21e1</size>
         <input_file_ref idref="fl-b"/>
      </object_component>
      <object_component id="oc-2c6">
         <name>.debug_info</name>
         <load_address>0x13b35</load_address>
         <run_address>0x13b35</run_address>
         <size>0x1e2</size>
         <input_file_ref idref="fl-b"/>
      </object_component>
      <object_component id="oc-2c0">
         <name>.debug_info</name>
         <load_address>0x13d17</load_address>
         <run_address>0x13d17</run_address>
         <size>0x46</size>
         <input_file_ref idref="fl-b"/>
      </object_component>
      <object_component id="oc-93">
         <name>.debug_info</name>
         <load_address>0x13d5d</load_address>
         <run_address>0x13d5d</run_address>
         <size>0x442</size>
         <input_file_ref idref="fl-c"/>
      </object_component>
      <object_component id="oc-86">
         <name>.debug_info</name>
         <load_address>0x1419f</load_address>
         <run_address>0x1419f</run_address>
         <size>0x11d</size>
         <input_file_ref idref="fl-c"/>
      </object_component>
      <object_component id="oc-90">
         <name>.debug_info</name>
         <load_address>0x142bc</load_address>
         <run_address>0x142bc</run_address>
         <size>0x104</size>
         <input_file_ref idref="fl-c"/>
      </object_component>
      <object_component id="oc-33">
         <name>.debug_info</name>
         <load_address>0x143c0</load_address>
         <run_address>0x143c0</run_address>
         <size>0x728</size>
         <input_file_ref idref="fl-c"/>
      </object_component>
      <object_component id="oc-2b">
         <name>.debug_info</name>
         <load_address>0x14ae8</load_address>
         <run_address>0x14ae8</run_address>
         <size>0x252</size>
         <input_file_ref idref="fl-d"/>
      </object_component>
      <object_component id="oc-2ac">
         <name>.debug_info</name>
         <load_address>0x14d3a</load_address>
         <run_address>0x14d3a</run_address>
         <size>0x410</size>
         <input_file_ref idref="fl-e"/>
      </object_component>
      <object_component id="oc-2a9">
         <name>.debug_info</name>
         <load_address>0x1514a</load_address>
         <run_address>0x1514a</run_address>
         <size>0xeb</size>
         <input_file_ref idref="fl-e"/>
      </object_component>
      <object_component id="oc-2a6">
         <name>.debug_info</name>
         <load_address>0x15235</load_address>
         <run_address>0x15235</run_address>
         <size>0xeb</size>
         <input_file_ref idref="fl-e"/>
      </object_component>
      <object_component id="oc-2a3">
         <name>.debug_info</name>
         <load_address>0x15320</load_address>
         <run_address>0x15320</run_address>
         <size>0x19f</size>
         <input_file_ref idref="fl-e"/>
      </object_component>
      <object_component id="oc-167">
         <name>.debug_info</name>
         <load_address>0x154bf</load_address>
         <run_address>0x154bf</run_address>
         <size>0x7f1</size>
         <input_file_ref idref="fl-e"/>
      </object_component>
      <object_component id="oc-352">
         <name>.debug_info</name>
         <load_address>0x15cb0</load_address>
         <run_address>0x15cb0</run_address>
         <size>0x62</size>
         <input_file_ref idref="fl-e"/>
      </object_component>
      <object_component id="oc-d9">
         <name>.debug_info</name>
         <load_address>0x15d12</load_address>
         <run_address>0x15d12</run_address>
         <size>0x310</size>
         <input_file_ref idref="fl-13"/>
      </object_component>
      <object_component id="oc-204">
         <name>.debug_info</name>
         <load_address>0x16022</load_address>
         <run_address>0x16022</run_address>
         <size>0x35a</size>
         <input_file_ref idref="fl-1c"/>
      </object_component>
      <object_component id="oc-1fe">
         <name>.debug_info</name>
         <load_address>0x1637c</load_address>
         <run_address>0x1637c</run_address>
         <size>0xfa</size>
         <input_file_ref idref="fl-1c"/>
      </object_component>
      <object_component id="oc-201">
         <name>.debug_info</name>
         <load_address>0x16476</load_address>
         <run_address>0x16476</run_address>
         <size>0xfc</size>
         <input_file_ref idref="fl-1c"/>
      </object_component>
      <object_component id="oc-1fb">
         <name>.debug_info</name>
         <load_address>0x16572</load_address>
         <run_address>0x16572</run_address>
         <size>0xee</size>
         <input_file_ref idref="fl-1c"/>
      </object_component>
      <object_component id="oc-f1">
         <name>.debug_info</name>
         <load_address>0x16660</load_address>
         <run_address>0x16660</run_address>
         <size>0x2de9</size>
         <input_file_ref idref="fl-1c"/>
      </object_component>
      <object_component id="oc-21b">
         <name>.debug_info</name>
         <load_address>0x19449</load_address>
         <run_address>0x19449</run_address>
         <size>0x337</size>
         <input_file_ref idref="fl-1f"/>
      </object_component>
      <object_component id="oc-20c">
         <name>.debug_info</name>
         <load_address>0x19780</load_address>
         <run_address>0x19780</run_address>
         <size>0xe9</size>
         <input_file_ref idref="fl-1f"/>
      </object_component>
      <object_component id="oc-209">
         <name>.debug_info</name>
         <load_address>0x19869</load_address>
         <run_address>0x19869</run_address>
         <size>0xe1</size>
         <input_file_ref idref="fl-1f"/>
      </object_component>
      <object_component id="oc-215">
         <name>.debug_info</name>
         <load_address>0x1994a</load_address>
         <run_address>0x1994a</run_address>
         <size>0xe5</size>
         <input_file_ref idref="fl-1f"/>
      </object_component>
      <object_component id="oc-218">
         <name>.debug_info</name>
         <load_address>0x19a2f</load_address>
         <run_address>0x19a2f</run_address>
         <size>0xeb</size>
         <input_file_ref idref="fl-1f"/>
      </object_component>
      <object_component id="oc-20f">
         <name>.debug_info</name>
         <load_address>0x19b1a</load_address>
         <run_address>0x19b1a</run_address>
         <size>0xe9</size>
         <input_file_ref idref="fl-1f"/>
      </object_component>
      <object_component id="oc-212">
         <name>.debug_info</name>
         <load_address>0x19c03</load_address>
         <run_address>0x19c03</run_address>
         <size>0xed</size>
         <input_file_ref idref="fl-1f"/>
      </object_component>
      <object_component id="oc-206">
         <name>.debug_info</name>
         <load_address>0x19cf0</load_address>
         <run_address>0x19cf0</run_address>
         <size>0xea</size>
         <input_file_ref idref="fl-1f"/>
      </object_component>
      <object_component id="oc-f9">
         <name>.debug_info</name>
         <load_address>0x19dda</load_address>
         <run_address>0x19dda</run_address>
         <size>0xb68</size>
         <input_file_ref idref="fl-1f"/>
      </object_component>
      <object_component id="oc-1f8">
         <name>.debug_info</name>
         <load_address>0x1a942</load_address>
         <run_address>0x1a942</run_address>
         <size>0x30c</size>
         <input_file_ref idref="fl-23"/>
      </object_component>
      <object_component id="oc-e6">
         <name>.debug_info</name>
         <load_address>0x1ac4e</load_address>
         <run_address>0x1ac4e</run_address>
         <size>0x267c</size>
         <input_file_ref idref="fl-23"/>
      </object_component>
      <object_component id="oc-23d">
         <name>.debug_info</name>
         <load_address>0x1d2ca</load_address>
         <run_address>0x1d2ca</run_address>
         <size>0x3bc</size>
         <input_file_ref idref="fl-28"/>
      </object_component>
      <object_component id="oc-230">
         <name>.debug_info</name>
         <load_address>0x1d686</load_address>
         <run_address>0x1d686</run_address>
         <size>0xe0</size>
         <input_file_ref idref="fl-28"/>
      </object_component>
      <object_component id="oc-23a">
         <name>.debug_info</name>
         <load_address>0x1d766</load_address>
         <run_address>0x1d766</run_address>
         <size>0xec</size>
         <input_file_ref idref="fl-28"/>
      </object_component>
      <object_component id="oc-234">
         <name>.debug_info</name>
         <load_address>0x1d852</load_address>
         <run_address>0x1d852</run_address>
         <size>0xe6</size>
         <input_file_ref idref="fl-28"/>
      </object_component>
      <object_component id="oc-237">
         <name>.debug_info</name>
         <load_address>0x1d938</load_address>
         <run_address>0x1d938</run_address>
         <size>0xf3</size>
         <input_file_ref idref="fl-28"/>
      </object_component>
      <object_component id="oc-103">
         <name>.debug_info</name>
         <load_address>0x1da2b</load_address>
         <run_address>0x1da2b</run_address>
         <size>0x2a6e</size>
         <input_file_ref idref="fl-28"/>
      </object_component>
      <object_component id="oc-324">
         <name>.debug_info</name>
         <load_address>0x20499</load_address>
         <run_address>0x20499</run_address>
         <size>0x51</size>
         <input_file_ref idref="fl-28"/>
      </object_component>
      <object_component id="oc-36c">
         <name>.debug_info</name>
         <load_address>0x204ea</load_address>
         <run_address>0x204ea</run_address>
         <size>0x347</size>
         <input_file_ref idref="fl-2b"/>
      </object_component>
      <object_component id="oc-366">
         <name>.debug_info</name>
         <load_address>0x20831</load_address>
         <run_address>0x20831</run_address>
         <size>0xed</size>
         <input_file_ref idref="fl-2b"/>
      </object_component>
      <object_component id="oc-369">
         <name>.debug_info</name>
         <load_address>0x2091e</load_address>
         <run_address>0x2091e</run_address>
         <size>0xff</size>
         <input_file_ref idref="fl-2b"/>
      </object_component>
      <object_component id="oc-2cc">
         <name>.debug_info</name>
         <load_address>0x20a1d</load_address>
         <run_address>0x20a1d</run_address>
         <size>0x2367</size>
         <input_file_ref idref="fl-2b"/>
      </object_component>
      <object_component id="oc-1cb">
         <name>.debug_info</name>
         <load_address>0x22d84</load_address>
         <run_address>0x22d84</run_address>
         <size>0x33c</size>
         <input_file_ref idref="fl-2c"/>
      </object_component>
      <object_component id="oc-1c0">
         <name>.debug_info</name>
         <load_address>0x230c0</load_address>
         <run_address>0x230c0</run_address>
         <size>0xea</size>
         <input_file_ref idref="fl-2c"/>
      </object_component>
      <object_component id="oc-1c3">
         <name>.debug_info</name>
         <load_address>0x231aa</load_address>
         <run_address>0x231aa</run_address>
         <size>0xfc</size>
         <input_file_ref idref="fl-2c"/>
      </object_component>
      <object_component id="oc-a5">
         <name>.debug_info</name>
         <load_address>0x232a6</load_address>
         <run_address>0x232a6</run_address>
         <size>0x266f</size>
         <input_file_ref idref="fl-2c"/>
      </object_component>
      <object_component id="oc-242">
         <name>.debug_info</name>
         <load_address>0x25915</load_address>
         <run_address>0x25915</run_address>
         <size>0x269</size>
         <input_file_ref idref="fl-30"/>
      </object_component>
      <object_component id="oc-23f">
         <name>.debug_info</name>
         <load_address>0x25b7e</load_address>
         <run_address>0x25b7e</run_address>
         <size>0xe9</size>
         <input_file_ref idref="fl-30"/>
      </object_component>
      <object_component id="oc-10b">
         <name>.debug_info</name>
         <load_address>0x25c67</load_address>
         <run_address>0x25c67</run_address>
         <size>0x2aa</size>
         <input_file_ref idref="fl-30"/>
      </object_component>
      <object_component id="oc-181">
         <name>.debug_info</name>
         <load_address>0x25f11</load_address>
         <run_address>0x25f11</run_address>
         <size>0x194</size>
         <input_file_ref idref="fl-32"/>
      </object_component>
      <object_component id="oc-16b">
         <name>.debug_info</name>
         <load_address>0x260a5</load_address>
         <run_address>0x260a5</run_address>
         <size>0x150</size>
         <input_file_ref idref="fl-32"/>
      </object_component>
      <object_component id="oc-d2">
         <name>.debug_info</name>
         <load_address>0x261f5</load_address>
         <run_address>0x261f5</run_address>
         <size>0x687</size>
         <input_file_ref idref="fl-35"/>
      </object_component>
      <object_component id="oc-b3">
         <name>.debug_info</name>
         <load_address>0x2687c</load_address>
         <run_address>0x2687c</run_address>
         <size>0x157</size>
         <input_file_ref idref="fl-35"/>
      </object_component>
      <object_component id="oc-b9">
         <name>.debug_info</name>
         <load_address>0x269d3</load_address>
         <run_address>0x269d3</run_address>
         <size>0xf5</size>
         <input_file_ref idref="fl-35"/>
      </object_component>
      <object_component id="oc-bc">
         <name>.debug_info</name>
         <load_address>0x26ac8</load_address>
         <run_address>0x26ac8</run_address>
         <size>0xf5</size>
         <input_file_ref idref="fl-35"/>
      </object_component>
      <object_component id="oc-b0">
         <name>.debug_info</name>
         <load_address>0x26bbd</load_address>
         <run_address>0x26bbd</run_address>
         <size>0x1e7</size>
         <input_file_ref idref="fl-35"/>
      </object_component>
      <object_component id="oc-b6">
         <name>.debug_info</name>
         <load_address>0x26da4</load_address>
         <run_address>0x26da4</run_address>
         <size>0xd5</size>
         <input_file_ref idref="fl-35"/>
      </object_component>
      <object_component id="oc-bf">
         <name>.debug_info</name>
         <load_address>0x26e79</load_address>
         <run_address>0x26e79</run_address>
         <size>0xe3</size>
         <input_file_ref idref="fl-35"/>
      </object_component>
      <object_component id="oc-c5">
         <name>.debug_info</name>
         <load_address>0x26f5c</load_address>
         <run_address>0x26f5c</run_address>
         <size>0xe1</size>
         <input_file_ref idref="fl-35"/>
      </object_component>
      <object_component id="oc-c2">
[...]
      <symbol id="sm-997">
         <name>TimerControlWaitOnTrigger</name>
         <value>0x5389</value>
         <object_component_ref idref="oc-2cb"/>
      </symbol>
      <symbol id="sm-998">
         <name>TimerConfigure</name>
         <value>0x5441</value>
         <object_component_ref idref="oc-2cb"/>
      </symbol>
      <symbol id="sm-999">
         <name>TimerControlEvent</name>
         <value>0x542f</value>
         <object_component_ref idref="oc-2cb"/>
      </symbol>
      <symbol id="sm-99a">
         <name>TimerIntClear</name>
         <value>0x535b</value>
         <object_component_ref idref="oc-2cb"/>
      </symbol>
      <symbol id="sm-99b">
         <name>TimerSynchronize</name>
         <value>0x520b</value>
         <object_component_ref idref="oc-2cb"/>
      </symbol>
      <symbol id="sm-a04">
         <name>UARTClockSourceGet</name>
         <value>0x56f5</value>
         <object_component_ref idref="oc-a4"/>
      </symbol>
      <symbol id="sm-a05">
         <name>UARTCharPutNonBlocking</name>
         <value>0x5709</value>
         <object_component_ref idref="oc-a4"/>
      </symbol>
      <symbol id="sm-a06">
         <name>UARTDMAEnable</name>
         <value>0x5671</value>
         <object_component_ref idref="oc-a4"/>
      </symbol>
      <symbol id="sm-a07">
         <name>UARTTxIntModeSet</name>
         <value>0x54c5</value>
         <object_component_ref idref="oc-a4"/>
      </symbol>
      <symbol id="sm-a08">
         <name>UARTFIFODisable</name>
         <value>0x5619</value>
         <object_component_ref idref="oc-a4"/>
      </symbol>
      <symbol id="sm-a09">
         <name>UARTIntUnregister</name>
         <value>0x5599</value>
         <object_component_ref idref="oc-a4"/>
      </symbol>
      <symbol id="sm-a0a">
         <name>UARTModemControlSet</name>
         <value>0x5533</value>
         <object_component_ref idref="oc-a4"/>
      </symbol>
      <symbol id="sm-a0b">
         <name>UARTRxErrorClear</name>
         <value>0x550f</value>
         <object_component_ref idref="oc-a4"/>
      </symbol>
      <symbol id="sm-a0c">
         <name>UARTFlowControlSet</name>
         <value>0x55e5</value>
         <object_component_ref idref="oc-a4"/>
      </symbol>
      <symbol id="sm-a0d">
         <name>UARTConfigSetExpClk</name>
         <value>0x5683</value>
         <object_component_ref idref="oc-a4"/>
      </symbol>
      <symbol id="sm-a0e">
         <name>UARTSmartCardDisable</name>
         <value>0x54fd</value>
         <object_component_ref idref="oc-a4"/>
      </symbol>
      <symbol id="sm-a0f">
         <name>UARTDisable</name>
         <value>0x5659</value>
         <object_component_ref idref="oc-a4"/>
      </symbol>
      <symbol id="sm-a10">
         <name>UART9BitDisable</name>
         <value>0x5767</value>
         <object_component_ref idref="oc-a4"/>
      </symbol>
      <symbol id="sm-a11">
         <name>UARTFIFOLevelGet</name>
         <value>0x55ff</value>
         <object_component_ref idref="oc-a4"/>
      </symbol>
      <symbol id="sm-a12">
         <name>UARTBusy</name>
         <value>0x573d</value>
         <object_component_ref idref="oc-a4"/>
      </symbol>
      <symbol id="sm-a13">
         <name>UARTDisableSIR</name>
         <value>0x564f</value>
         <object_component_ref idref="oc-a4"/>
      </symbol>
      <symbol id="sm-a14">
         <name>UARTLoopbackEnable</name>
         <value>0x5559</value>
         <object_component_ref idref="oc-a4"/>
      </symbol>
      <symbol id="sm-a15">
         <name>UARTIntEnable</name>
         <value>0x55cf</value>
         <object_component_ref idref="oc-a4"/>
      </symbol>
      <symbol id="sm-a16">
         <name>UARTCharsAvail</name>
         <value>0x56fb</value>
         <object_component_ref idref="oc-a4"/>
      </symbol>
      <symbol id="sm-a17">
         <name>UARTCharGetNonBlocking</name>
         <value>0x5723</value>
         <object_component_ref idref="oc-a4"/>
      </symbol>
      <symbol id="sm-a18">
         <name>UARTClockSourceSet</name>
         <value>0x56ef</value>
         <object_component_ref idref="oc-a4"/>
      </symbol>
      <symbol id="sm-a19">
         <name>UARTTxIntModeGet</name>
         <value>0x54d1</value>
         <object_component_ref idref="oc-a4"/>
      </symbol>
      <symbol id="sm-a1a">
         <name>UARTModemStatusGet</name>
         <value>0x5529</value>
         <object_component_ref idref="oc-a4"/>
      </symbol>
      <symbol id="sm-a1b">
         <name>UARTIntDisable</name>
         <value>0x55d7</value>
         <object_component_ref idref="oc-a4"/>
      </symbol>
      <symbol id="sm-a1c">
         <name>UARTCharPut</name>
         <value>0x5719</value>
         <object_component_ref idref="oc-a4"/>
      </symbol>
      <symbol id="sm-a1d">
         <name>UARTParityModeSet</name>
         <value>0x5515</value>
         <object_component_ref idref="oc-a4"/>
      </symbol>
      <symbol id="sm-a1e">
         <name>UARTRxErrorGet</name>
         <value>0x5507</value>
         <object_component_ref idref="oc-a4"/>
      </symbol>
      <symbol id="sm-a1f">
         <name>UARTConfigGetExpClk</name>
         <value>0x56c7</value>
         <object_component_ref idref="oc-a4"/>
      </symbol>
      <symbol id="sm-a20">
         <name>UARTEnableSIR</name>
         <value>0x5623</value>
         <object_component_ref idref="oc-a4"/>
      </symbol>
      <symbol id="sm-a21">
         <name>UARTEnable</name>
         <value>0x563b</value>
         <object_component_ref idref="oc-a4"/>
      </symbol>
      <symbol id="sm-a22">
         <name>UART9BitAddrSend</name>
         <value>0x577f</value>
         <object_component_ref idref="oc-a4"/>
      </symbol>
      <symbol id="sm-a23">
         <name>UARTModemControlGet</name>
         <value>0x553f</value>
         <object_component_ref idref="oc-a4"/>
      </symbol>
      <symbol id="sm-a24">
         <name>UARTSmartCardEnable</name>
         <value>0x54e7</value>
         <object_component_ref idref="oc-a4"/>
      </symbol>
      <symbol id="sm-a25">
         <name>UARTFlowControlGet</name>
         <value>0x55f1</value>
         <object_component_ref idref="oc-a4"/>
      </symbol>
      <symbol id="sm-a26">
         <name>UARTFIFOEnable</name>
         <value>0x560f</value>
         <object_component_ref idref="oc-a4"/>
      </symbol>
      <symbol id="sm-a27">
         <name>UARTIntClear</name>
         <value>0x55e1</value>
         <object_component_ref idref="oc-a4"/>
      </symbol>
      <symbol id="sm-a28">
         <name>UARTIntStatus</name>
         <value>0x55ad</value>
         <object_component_ref idref="oc-a4"/>
      </symbol>
      <symbol id="sm-a29">
         <name>UARTDMADisable</name>
         <value>0x5679</value>
         <object_component_ref idref="oc-a4"/>
      </symbol>
      <symbol id="sm-a2a">
         <name>UART9BitEnable</name>
         <value>0x5759</value>
         <object_component_ref idref="oc-a4"/>
      </symbol>
      <symbol id="sm-a2b">
         <name>UARTSpaceAvail</name>
         <value>0x54d9</value>
         <object_component_ref idref="oc-a4"/>
      </symbol>
      <symbol id="sm-a2c">
         <name>UARTCharGet</name>
         <value>0x5733</value>
         <object_component_ref idref="oc-a4"/>
      </symbol>
      <symbol id="sm-a2d">
         <name>UARTFIFOLevelSet</name>
         <value>0x55f9</value>
         <object_component_ref idref="oc-a4"/>
      </symbol>
      <symbol id="sm-a2e">
         <name>UARTModemControlClear</name>
         <value>0x5547</value>
         <object_component_ref idref="oc-a4"/>
      </symbol>
      <symbol id="sm-a2f">
         <name>UARTParityModeGet</name>
         <value>0x5521</value>
         <object_component_ref idref="oc-a4"/>
      </symbol>
      <symbol id="sm-a30">
         <name>UARTIntRegister</name>
         <value>0x55b7</value>
         <object_component_ref idref="oc-a4"/>
      </symbol>
      <symbol id="sm-a31">
         <name>UARTBreakCtl</name>
         <value>0x5745</value>
         <object_component_ref idref="oc-a4"/>
      </symbol>
      <symbol id="sm-a32">
         <name>UART9BitAddrSet</name>
         <value>0x5775</value>
         <object_component_ref idref="oc-a4"/>
      </symbol>
      <symbol id="sm-a59">
         <name>ButtonsInit</name>
         <value>0x6bbb</value>
         <object_component_ref idref="oc-108"/>
      </symbol>
      <symbol id="sm-a5a">
         <name>ButtonsPoll</name>
         <value>0x6b39</value>
         <object_component_ref idref="oc-108"/>
      </symbol>
      <symbol id="sm-a75">
         <name>GetOverflowCounts</name>
         <value>0x76a5</value>
         <object_component_ref idref="oc-16a"/>
      </symbol>
      <symbol id="sm-a76">
         <name>vConfigureTimerForRunTimeStats</name>
         <value>0x72b1</value>
         <object_component_ref idref="oc-180"/>
      </symbol>
      <symbol id="sm-b54">
         <name>UARTTxBytesFree</name>
         <value>0x3a7d</value>
         <object_component_ref idref="oc-35"/>
      </symbol>
      <symbol id="sm-b55">
         <name>UARTFlushRx</name>
         <value>0x3b63</value>
         <object_component_ref idref="oc-35"/>
      </symbol>
      <symbol id="sm-b56">
         <name>UARTgetc</name>
         <value>0x3a67</value>
         <object_component_ref idref="oc-35"/>
      </symbol>
      <symbol id="sm-b57">
         <name>UARTgets</name>
         <value>0x37a5</value>
         <object_component_ref idref="oc-35"/>
      </symbol>
      <symbol id="sm-b58">
         <name>UARTFlushTx</name>
         <value>0x3b75</value>
         <object_component_ref idref="oc-35"/>
      </symbol>
      <symbol id="sm-b59">
         <name>UARTStdioConfig</name>
         <value>0x3b9d</value>
         <object_component_ref idref="oc-35"/>
      </symbol>
      <symbol id="sm-b5a">
         <name>UARTStdioIntHandler</name>
         <value>0x3a99</value>
         <object_component_ref idref="oc-35"/>
      </symbol>
      <symbol id="sm-b5b">
         <name>UARTRxBytesAvail</name>
         <value>0x3c63</value>
         <object_component_ref idref="oc-35"/>
      </symbol>
      <symbol id="sm-b5c">
         <name>UARTwrite</name>
         <value>0x351b</value>
         <object_component_ref idref="oc-35"/>
      </symbol>
      <symbol id="sm-b5d">
         <name>UARTEchoSet</name>
         <value>0x3c71</value>
         <object_component_ref idref="oc-35"/>
      </symbol>
      <symbol id="sm-b5e">
         <name>UARTprintf</name>
         <value>0x376d</value>
         <object_component_ref idref="oc-35"/>
      </symbol>
      <symbol id="sm-b5f">
         <name>UARTvprintf</name>
         <value>0x3575</value>
         <object_component_ref idref="oc-35"/>
      </symbol>
      <symbol id="sm-b86">
         <name>sprintf</name>
         <value>0x758d</value>
         <object_component_ref idref="oc-192"/>
      </symbol>
      <symbol id="sm-ba2">
         <name>memcpy</name>
         <value>0x6e8f</value>
         <object_component_ref idref="oc-4f"/>
      </symbol>
      <symbol id="sm-ba3">
         <name>__aeabi_memcpy</name>
         <value>0x6e8f</value>
         <object_component_ref idref="oc-4f"/>
      </symbol>
      <symbol id="sm-ba4">
         <name>__aeabi_memcpy8</name>
         <value>0x6e8f</value>
         <object_component_ref idref="oc-4f"/>
      </symbol>
      <symbol id="sm-ba5">
         <name>__aeabi_memcpy4</name>
         <value>0x6e8f</value>
         <object_component_ref idref="oc-4f"/>
      </symbol>
      <symbol id="sm-bb4">
         <name>__aeabi_uidivmod</name>
         <value>0x754d</value>
         <object_component_ref idref="oc-aa"/>
      </symbol>
      <symbol id="sm-bb5">
         <name>__aeabi_uidiv</name>
         <value>0x754d</value>
         <object_component_ref idref="oc-aa"/>
      </symbol>
      <symbol id="sm-bc4">
         <name>__aeabi_memset</name>
         <value>0x7163</value>
         <object_component_ref idref="oc-130"/>
      </symbol>
      <symbol id="sm-bc5">
         <name>memset</name>
         <value>0x7169</value>
         <object_component_ref idref="oc-130"/>
      </symbol>
      <symbol id="sm-bc6">
         <name>__aeabi_memset8</name>
         <value>0x7163</value>
         <object_component_ref idref="oc-130"/>
      </symbol>
      <symbol id="sm-bc7">
         <name>__aeabi_memset4</name>
         <value>0x7163</value>
         <object_component_ref idref="oc-130"/>
      </symbol>
      <symbol id="sm-bc8">
         <name>__aeabi_memclr8</name>
         <value>0x7161</value>
         <object_component_ref idref="oc-130"/>
      </symbol>
      <symbol id="sm-bc9">
         <name>__aeabi_memclr4</name>
         <value>0x7161</value>
         <object_component_ref idref="oc-130"/>
      </symbol>
      <symbol id="sm-bca">
         <name>__aeabi_memclr</name>
         <value>0x7161</value>
         <object_component_ref idref="oc-130"/>
      </symbol>
      <symbol id="sm-bdc">
         <name>__TI_zero_init</name>
         <value>0x7775</value>
         <object_component_ref idref="oc-61"/>
      </symbol>
      <symbol id="sm-bf3">
         <name>__TI_decompress_none</name>
         <value>0x7767</value>
         <object_component_ref idref="oc-18"/>
      </symbol>
      <symbol id="sm-c16">
         <name>__TI_decompress_lzss</name>
         <value>0x7249</value>
         <object_component_ref idref="oc-12"/>
      </symbol>
      <symbol id="sm-c25">
         <name>strcpy</name>
         <value>0x772d</value>
         <object_component_ref idref="oc-186"/>
      </symbol>
      <symbol id="sm-c33">
         <name>strlen</name>
         <value>0x7741</value>
         <object_component_ref idref="oc-18c"/>
      </symbol>
      <symbol id="sm-c46">
         <name>__stack</name>
         <value>0x200056d8</value>
         <object_component_ref idref="oc-21"/>
      </symbol>
      <symbol id="sm-c47">
         <name>_c_int00_noargs</name>
         <value>0x7641</value>
         <object_component_ref idref="oc-6d"/>
      </symbol>
      <symbol id="sm-dac">
         <name>__TI_printfi</name>
         <value>0x2189</value>
         <object_component_ref idref="oc-2d6"/>
      </symbol>
      <symbol id="sm-dcc">
         <name>frexpl</name>
         <value>0x7315</value>
         <object_component_ref idref="oc-430"/>
      </symbol>
      <symbol id="sm-dcd">
         <name>frexp</name>
         <value>0x7315</value>
         <object_component_ref idref="oc-430"/>
      </symbol>
      <symbol id="sm-dea">
         <name>scalbn</name>
         <value>0x6829</value>
         <object_component_ref idref="oc-436"/>
      </symbol>
      <symbol id="sm-deb">
         <name>scalbnl</name>
         <value>0x6829</value>
         <object_component_ref idref="oc-436"/>
      </symbol>
      <symbol id="sm-dec">
         <name>ldexpl</name>
         <value>0x6829</value>
         <object_component_ref idref="oc-436"/>
      </symbol>
      <symbol id="sm-ded">
         <name>ldexp</name>
         <value>0x6829</value>
         <object_component_ref idref="oc-436"/>
      </symbol>
      <symbol id="sm-df7">
         <name>copysign</name>
         <value>0x76e5</value>
         <object_component_ref idref="oc-48a"/>
      </symbol>
      <symbol id="sm-df8">
         <name>copysignl</name>
         <value>0x76e5</value>
         <object_component_ref idref="oc-48a"/>
      </symbol>
      <symbol id="sm-e02">
         <name>__aeabi_idiv0</name>
         <value>0x2bd7</value>
         <object_component_ref idref="oc-1cc"/>
      </symbol>
      <symbol id="sm-e03">
         <name>__aeabi_ldiv0</name>
         <value>0x2bd7</value>
         <object_component_ref idref="oc-1cc"/>
      </symbol>
      <symbol id="sm-e10">
         <name>__aeabi_uldivmod</name>
         <value>0x6f2b</value>
         <object_component_ref idref="oc-3ea"/>
      </symbol>
      <symbol id="sm-e27">
         <name>__aeabi_dsub</name>
         <value>0x62d9</value>
         <object_component_ref idref="oc-410"/>
      </symbol>
      <symbol id="sm-e28">
         <name>__aeabi_dadd</name>
         <value>0x62e3</value>
         <object_component_ref idref="oc-410"/>
      </symbol>
      <symbol id="sm-e4a">
         <name>__aeabi_cdcmpeq</name>
         <value>0x7055</value>
         <object_component_ref idref="oc-37d"/>
      </symbol>
      <symbol id="sm-e4b">
         <name>__aeabi_cdcmple</name>
         <value>0x7055</value>
         <object_component_ref idref="oc-37d"/>
      </symbol>
      <symbol id="sm-e4c">
         <name>__aeabi_cdrcmple</name>
         <value>0x70db</value>
         <object_component_ref idref="oc-3fb"/>
      </symbol>
      <symbol id="sm-e60">
         <name>__aeabi_ddiv</name>
         <value>0x65cd</value>
         <object_component_ref idref="oc-3f6"/>
      </symbol>
      <symbol id="sm-e6b">
         <name>__aeabi_dmul</name>
         <value>0x6a3d</value>
         <object_component_ref idref="oc-3f1"/>
      </symbol>
      <symbol id="sm-e75">
         <name>__aeabi_d2iz</name>
         <value>0x74c1</value>
         <object_component_ref idref="oc-400"/>
      </symbol>
      <symbol id="sm-e7f">
         <name>__aeabi_i2d</name>
         <value>0x7675</value>
         <object_component_ref idref="oc-40b"/>
      </symbol>
      <symbol id="sm-ea7">
         <name>__TI_auto_init_nobinit_nopinit</name>
         <value>0x7509</value>
         <object_component_ref idref="oc-25f"/>
      </symbol>
      <symbol id="sm-eb1">
         <name>_system_pre_init</name>
         <value>0x77a7</value>
         <object_component_ref idref="oc-136"/>
      </symbol>
      <symbol id="sm-ebd">
         <name>C$$EXIT</name>
         <value>0x77ab</value>
         <object_component_ref idref="oc-253"/>
      </symbol>
      <symbol id="sm-ebe">
         <name>abort</name>
         <value>0x77ab</value>
         <object_component_ref idref="oc-253"/>
      </symbol>
      <symbol id="sm-ed6">
         <name>atoi</name>
         <value>0x7475</value>
         <object_component_ref idref="oc-371"/>
      </symbol>
      <symbol id="sm-ee1">
         <name>_ctypes_</name>
         <value>0x7960</value>
         <object_component_ref idref="oc-3e5"/>
      </symbol>
      <symbol id="sm-ef0">
         <name>ltoa</name>
         <value>0x73cf</value>
         <object_component_ref idref="oc-405"/>
      </symbol>
      <symbol id="sm-f00">
         <name>memccpy</name>
         <value>0x76c9</value>
         <object_component_ref idref="oc-39a"/>
      </symbol>
      <symbol id="sm-f10">
         <name>strchr</name>
         <value>0x7717</value>
         <object_component_ref idref="oc-43c"/>
      </symbol>
      <symbol id="sm-f26">
         <name>__aeabi_errno_addr</name>
         <value>0x7799</value>
         <object_component_ref idref="oc-3a6"/>
      </symbol>
      <symbol id="sm-f27">
         <name>errno</name>
         <value>0x20005f40</value>
         <object_component_ref idref="oc-44c"/>
      </symbol>
      <symbol id="sm-f40">
         <name>wcslen</name>
         <value>0x7755</value>
         <object_component_ref idref="oc-3a0"/>
      </symbol>
      <symbol id="sm-f41">
         <name>__TI_static_base__</name>
         <value>0x0</value>
      </symbol>
      <symbol id="sm-f44">
         <name>__mpu_init</name>
         <value>0x0</value>
      </symbol>
      <symbol id="sm-f45">
         <name>_system_post_cinit</name>
         <value>0x0</value>
      </symbol>
      <symbol id="sm-f46">
         <name>IntPriorityMaskSet</name>
         <value>0x7631</value>
      </symbol>
      <symbol id="sm-f47">
         <name>IntPriorityMaskGet</name>
         <value>0x7637</value>
      </symbol>
      <symbol id="sm-f48">
         <name>SysCtlSleep</name>
         <value>0x760b</value>
      </symbol>
   </symbol_table>
   <title>Link successful</title>
</link_info>
