******************************************************************************
                  TI ARM Linker PC v18.12.1                    
******************************************************************************
>> Linked Tue Nov 12 10:55:47 2019

OUTPUT FILE NAME:   <FlagsEventos.out>
ENTRY POINT SYMBOL: "_c_int00_noargs"  address: 00007641


MEMORY CONFIGURATION

         name            origin    length      used     unused   attr    fill
----------------------  --------  ---------  --------  --------  ----  --------
  FLASH                 00000000   00040000  00007fea  00038016  R  X
  SRAM                  20000000   00008000  00005f44  000020bc  RW X


SEGMENT ALLOCATION MAP

run origin  load origin   length   init length attrs members
----------  ----------- ---------- ----------- ----- -------
00000000    00000000    00007ff0   00007ff0    r-x
  00000000    00000000    0000026c   0000026c    r-- .intvecs
  0000026c    0000026c    00007542   00007542    r-x .text
  000077b0    000077b0    000007ec   000007ec    r-- .const
  00007fa0    00007fa0    00000050   00000050    r-- .cinit
20000000    20000000    00005f48   00000000    rw-
  20000000    20000000    0000026c   00000000    rw- .vtable
  2000026c    2000026c    00005468   00000000    rw- .bss
  200056d8    200056d8    00000800   00000000    rw- .stack
  20005ed8    20005ed8    00000070   00000000    rw- .data


SECTION ALLOCATION MAP

 output                                  attributes/
section   page    origin      length       input sections
--------  ----  ----------  ----------   ----------------
.intvecs   0    00000000    0000026c     
                  00000000    0000026c     startup_ccs.obj (.intvecs)

.text      0    0000026c    00007542     
                  0000026c    0000147c     tasks.obj (.text)
                  000016e8    00000aa0     sysctl.obj (.text)
                  00002188    00000a4e     rtsv7M4_T_le_v4SPD16_eabi.lib : _printfi.c.obj (.text:__TI_printfi)
                  00002bd6    00000002                                   : div0.asm.obj (.text)
                  00002bd8    000008f0     queue.obj (.text)
                  000034c8    000007f4     uartstdio.obj (.text)
                  00003cbc    000006a4     gpio.obj (.text)
                  00004360    000005e8     FlagsEventos.obj (.text)
                  00004948    000004dc     timers.obj (.text)
                  00004e24    0000039c     pwm.obj (.text)
                  000051c0    00000304     timer.obj (.text)
                  000054c4    000002f8     uart.obj (.text)
                  000057bc    000002a4     interrupt.obj (.text)
                  00005a60    00000280     event_groups.obj (.text)
                  00005ce0    00000270     rtsv7M4_T_le_v4SPD16_eabi.lib : _printfi.c.obj (.text:_pconv_a)
                  00005f50    000001d0                                   : _printfi.c.obj (.text:_pconv_g)
                  00006120    000001b8     heap_4.obj (.text)
                  000062d8    000001b6     rtsv7M4_T_le_v4SPD16_eabi.lib : fd_add_t2.asm.obj (.text)
                  0000648e    00000002     --HOLE-- [fill = 0]
                  00006490    0000013c                                   : _printfi.c.obj (.text:_pconv_e)
                  000065cc    00000136                                   : fd_div_t2.asm.obj (.text)
                  00006702    00000002     --HOLE-- [fill = 0]
                  00006704    00000124                                   : _printfi.c.obj (.text:fcvt)
                  00006828    00000110                                   : s_scalbn.c.obj (.text:scalbn)
                  00006938    00000104     port.obj (.text)
                  00006a3c    000000fc     rtsv7M4_T_le_v4SPD16_eabi.lib : fd_mul_t2.asm.obj (.text)
                  00006b38    000000f8     buttons.obj (.text)
                  00006c30    000000da     portasm.obj (.text)
                  00006d0a    00000002     --HOLE-- [fill = 0]
                  00006d0c    000000d0     Movimientos.obj (.text)
                  00006ddc    000000b1     rtsv7M4_T_le_v4SPD16_eabi.lib : _printfi.c.obj (.text:_ltostr)
                  00006e8d    00000001     --HOLE-- [fill = 0]
                  00006e8e    0000009c                                   : memcpy_t2.asm.obj (.text)
                  00006f2a    00000096                                   : ull_div_t2.asm.obj (.text)
                  00006fc0    00000094     list.obj (.text)
                  00007054    00000086     rtsv7M4_T_le_v4SPD16_eabi.lib : fd_cmp_t2.asm.obj (.text:__aeabi_cdcmple)
                  000070da    00000086                                   : fd_cmp_t2.asm.obj (.text:__aeabi_cdrcmple)
                  00007160    0000007a                                   : memset_t2.asm.obj (.text)
                  000071da    0000006e                                   : _printfi.c.obj (.text:_mcpy)
                  00007248    00000068                                   : copy_decompress_lzss.c.obj (.text:decompress:lzss:__TI_decompress_lzss)
                  000072b0    00000064     RunTimeStatsConfig.obj (.text)
                  00007314    00000064     rtsv7M4_T_le_v4SPD16_eabi.lib : s_frexp.c.obj (.text:frexp)
                  00007378    00000056                                   : _printfi.c.obj (.text:_pconv_f)
                  000073ce    00000054                                   : ltoa.c.obj (.text:ltoa)
                  00007422    00000052                                   : _printfi.c.obj (.text:_ecpy)
                  00007474    0000004c                                   : atoi.c.obj (.text:atoi)
                  000074c0    00000048                                   : fd_toi_t2.asm.obj (.text)
                  00007508    00000044                                   : autoinit.c.obj (.text:__TI_auto_init_nobinit_nopinit:__TI_auto_init_nobinit_nopinit)
                  0000754c    00000040                                   : u_divt2.asm.obj (.text)
                  0000758c    00000040                                   : sprintf.c.obj (.text:sprintf)
                  000075cc    0000003e                                   : _printfi.c.obj (.text:_fcpy)
                  0000760a    00000036     cpu.obj (.text)
                  00007640    00000034     rtsv7M4_T_le_v4SPD16_eabi.lib : boot_cortex_m.c.obj (.text:_c_int00_noargs:_c_int00_noargs)
                  00007674    0000002e                                   : i_tofd_t2.asm.obj (.text)
                  000076a2    00000002     --HOLE-- [fill = 0]
                  000076a4    00000024     RunTimeStatsConfig.obj (.text:GetOverflowCounts)
                  000076c8    0000001c     rtsv7M4_T_le_v4SPD16_eabi.lib : memccpy.c.obj (.text:memccpy)
                  000076e4    0000001a                                   : s_copysign.c.obj (.text:copysign)
                  000076fe    00000018                                   : sprintf.c.obj (.text:_outs)
                  00007716    00000016                                   : strchr.c.obj (.text:strchr)
                  0000772c    00000014                                   : strcpy.c.obj (.text:strcpy)
                  00007740    00000014                                   : strlen.c.obj (.text:strlen)
                  00007754    00000012                                   : wcslen.c.obj (.text:wcslen)
                  00007766    0000000e                                   : copy_decompress_none.c.obj (.text:decompress:none:__TI_decompress_none)
                  00007774    0000000c                                   : copy_zero_init.c.obj (.text:decompress:ZI:__TI_zero_init)
                  00007780    0000000c     startup_ccs.obj (.text)
                  0000778c    0000000a     rtsv7M4_T_le_v4SPD16_eabi.lib : sprintf.c.obj (.text:_outc)
                  00007796    00000002     --HOLE-- [fill = 0]
                  00007798    00000008                                   : errno.c.obj (.text:__aeabi_errno_addr)
                  000077a0    00000006     sysctl.obj (.text:SysCtlDelay)
                  000077a6    00000004     rtsv7M4_T_le_v4SPD16_eabi.lib : pre_init.c.obj (.text:_system_pre_init)
                  000077aa    00000004                                   : exit.c.obj (.text:abort:abort)

.const     0    000077b0    000007ec     
                  000077b0    000001b0     sysctl.obj (.const:g_pppui32XTALtoVCO)
                  00007960    00000101     rtsv7M4_T_le_v4SPD16_eabi.lib : ctype.c.obj (.const:.string:_ctypes_)
                  00007a61    00000003     --HOLE-- [fill = 0]
                  00007a64    000000d8     gpio.obj (.const:g_ppui32GPIOIntMapSnowflake)
                  00007b3c    000000c0     gpio.obj (.const:g_ppui32GPIOIntMapBlizzard)
                  00007bfc    0000009c     interrupt.obj (.const:g_pui32Regs)
                  00007c98    00000090     gpio.obj (.const:g_pui32GPIOBaseAddrs)
                  00007d28    0000006c     sysctl.obj (.const:g_pui32Xtals)
                  00007d94    00000060     timer.obj (.const:g_ppui32TimerIntMap)
                  00007df4    00000040     timer.obj (.const:g_ppui32TimerIntMapSnowflake)
                  00007e34    00000040     uart.obj (.const:g_ppui32UARTIntMap)
                  00007e74    00000040     uart.obj (.const:g_ppui32UARTIntMapSnowflake)
                  00007eb4    00000030     sysctl.obj (.const:g_sXTALtoMEMTIM)
                  00007ee4    00000020     interrupt.obj (.const:g_pui32Priority)
                  00007f04    00000014     interrupt.obj (.const:g_pui32Dii16Regs)
                  00007f18    00000014     interrupt.obj (.const:g_pui32EnRegs)
                  00007f2c    00000014     interrupt.obj (.const:g_pui32PendRegs)
                  00007f40    00000014     interrupt.obj (.const:g_pui32UnpendRegs)
                  00007f54    00000012     uartstdio.obj (.const:.string)
                  00007f66    00000002     --HOLE-- [fill = 0]
                  00007f68    0000000c     uartstdio.obj (.const:g_ui32UARTBase)
                  00007f74    0000000c     uartstdio.obj (.const:g_ui32UARTInt)
                  00007f80    0000000c     uartstdio.obj (.const:g_ui32UARTPeriph)
                  00007f8c    00000008     sysctl.obj (.const:g_pui32VCOFrequencies)
                  00007f94    00000004     port.obj (.const)
                  00007f98    00000004     uartstdio.obj (.const)

.cinit     0    00007fa0    00000050     
                  00007fa0    00000018     (.cinit..data.load) [load image, compression = lzss]
                  00007fb8    0000000c     (__TI_handler_table)
                  00007fc4    00000004     --HOLE-- [fill = 0]
                  00007fc8    00000008     (.cinit..bss.load) [load image, compression = zero_init]
                  00007fd0    00000008     (.cinit..vtable.load) [load image, compression = zero_init]
                  00007fd8    00000018     (__TI_cinit_table)

.init_array 
*          0    00000000    00000000     UNINITIALIZED

.vtable    0    20000000    0000026c     UNINITIALIZED
                  20000000    0000026c     interrupt.obj (.vtable)

.bss       0    2000026c    00005468     UNINITIALIZED
                  2000026c    00005000     heap_4.obj (.bss:ucHeap)
                  2000526c    00000200     uartstdio.obj (.bss:g_pcUARTRxHistoryBuffer)
                  2000546c    00000140     tasks.obj (.bss:pxReadyTasksLists)
                  200055ac    00000050     (.common:xQueueRegistry)
                  200055fc    00000020     uartstdio.obj (.bss:g_usUARTRxHistoryOffset)
                  2000561c    00000014     timers.obj (.bss:xActiveTimerList1)
                  20005630    00000014     timers.obj (.bss:xActiveTimerList2)
                  20005644    00000014     tasks.obj (.bss:xDelayedTaskList1)
                  20005658    00000014     tasks.obj (.bss:xDelayedTaskList2)
                  2000566c    00000014     tasks.obj (.bss:xPendingReadyList)
                  20005680    00000014     tasks.obj (.bss:xSuspendedTaskList)
                  20005694    00000014     tasks.obj (.bss:xTasksWaitingTermination)
                  200056a8    00000010     uartstdio.obj (.bss)
                  200056b8    00000008     tasks.obj (.bss)
                  200056c0    00000008     timers.obj (.bss)
                  200056c8    00000008     heap_4.obj (.bss:xStart)
                  200056d0    00000004     (.common:FlagsEventos)

.data      0    20005ed8    00000070     UNINITIALIZED
                  20005ed8    0000003c     tasks.obj (.data)
                  20005f14    00000010     heap_4.obj (.data)
                  20005f24    0000000c     timers.obj (.data)
                  20005f30    0000000c     uartstdio.obj (.data)
                  20005f3c    00000004     port.obj (.data)
                  20005f40    00000004     rtsv7M4_T_le_v4SPD16_eabi.lib : errno.c.obj (.data)
                  20005f44    00000003     buttons.obj (.data)
                  20005f47    00000001     FlagsEventos.obj (.data)

.stack     0    200056d8    00000800     UNINITIALIZED
                  200056d8    00000004     rtsv7M4_T_le_v4SPD16_eabi.lib : boot_cortex_m.c.obj (.stack)
                  200056dc    000007fc     --HOLE--

MODULE SUMMARY

       Module                       code    ro data   rw data
       ------                       ----    -------   -------
    .\
       FlagsEventos.obj             1512    0         5      
       startup_ccs.obj              12      620       0      
       Movimientos.obj              208     0         0      
    +--+----------------------------+-------+---------+---------+
       Total:                       1732    620       5      
                                                             
    .\FreeRTOS\Source\
       tasks.obj                    5244    0         488    
       queue.obj                    2288    0         80     
       timers.obj                   1244    0         60     
       event_groups.obj             640     0         0      
       list.obj                     148     0         0      
    +--+----------------------------+-------+---------+---------+
       Total:                       9564    0         628    
                                                             
    .\FreeRTOS\Source\portable\CCS\ARM_CM4F\
       port.obj                     260     4         4      
       portasm.obj                  218     0         0      
    +--+----------------------------+-------+---------+---------+
       Total:                       478     4         4      
                                                             
    .\FreeRTOS\Source\portable\MemMang\
       heap_4.obj                   440     0         20504  
    +--+----------------------------+-------+---------+---------+
       Total:                       440     0         20504  
                                                             
    .\driverlib\
       sysctl.obj                   2726    596       0      
       gpio.obj                     1700    552       0      
       interrupt.obj                676     268       620    
       timer.obj                    772     160       0      
       pwm.obj                      924     0         0      
       uart.obj                     760     128       0      
       cpu.obj                      54      0         0      
    +--+----------------------------+-------+---------+---------+
       Total:                       7612    1704      620    
                                                             
    .\drivers\
       buttons.obj                  248     0         3      
    +--+----------------------------+-------+---------+---------+
       Total:                       248     0         3      
                                                             
    .\utils\
       uartstdio.obj                2036    58        572    
       RunTimeStatsConfig.obj       136     0         0      
    +--+----------------------------+-------+---------+---------+
       Total:                       2172    58        572    
                                                             
    C:\ti\ccs901\ccs\tools\compiler\ti-cgt-arm_18.12.1.LTS\lib\rtsv7M4_T_le_v4SPD16_eabi.lib
       _printfi.c.obj               4851    0         0      
       fd_add_t2.asm.obj            438     0         0      
       fd_div_t2.asm.obj            310     0         0      
       s_scalbn.c.obj               272     0         0      
       fd_cmp_t2.asm.obj            268     0         0      
       ctype.c.obj                  0       257       0      
       fd_mul_t2.asm.obj            252     0         0      
       memcpy_t2.asm.obj            156     0         0      
       ull_div_t2.asm.obj           150     0         0      
       memset_t2.asm.obj            122     0         0      
       copy_decompress_lzss.c.obj   104     0         0      
       s_frexp.c.obj                100     0         0      
       sprintf.c.obj                98      0         0      
       ltoa.c.obj                   84      0         0      
       atoi.c.obj                   76      0         0      
       fd_toi_t2.asm.obj            72      0         0      
       autoinit.c.obj               68      0         0      
       u_divt2.asm.obj              64      0         0      
       boot_cortex_m.c.obj          52      0         0      
       i_tofd_t2.asm.obj            46      0         0      
       memccpy.c.obj                28      0         0      
       s_copysign.c.obj             26      0         0      
       strchr.c.obj                 22      0         0      
       strcpy.c.obj                 20      0         0      
       strlen.c.obj                 20      0         0      
       wcslen.c.obj                 18      0         0      
       copy_decompress_none.c.obj   14      0         0      
       copy_zero_init.c.obj         12      0         0      
       errno.c.obj                  8       0         4      
       exit.c.obj                   4       0         0      
       pre_init.c.obj               4       0         0      
       div0.asm.obj                 2       0         0      
    +--+----------------------------+-------+---------+---------+
       Total:                       7761    257       4      
                                                             
       Stack:                       0       0         2048   
       Linker Generated:            0       76        0      
    +--+----------------------------+-------+---------+---------+
       Grand Total:                 30007   2719      24388  


LINKER GENERATED COPY TABLES

__TI_cinit_table @ 00007fd8 records: 3, size/record: 8, table size: 24
	.data: load addr=00007fa0, load size=00000018 bytes, run addr=20005ed8, run size=00000070 bytes, compression=lzss
	.bss: load addr=00007fc8, load size=00000008 bytes, run addr=2000026c, run size=00005468 bytes, compression=zero_init
	.vtable: load addr=00007fd0, load size=00000008 bytes, run addr=20000000, run size=0000026c bytes, compression=zero_init


LINKER GENERATED HANDLER TABLE

__TI_handler_table @ 00007fb8 records: 3, size/record: 4, table size: 12
	index: 0, handler: __TI_zero_init
	index: 1, handler: __TI_decompress_lzss
	index: 2, handler: __TI_decompress_none


GLOBAL SYMBOLS: SORTED ALPHABETICALLY BY Name 

address   name                               
-------   ----                               
00006bbb  ButtonsInit                        
00006b39  ButtonsPoll                        
000077ab  C$$EXIT                            
00007637  CPUbasepriGet                      
00007631  CPUbasepriSet                      
00007625  CPUcpsid                           
00007619  CPUcpsie                           
0000760f  CPUprimask                         
0000760b  CPUwfi                             
200056d0  FlagsEventos                       
0000433b  GPIOADCTriggerDisable              
0000432f  GPIOADCTriggerEnable               
00004321  GPIODMATriggerDisable              
00004315  GPIODMATriggerEnable               
000042eb  GPIODirModeGet                     
00003cc9  GPIODirModeSet                     
00004673  GPIOEIntHandler                    
00004863  GPIOFIntHandler                    
000042e5  GPIOIntClear                       
000042d7  GPIOIntDisable                     
000042cb  GPIOIntEnable                      
000042b3  GPIOIntRegister                    
00004297  GPIOIntRegisterPin                 
00004289  GPIOIntStatus                      
0000423b  GPIOIntTypeGet                     
000041db  GPIOIntTypeSet                     
000041c7  GPIOIntUnregister                  
000041af  GPIOIntUnregisterPin               
000040cf  GPIOPadConfigGet                   
00003cf9  GPIOPadConfigSet                   
00004091  GPIOPinConfigure                   
0000408b  GPIOPinRead                        
00004075  GPIOPinTypeADC                     
0000405f  GPIOPinTypeCAN                     
00004049  GPIOPinTypeComparator              
00004033  GPIOPinTypeComparatorOutput        
0000401d  GPIOPinTypeDIVSCLK                 
00004007  GPIOPinTypeEPI                     
00003ff1  GPIOPinTypeEthernetLED             
00003fdb  GPIOPinTypeEthernetMII             
00003fc5  GPIOPinTypeGPIOInput               
00003fad  GPIOPinTypeGPIOOutput              
00003f95  GPIOPinTypeGPIOOutputOD            
00003f7f  GPIOPinTypeHibernateRTCCLK         
00003f69  GPIOPinTypeI2C                     
00003f53  GPIOPinTypeI2CSCL                  
00003f3d  GPIOPinTypeLCD                     
00003f27  GPIOPinTypeOneWire                 
00003f11  GPIOPinTypePWM                     
00003efb  GPIOPinTypeQEI                     
00003ee5  GPIOPinTypeSSI                     
00003ecf  GPIOPinTypeTimer                   
00003eb9  GPIOPinTypeTrace                   
00003ea3  GPIOPinTypeUART                    
00003e8d  GPIOPinTypeUSBAnalog               
00003e77  GPIOPinTypeUSBDigital              
00003e5f  GPIOPinTypeWakeHigh                
00003e47  GPIOPinTypeWakeLow                 
00003cc3  GPIOPinWakeStatus                  
00003cbd  GPIOPinWrite                       
000076a5  GetOverflowCounts                  
000059cd  IntDisable                         
00005973  IntEnable                          
0000591b  IntIsEnabled                       
0000590b  IntMasterDisable                   
000058fb  IntMasterEnable                    
000058bf  IntPendClear                       
00005875  IntPendSet                         
0000585b  IntPriorityGet                     
00005839  IntPriorityGroupingGet             
00005827  IntPriorityGroupingSet             
00007637  IntPriorityMaskGet                 
00007631  IntPriorityMaskSet                 
000057fb  IntPrioritySet                     
000057d1  IntRegister                        
000057c9  IntTrigger                         
000057bf  IntUnregister                      
00006d0d  MovimientosBasicos                 
0000518b  PWMClockGet                        
0000517b  PWMClockSet                        
0000516f  PWMDeadBandDisable                 
0000515f  PWMDeadBandEnable                  
00005157  PWMFaultIntClear                   
00005153  PWMFaultIntClearExt                
0000513b  PWMFaultIntRegister                
00005127  PWMFaultIntUnregister              
000050c5  PWMGenConfigure                    
000050bb  PWMGenDisable                      
000050b1  PWMGenEnable                       
0000509b  PWMGenFaultClear                   
0000508b  PWMGenFaultConfigure               
00005075  PWMGenFaultStatus                  
00005067  PWMGenFaultTriggerGet              
00005055  PWMGenFaultTriggerSet              
0000504f  PWMGenIntClear                     
00005037  PWMGenIntRegister                  
0000502b  PWMGenIntStatus                    
00005021  PWMGenIntTrigDisable               
00005017  PWMGenIntTrigEnable                
00005003  PWMGenIntUnregister                
00004f2d  PWMGenPeriodGet                    
00004f19  PWMGenPeriodSet                    
00004f0f  PWMIntDisable                      
00004f07  PWMIntEnable                       
00004efd  PWMIntStatus                       
00004ee7  PWMOutputFault                     
00004ed1  PWMOutputFaultLevel                
00004ebb  PWMOutputInvert                    
00004ea5  PWMOutputState                     
00004e6b  PWMOutputUpdateMode                
00004e4b  PWMPulseWidthGet                   
00004e2d  PWMPulseWidthSet                   
00004e29  PWMSyncTimeBase                    
00004e25  PWMSyncUpdate                      
00007781  ResetISR                           
00002131  SysCtlAltClkConfig                 
00001f41  SysCtlClockFreqSet                 
00001d81  SysCtlClockGet                     
00001d59  SysCtlClockOutConfig               
00001c75  SysCtlClockSet                     
00001c4d  SysCtlDeepSleep                    
00001bf1  SysCtlDeepSleepClockConfigSet      
00001be5  SysCtlDeepSleepClockSet            
00001bdf  SysCtlDeepSleepPowerSet            
000077a1  SysCtlDelay                        
00001bb9  SysCtlFlashSectorSizeGet           
00001b89  SysCtlFlashSizeGet                 
00001b73  SysCtlGPIOAHBDisable               
00001b5d  SysCtlGPIOAHBEnable                
00001b49  SysCtlIntClear                     
00001b3b  SysCtlIntDisable                   
00001b2f  SysCtlIntEnable                    
00001b1d  SysCtlIntRegister                  
00001b0d  SysCtlIntStatus                    
00001afd  SysCtlIntUnregister                
00001af5  SysCtlLDODeepSleepGet              
00001aed  SysCtlLDODeepSleepSet              
00001ae5  SysCtlLDOSleepGet                  
00001add  SysCtlLDOSleepSet                  
00001ad5  SysCtlMOSCConfigSet                
00001abd  SysCtlNMIClear                     
00001ab5  SysCtlNMIStatus                    
00001a6d  SysCtlPIOSCCalibrate               
00001a55  SysCtlPWMClockGet                  
00001a47  SysCtlPWMClockSet                  
00001a05  SysCtlPeripheralClockGating        
000019d7  SysCtlPeripheralDeepSleepDisable   
000019a9  SysCtlPeripheralDeepSleepEnable    
0000197b  SysCtlPeripheralDisable            
0000194d  SysCtlPeripheralEnable             
0000191f  SysCtlPeripheralPowerOff           
000018f1  SysCtlPeripheralPowerOn            
000018bf  SysCtlPeripheralPresent            
0000188d  SysCtlPeripheralReady              
0000181f  SysCtlPeripheralReset              
000017f1  SysCtlPeripheralSleepDisable       
000017c3  SysCtlPeripheralSleepEnable        
000017bb  SysCtlReset                        
000017b3  SysCtlResetBehaviorGet             
000017ab  SysCtlResetBehaviorSet             
0000179d  SysCtlResetCauseClear              
00001795  SysCtlResetCauseGet                
00001787  SysCtlSRAMSizeGet                  
0000760b  SysCtlSleep                        
0000177f  SysCtlSleepPowerSet                
00001771  SysCtlUSBPLLDisable                
00001763  SysCtlUSBPLLEnable                 
00001701  SysCtlVCOGet                       
000016f7  SysCtlVoltageEventClear            
000016ef  SysCtlVoltageEventConfig           
000016e9  SysCtlVoltageEventStatus           
000054a9  TimerADCEventGet                   
000054a5  TimerADCEventSet                   
0000549f  TimerClockSourceGet                
00005499  TimerClockSourceSet                
00005441  TimerConfigure                     
0000542f  TimerControlEvent                  
00005419  TimerControlLevel                  
00005403  TimerControlStall                  
000053c3  TimerControlTrigger                
00005389  TimerControlWaitOnTrigger          
00005385  TimerDMAEventGet                   
00005381  TimerDMAEventSet                   
0000536d  TimerDisable                       
0000535f  TimerEnable                        
0000535b  TimerIntClear                      
00005351  TimerIntDisable                    
00005349  TimerIntEnable                     
00005331  TimerIntRegister                   
00005327  TimerIntStatus                     
00005313  TimerIntUnregister                 
000052c7  TimerLoadGet                       
000052b1  TimerLoadGet64                     
0000529f  TimerLoadSet                       
00005299  TimerLoadSet64                     
0000528d  TimerMatchGet                      
00005277  TimerMatchGet64                    
00005265  TimerMatchSet                      
0000525f  TimerMatchSet64                    
00005253  TimerPrescaleGet                   
00005247  TimerPrescaleMatchGet              
00005235  TimerPrescaleMatchSet              
00005223  TimerPrescaleSet                   
00005219  TimerRTCDisable                    
0000520f  TimerRTCEnable                     
0000520b  TimerSynchronize                   
000051e3  TimerUpdateMode                    
000051d7  TimerValueGet                      
000051c1  TimerValueGet64                    
0000577f  UART9BitAddrSend                   
00005775  UART9BitAddrSet                    
00005767  UART9BitDisable                    
00005759  UART9BitEnable                     
00005745  UARTBreakCtl                       
0000573d  UARTBusy                           
00005733  UARTCharGet                        
00005723  UARTCharGetNonBlocking             
00005719  UARTCharPut                        
00005709  UARTCharPutNonBlocking             
000056fb  UARTCharsAvail                     
000056f5  UARTClockSourceGet                 
000056ef  UARTClockSourceSet                 
000056c7  UARTConfigGetExpClk                
00005683  UARTConfigSetExpClk                
00005679  UARTDMADisable                     
00005671  UARTDMAEnable                      
00005659  UARTDisable                        
0000564f  UARTDisableSIR                     
00003c71  UARTEchoSet                        
0000563b  UARTEnable                         
00005623  UARTEnableSIR                      
00005619  UARTFIFODisable                    
0000560f  UARTFIFOEnable                     
000055ff  UARTFIFOLevelGet                   
000055f9  UARTFIFOLevelSet                   
000055f1  UARTFlowControlGet                 
000055e5  UARTFlowControlSet                 
00003b63  UARTFlushRx                        
00003b75  UARTFlushTx                        
000055e1  UARTIntClear                       
000055d7  UARTIntDisable                     
000055cf  UARTIntEnable                      
000055b7  UARTIntRegister                    
000055ad  UARTIntStatus                      
00005599  UARTIntUnregister                  
00005559  UARTLoopbackEnable                 
00005547  UARTModemControlClear              
0000553f  UARTModemControlGet                
00005533  UARTModemControlSet                
00005529  UARTModemStatusGet                 
00005521  UARTParityModeGet                  
00005515  UARTParityModeSet                  
00003c63  UARTRxBytesAvail                   
0000550f  UARTRxErrorClear                   
00005507  UARTRxErrorGet                     
000054fd  UARTSmartCardDisable               
000054e7  UARTSmartCardEnable                
000054d9  UARTSpaceAvail                     
00003b9d  UARTStdioConfig                    
00003a99  UARTStdioIntHandler                
00003a7d  UARTTxBytesFree                    
000054d1  UARTTxIntModeGet                   
000054c5  UARTTxIntModeSet                   
00003a67  UARTgetc                           
000037a5  UARTgets                           
0000376d  UARTprintf                         
00003575  UARTvprintf                        
0000351b  UARTwrite                          
20005ed8  __STACK_END                        
00000800  __STACK_SIZE                       
20005ed8  __STACK_TOP                        
00007fd8  __TI_CINIT_Base                    
00007ff0  __TI_CINIT_Limit                   
00007fb8  __TI_Handler_Table_Base            
00007fc4  __TI_Handler_Table_Limit           
00007509  __TI_auto_init_nobinit_nopinit     
00007249  __TI_decompress_lzss               
00007767  __TI_decompress_none               
ffffffff  __TI_pprof_out_hndl                
00002189  __TI_printfi                       
ffffffff  __TI_prof_data_size                
ffffffff  __TI_prof_data_start               
00000000  __TI_static_base__                 
00007775  __TI_zero_init                     
00007055  __aeabi_cdcmpeq                    
00007055  __aeabi_cdcmple                    
000070db  __aeabi_cdrcmple                   
000074c1  __aeabi_d2iz                       
000062e3  __aeabi_dadd                       
000065cd  __aeabi_ddiv                       
00006a3d  __aeabi_dmul                       
000062d9  __aeabi_dsub                       
00007799  __aeabi_errno_addr                 
00007675  __aeabi_i2d                        
00002bd7  __aeabi_idiv0                      
00002bd7  __aeabi_ldiv0                      
00007161  __aeabi_memclr                     
00007161  __aeabi_memclr4                    
00007161  __aeabi_memclr8                    
00006e8f  __aeabi_memcpy                     
00006e8f  __aeabi_memcpy4                    
00006e8f  __aeabi_memcpy8                    
00007163  __aeabi_memset                     
00007163  __aeabi_memset4                    
00007163  __aeabi_memset8                    
0000754d  __aeabi_uidiv                      
0000754d  __aeabi_uidivmod                   
00006f2b  __aeabi_uldivmod                   
ffffffff  __binit__                          
ffffffff  __c_args__                         
UNDEFED   __mpu_init                         
200056d8  __stack                            
00007641  _c_int00_noargs                    
00007960  _ctypes_                           
UNDEFED   _system_post_cinit                 
000077a7  _system_pre_init                   
000077ab  abort                              
00007475  atoi                               
ffffffff  binit                              
20005f47  compensacion                       
000076e5  copysign                           
000076e5  copysignl                          
00001079  eTaskGetState                      
20005f40  errno                              
00007315  frexp                              
00007315  frexpl                             
20000000  g_pfnRAMVectors                    
00000000  g_pfnVectors                       
00006829  ldexp                              
00006829  ldexpl                             
000073cf  ltoa                               
000046c1  main                               
000076c9  memccpy                            
00006e8f  memcpy                             
00007169  memset                             
0000349b  pcQueueGetName                     
0000169b  pcTaskGetName                      
00004e13  pcTimerGetName                     
00006215  pvPortMalloc                       
0000160f  pvTaskIncrementMutexHeldCount      
00004b21  pvTimerGetTimerID                  
20005ed8  pxCurrentTCB                       
000069f9  pxPortInitialiseStack              
00006829  scalbn                             
00006829  scalbnl                            
0000758d  sprintf                            
00007717  strchr                             
0000772d  strcpy                             
00007741  strlen                             
00003495  ucQueueGetQueueType                
00007f94  ulMaxSyscallInterruptPriority      
00006c41  ulPortGetIPSR                      
000015af  ulTaskNotifyTake                   
00005ccb  uxEventGroupGetNumber              
0000702f  uxListRemove                       
00003491  uxQueueGetQueueNumber              
0000347f  uxQueueMessagesWaiting             
0000347b  uxQueueMessagesWaitingFromISR      
00003465  uxQueueSpacesAvailable             
000015a9  uxTaskGetNumberOfTasks             
0000159d  uxTaskGetStackHighWaterMark        
000011bf  uxTaskGetSystemState               
00001593  uxTaskGetTaskNumber                
0000157b  uxTaskPriorityGet                  
0000155b  uxTaskPriorityGetFromISR           
00001547  uxTaskResetEventItemValue          
00004b1d  uxTimerGetTimerNumber              
00004363  vApplicationIdleHook               
00004361  vApplicationStackOverflowHook      
000072b1  vConfigureTimerForRunTimeStats     
00005cc7  vEventGroupClearBitsCallback       
00005c9f  vEventGroupDelete                  
00005c9b  vEventGroupSetBitsCallback         
00005c97  vEventGroupSetNumber               
00007011  vListInitialise                    
0000700b  vListInitialiseItem                
00006fd9  vListInsert                        
00006fc1  vListInsertEnd                     
00006cfd  vPortEnableVFP                     
000069f7  vPortEndScheduler                  
000069df  vPortEnterCritical                 
000069cd  vPortExitCritical                  
00006187  vPortFree                          
0000612d  vPortInitialiseBlocks              
00006cb9  vPortSVCHandler                    
0000696f  vPortSetupTimerInterrupt           
00006cd9  vPortStartFirstTask                
0000343f  vQueueAddToRegistry                
0000342f  vQueueDelete                       
0000342b  vQueueSetQueueNumber               
00003405  vQueueUnregisterQueue              
000033bd  vQueueWaitForMessageRestricted     
00001519  vTaskDelay                         
000014c1  vTaskDelayUntil                    
0000141f  vTaskDelete                        
000013f5  vTaskEndScheduler                  
000010f3  vTaskGetInfo                       
00001355  vTaskGetRunTimeStats               
00000b17  vTaskInternalSetTimeOutState       
00001281  vTaskList                          
00001067  vTaskMissedYield                   
00000fe5  vTaskNotifyGiveFromISR             
00000fb5  vTaskPlaceOnEventList              
00000f95  vTaskPlaceOnEventListRestricted    
00000f71  vTaskPlaceOnUnorderedEventList     
00000eef  vTaskPriorityDisinheritAfterTimeout
00000e3d  vTaskPrioritySet                   
00000ddd  vTaskRemoveFromUnorderedEventList  
00000d7d  vTaskResume                        
00000d6f  vTaskSetTaskNumber                 
00000d55  vTaskSetTimeOutState               
00000d09  vTaskStartScheduler                
00000c39  vTaskSuspend                       
00000c2b  vTaskSuspendAll                    
00000b85  vTaskSwitchContext                 
00004af1  vTimerSetReloadMode                
00004adf  vTimerSetTimerID                   
00004adb  vTimerSetTimerNumber               
00007755  wcslen                             
00005c7d  xEventGroupClearBits               
00005c6b  xEventGroupClearBitsFromISR        
00005c51  xEventGroupCreate                  
00005c37  xEventGroupGetBitsFromISR          
00005b27  xEventGroupSetBits                 
00005c25  xEventGroupSetBitsFromISR          
00005b99  xEventGroupSync                    
00005a79  xEventGroupWaitBits                
00006127  xPortGetFreeHeapSize               
00006121  xPortGetMinimumEverFreeHeapSize    
00006c59  xPortPendSVHandler                 
00006999  xPortStartScheduler                
00006939  xPortSysTickHandler                
000033a7  xQueueCreateCountingSemaphore      
00003391  xQueueCreateMutex                  
0000334d  xQueueGenericCreate                
000032bd  xQueueGenericReset                 
000030ed  xQueueGenericSend                  
0000325f  xQueueGenericSendFromISR           
0000320d  xQueueGiveFromISR                  
000031e1  xQueueGiveMutexRecursive           
00003053  xQueueIsQueueEmptyFromISR          
00003043  xQueueIsQueueFullFromISR           
00002f57  xQueuePeek                         
00002f27  xQueuePeekFromISR                  
00002e37  xQueueReceive                      
00002ddb  xQueueReceiveFromISR               
200055ac  xQueueRegistry                     
00002c6d  xQueueSemaphoreTake                
00002d87  xQueueTakeMutexRecursive           
00000b29  xTaskCheckForTimeOut               
00000ab5  xTaskCreate                        
0000086f  xTaskGenericNotify                 
000007b5  xTaskGenericNotifyFromISR          
000007a9  xTaskGetCurrentTaskHandle          
00000791  xTaskGetSchedulerState             
0000078b  xTaskGetTickCount                  
00000785  xTaskGetTickCountFromISR           
0000031b  xTaskIncrementTick                 
00000759  xTaskNotifyStateClear              
000006cd  xTaskNotifyWait                    
000005c5  xTaskPriorityDisinherit            
00000515  xTaskPriorityInherit               
000004ad  xTaskRemoveFromEventList           
000003f5  xTaskResumeAll                     
00000289  xTaskResumeFromISR                 
00004aa7  xTimerCreate                       
00004a43  xTimerCreateTimerTask              
000049b3  xTimerGenericCommand               
000049af  xTimerGetExpiryTime                
000049ab  xTimerGetPeriod                    
000049a5  xTimerGetTimerDaemonTaskHandle     
0000498d  xTimerIsTimerActive                
0000496b  xTimerPendFunctionCall             
00004949  xTimerPendFunctionCallFromISR      


GLOBAL SYMBOLS: SORTED BY Symbol Address 

address   name                               
-------   ----                               
00000000  __TI_static_base__                 
00000000  g_pfnVectors                       
00000289  xTaskResumeFromISR                 
0000031b  xTaskIncrementTick                 
000003f5  xTaskResumeAll                     
000004ad  xTaskRemoveFromEventList           
00000515  xTaskPriorityInherit               
000005c5  xTaskPriorityDisinherit            
000006cd  xTaskNotifyWait                    
00000759  xTaskNotifyStateClear              
00000785  xTaskGetTickCountFromISR           
0000078b  xTaskGetTickCount                  
00000791  xTaskGetSchedulerState             
000007a9  xTaskGetCurrentTaskHandle          
000007b5  xTaskGenericNotifyFromISR          
00000800  __STACK_SIZE                       
0000086f  xTaskGenericNotify                 
00000ab5  xTaskCreate                        
00000b17  vTaskInternalSetTimeOutState       
00000b29  xTaskCheckForTimeOut               
00000b85  vTaskSwitchContext                 
00000c2b  vTaskSuspendAll                    
00000c39  vTaskSuspend                       
00000d09  vTaskStartScheduler                
00000d55  vTaskSetTimeOutState               
00000d6f  vTaskSetTaskNumber                 
00000d7d  vTaskResume                        
00000ddd  vTaskRemoveFromUnorderedEventList  
00000e3d  vTaskPrioritySet                   
00000eef  vTaskPriorityDisinheritAfterTimeout
00000f71  vTaskPlaceOnUnorderedEventList     
00000f95  vTaskPlaceOnEventListRestricted    
00000fb5  vTaskPlaceOnEventList              
00000fe5  vTaskNotifyGiveFromISR             
00001067  vTaskMissedYield                   
00001079  eTaskGetState                      
000010f3  vTaskGetInfo                       
000011bf  uxTaskGetSystemState               
00001281  vTaskList                          
00001355  vTaskGetRunTimeStats               
000013f5  vTaskEndScheduler                  
0000141f  vTaskDelete                        
000014c1  vTaskDelayUntil                    
00001519  vTaskDelay                         
00001547  uxTaskResetEventItemValue          
0000155b  uxTaskPriorityGetFromISR           
0000157b  uxTaskPriorityGet                  
00001593  uxTaskGetTaskNumber                
0000159d  uxTaskGetStackHighWaterMark        
000015a9  uxTaskGetNumberOfTasks             
000015af  ulTaskNotifyTake                   
0000160f  pvTaskIncrementMutexHeldCount      
0000169b  pcTaskGetName                      
000016e9  SysCtlVoltageEventStatus           
000016ef  SysCtlVoltageEventConfig           
000016f7  SysCtlVoltageEventClear            
00001701  SysCtlVCOGet                       
00001763  SysCtlUSBPLLEnable                 
00001771  SysCtlUSBPLLDisable                
0000177f  SysCtlSleepPowerSet                
00001787  SysCtlSRAMSizeGet                  
00001795  SysCtlResetCauseGet                
0000179d  SysCtlResetCauseClear              
000017ab  SysCtlResetBehaviorSet             
000017b3  SysCtlResetBehaviorGet             
000017bb  SysCtlReset                        
000017c3  SysCtlPeripheralSleepEnable        
000017f1  SysCtlPeripheralSleepDisable       
0000181f  SysCtlPeripheralReset              
0000188d  SysCtlPeripheralReady              
000018bf  SysCtlPeripheralPresent            
000018f1  SysCtlPeripheralPowerOn            
0000191f  SysCtlPeripheralPowerOff           
0000194d  SysCtlPeripheralEnable             
0000197b  SysCtlPeripheralDisable            
000019a9  SysCtlPeripheralDeepSleepEnable    
000019d7  SysCtlPeripheralDeepSleepDisable   
00001a05  SysCtlPeripheralClockGating        
00001a47  SysCtlPWMClockSet                  
00001a55  SysCtlPWMClockGet                  
00001a6d  SysCtlPIOSCCalibrate               
00001ab5  SysCtlNMIStatus                    
00001abd  SysCtlNMIClear                     
00001ad5  SysCtlMOSCConfigSet                
00001add  SysCtlLDOSleepSet                  
00001ae5  SysCtlLDOSleepGet                  
00001aed  SysCtlLDODeepSleepSet              
00001af5  SysCtlLDODeepSleepGet              
00001afd  SysCtlIntUnregister                
00001b0d  SysCtlIntStatus                    
00001b1d  SysCtlIntRegister                  
00001b2f  SysCtlIntEnable                    
00001b3b  SysCtlIntDisable                   
00001b49  SysCtlIntClear                     
00001b5d  SysCtlGPIOAHBEnable                
00001b73  SysCtlGPIOAHBDisable               
00001b89  SysCtlFlashSizeGet                 
00001bb9  SysCtlFlashSectorSizeGet           
00001bdf  SysCtlDeepSleepPowerSet            
00001be5  SysCtlDeepSleepClockSet            
00001bf1  SysCtlDeepSleepClockConfigSet      
00001c4d  SysCtlDeepSleep                    
00001c75  SysCtlClockSet                     
00001d59  SysCtlClockOutConfig               
00001d81  SysCtlClockGet                     
00001f41  SysCtlClockFreqSet                 
00002131  SysCtlAltClkConfig                 
00002189  __TI_printfi                       
00002bd7  __aeabi_idiv0                      
00002bd7  __aeabi_ldiv0                      
00002c6d  xQueueSemaphoreTake                
00002d87  xQueueTakeMutexRecursive           
00002ddb  xQueueReceiveFromISR               
00002e37  xQueueReceive                      
00002f27  xQueuePeekFromISR                  
00002f57  xQueuePeek                         
00003043  xQueueIsQueueFullFromISR           
00003053  xQueueIsQueueEmptyFromISR          
000030ed  xQueueGenericSend                  
000031e1  xQueueGiveMutexRecursive           
0000320d  xQueueGiveFromISR                  
0000325f  xQueueGenericSendFromISR           
000032bd  xQueueGenericReset                 
0000334d  xQueueGenericCreate                
00003391  xQueueCreateMutex                  
000033a7  xQueueCreateCountingSemaphore      
000033bd  vQueueWaitForMessageRestricted     
00003405  vQueueUnregisterQueue              
0000342b  vQueueSetQueueNumber               
0000342f  vQueueDelete                       
0000343f  vQueueAddToRegistry                
00003465  uxQueueSpacesAvailable             
0000347b  uxQueueMessagesWaitingFromISR      
0000347f  uxQueueMessagesWaiting             
00003491  uxQueueGetQueueNumber              
00003495  ucQueueGetQueueType                
0000349b  pcQueueGetName                     
0000351b  UARTwrite                          
00003575  UARTvprintf                        
0000376d  UARTprintf                         
000037a5  UARTgets                           
00003a67  UARTgetc                           
00003a7d  UARTTxBytesFree                    
00003a99  UARTStdioIntHandler                
00003b63  UARTFlushRx                        
00003b75  UARTFlushTx                        
00003b9d  UARTStdioConfig                    
00003c63  UARTRxBytesAvail                   
00003c71  UARTEchoSet                        
00003cbd  GPIOPinWrite                       
00003cc3  GPIOPinWakeStatus                  
00003cc9  GPIODirModeSet                     
00003cf9  GPIOPadConfigSet                   
00003e47  GPIOPinTypeWakeLow                 
00003e5f  GPIOPinTypeWakeHigh                
00003e77  GPIOPinTypeUSBDigital              
00003e8d  GPIOPinTypeUSBAnalog               
00003ea3  GPIOPinTypeUART                    
00003eb9  GPIOPinTypeTrace                   
00003ecf  GPIOPinTypeTimer                   
00003ee5  GPIOPinTypeSSI                     
00003efb  GPIOPinTypeQEI                     
00003f11  GPIOPinTypePWM                     
00003f27  GPIOPinTypeOneWire                 
00003f3d  GPIOPinTypeLCD                     
00003f53  GPIOPinTypeI2CSCL                  
00003f69  GPIOPinTypeI2C                     
00003f7f  GPIOPinTypeHibernateRTCCLK         
00003f95  GPIOPinTypeGPIOOutputOD            
00003fad  GPIOPinTypeGPIOOutput              
00003fc5  GPIOPinTypeGPIOInput               
00003fdb  GPIOPinTypeEthernetMII             
00003ff1  GPIOPinTypeEthernetLED             
00004007  GPIOPinTypeEPI                     
0000401d  GPIOPinTypeDIVSCLK                 
00004033  GPIOPinTypeComparatorOutput        
00004049  GPIOPinTypeComparator              
0000405f  GPIOPinTypeCAN                     
00004075  GPIOPinTypeADC                     
0000408b  GPIOPinRead                        
00004091  GPIOPinConfigure                   
000040cf  GPIOPadConfigGet                   
000041af  GPIOIntUnregisterPin               
000041c7  GPIOIntUnregister                  
000041db  GPIOIntTypeSet                     
0000423b  GPIOIntTypeGet                     
00004289  GPIOIntStatus                      
00004297  GPIOIntRegisterPin                 
000042b3  GPIOIntRegister                    
000042cb  GPIOIntEnable                      
000042d7  GPIOIntDisable                     
000042e5  GPIOIntClear                       
000042eb  GPIODirModeGet                     
00004315  GPIODMATriggerEnable               
00004321  GPIODMATriggerDisable              
0000432f  GPIOADCTriggerEnable               
0000433b  GPIOADCTriggerDisable              
00004361  vApplicationStackOverflowHook      
00004363  vApplicationIdleHook               
00004673  GPIOEIntHandler                    
000046c1  main                               
00004863  GPIOFIntHandler                    
00004949  xTimerPendFunctionCallFromISR      
0000496b  xTimerPendFunctionCall             
0000498d  xTimerIsTimerActive                
000049a5  xTimerGetTimerDaemonTaskHandle     
000049ab  xTimerGetPeriod                    
000049af  xTimerGetExpiryTime                
000049b3  xTimerGenericCommand               
00004a43  xTimerCreateTimerTask              
00004aa7  xTimerCreate                       
00004adb  vTimerSetTimerNumber               
00004adf  vTimerSetTimerID                   
00004af1  vTimerSetReloadMode                
00004b1d  uxTimerGetTimerNumber              
00004b21  pvTimerGetTimerID                  
00004e13  pcTimerGetName                     
00004e25  PWMSyncUpdate                      
00004e29  PWMSyncTimeBase                    
00004e2d  PWMPulseWidthSet                   
00004e4b  PWMPulseWidthGet                   
00004e6b  PWMOutputUpdateMode                
00004ea5  PWMOutputState                     
00004ebb  PWMOutputInvert                    
00004ed1  PWMOutputFaultLevel                
00004ee7  PWMOutputFault                     
00004efd  PWMIntStatus                       
00004f07  PWMIntEnable                       
00004f0f  PWMIntDisable                      
00004f19  PWMGenPeriodSet                    
00004f2d  PWMGenPeriodGet                    
00005003  PWMGenIntUnregister                
00005017  PWMGenIntTrigEnable                
00005021  PWMGenIntTrigDisable               
0000502b  PWMGenIntStatus                    
00005037  PWMGenIntRegister                  
0000504f  PWMGenIntClear                     
00005055  PWMGenFaultTriggerSet              
00005067  PWMGenFaultTriggerGet              
00005075  PWMGenFaultStatus                  
0000508b  PWMGenFaultConfigure               
0000509b  PWMGenFaultClear                   
000050b1  PWMGenEnable                       
000050bb  PWMGenDisable                      
000050c5  PWMGenConfigure                    
00005127  PWMFaultIntUnregister              
0000513b  PWMFaultIntRegister                
00005153  PWMFaultIntClearExt                
00005157  PWMFaultIntClear                   
0000515f  PWMDeadBandEnable                  
0000516f  PWMDeadBandDisable                 
0000517b  PWMClockSet                        
0000518b  PWMClockGet                        
000051c1  TimerValueGet64                    
000051d7  TimerValueGet                      
000051e3  TimerUpdateMode                    
0000520b  TimerSynchronize                   
0000520f  TimerRTCEnable                     
00005219  TimerRTCDisable                    
00005223  TimerPrescaleSet                   
00005235  TimerPrescaleMatchSet              
00005247  TimerPrescaleMatchGet              
00005253  TimerPrescaleGet                   
0000525f  TimerMatchSet64                    
00005265  TimerMatchSet                      
00005277  TimerMatchGet64                    
0000528d  TimerMatchGet                      
00005299  TimerLoadSet64                     
0000529f  TimerLoadSet                       
000052b1  TimerLoadGet64                     
000052c7  TimerLoadGet                       
00005313  TimerIntUnregister                 
00005327  TimerIntStatus                     
00005331  TimerIntRegister                   
00005349  TimerIntEnable                     
00005351  TimerIntDisable                    
0000535b  TimerIntClear                      
0000535f  TimerEnable                        
0000536d  TimerDisable                       
00005381  TimerDMAEventSet                   
00005385  TimerDMAEventGet                   
00005389  TimerControlWaitOnTrigger          
000053c3  TimerControlTrigger                
00005403  TimerControlStall                  
00005419  TimerControlLevel                  
0000542f  TimerControlEvent                  
00005441  TimerConfigure                     
00005499  TimerClockSourceSet                
0000549f  TimerClockSourceGet                
000054a5  TimerADCEventSet                   
000054a9  TimerADCEventGet                   
000054c5  UARTTxIntModeSet                   
000054d1  UARTTxIntModeGet                   
000054d9  UARTSpaceAvail                     
000054e7  UARTSmartCardEnable                
000054fd  UARTSmartCardDisable               
00005507  UARTRxErrorGet                     
0000550f  UARTRxErrorClear                   
00005515  UARTParityModeSet                  
00005521  UARTParityModeGet                  
00005529  UARTModemStatusGet                 
00005533  UARTModemControlSet                
0000553f  UARTModemControlGet                
00005547  UARTModemControlClear              
00005559  UARTLoopbackEnable                 
00005599  UARTIntUnregister                  
000055ad  UARTIntStatus                      
000055b7  UARTIntRegister                    
000055cf  UARTIntEnable                      
000055d7  UARTIntDisable                     
000055e1  UARTIntClear                       
000055e5  UARTFlowControlSet                 
000055f1  UARTFlowControlGet                 
000055f9  UARTFIFOLevelSet                   
000055ff  UARTFIFOLevelGet                   
0000560f  UARTFIFOEnable                     
00005619  UARTFIFODisable                    
00005623  UARTEnableSIR                      
0000563b  UARTEnable                         
0000564f  UARTDisableSIR                     
00005659  UARTDisable                        
00005671  UARTDMAEnable                      
00005679  UARTDMADisable                     
00005683  UARTConfigSetExpClk                
000056c7  UARTConfigGetExpClk                
000056ef  UARTClockSourceSet                 
000056f5  UARTClockSourceGet                 
000056fb  UARTCharsAvail                     
00005709  UARTCharPutNonBlocking             
00005719  UARTCharPut                        
00005723  UARTCharGetNonBlocking             
00005733  UARTCharGet                        
0000573d  UARTBusy                           
00005745  UARTBreakCtl                       
00005759  UART9BitEnable                     
00005767  UART9BitDisable                    
00005775  UART9BitAddrSet                    
0000577f  UART9BitAddrSend                   
000057bf  IntUnregister                      
000057c9  IntTrigger                         
000057d1  IntRegister                        
000057fb  IntPrioritySet                     
00005827  IntPriorityGroupingSet             
00005839  IntPriorityGroupingGet             
0000585b  IntPriorityGet                     
00005875  IntPendSet                         
000058bf  IntPendClear                       
000058fb  IntMasterEnable                    
0000590b  IntMasterDisable                   
0000591b  IntIsEnabled                       
00005973  IntEnable                          
000059cd  IntDisable                         
00005a79  xEventGroupWaitBits                
00005b27  xEventGroupSetBits                 
00005b99  xEventGroupSync                    
00005c25  xEventGroupSetBitsFromISR          
00005c37  xEventGroupGetBitsFromISR          
00005c51  xEventGroupCreate                  
00005c6b  xEventGroupClearBitsFromISR        
00005c7d  xEventGroupClearBits               
00005c97  vEventGroupSetNumber               
00005c9b  vEventGroupSetBitsCallback         
00005c9f  vEventGroupDelete                  
00005cc7  vEventGroupClearBitsCallback       
00005ccb  uxEventGroupGetNumber              
00006121  xPortGetMinimumEverFreeHeapSize    
00006127  xPortGetFreeHeapSize               
0000612d  vPortInitialiseBlocks              
00006187  vPortFree                          
00006215  pvPortMalloc                       
000062d9  __aeabi_dsub                       
000062e3  __aeabi_dadd                       
000065cd  __aeabi_ddiv                       
00006829  ldexp                              
00006829  ldexpl                             
00006829  scalbn                             
00006829  scalbnl                            
00006939  xPortSysTickHandler                
0000696f  vPortSetupTimerInterrupt           
00006999  xPortStartScheduler                
000069cd  vPortExitCritical                  
000069df  vPortEnterCritical                 
000069f7  vPortEndScheduler                  
000069f9  pxPortInitialiseStack              
00006a3d  __aeabi_dmul                       
00006b39  ButtonsPoll                        
00006bbb  ButtonsInit                        
00006c41  ulPortGetIPSR                      
00006c59  xPortPendSVHandler                 
00006cb9  vPortSVCHandler                    
00006cd9  vPortStartFirstTask                
00006cfd  vPortEnableVFP                     
00006d0d  MovimientosBasicos                 
00006e8f  __aeabi_memcpy                     
00006e8f  __aeabi_memcpy4                    
00006e8f  __aeabi_memcpy8                    
00006e8f  memcpy                             
00006f2b  __aeabi_uldivmod                   
00006fc1  vListInsertEnd                     
00006fd9  vListInsert                        
0000700b  vListInitialiseItem                
00007011  vListInitialise                    
0000702f  uxListRemove                       
00007055  __aeabi_cdcmpeq                    
00007055  __aeabi_cdcmple                    
000070db  __aeabi_cdrcmple                   
00007161  __aeabi_memclr                     
00007161  __aeabi_memclr4                    
00007161  __aeabi_memclr8                    
00007163  __aeabi_memset                     
00007163  __aeabi_memset4                    
00007163  __aeabi_memset8                    
00007169  memset                             
00007249  __TI_decompress_lzss               
000072b1  vConfigureTimerForRunTimeStats     
00007315  frexp                              
00007315  frexpl                             
000073cf  ltoa                               
00007475  atoi                               
000074c1  __aeabi_d2iz                       
00007509  __TI_auto_init_nobinit_nopinit     
0000754d  __aeabi_uidiv                      
0000754d  __aeabi_uidivmod                   
0000758d  sprintf                            
0000760b  CPUwfi                             
0000760b  SysCtlSleep                        
0000760f  CPUprimask                         
00007619  CPUcpsie                           
00007625  CPUcpsid                           
00007631  CPUbasepriSet                      
00007631  IntPriorityMaskSet                 
00007637  CPUbasepriGet                      
00007637  IntPriorityMaskGet                 
00007641  _c_int00_noargs                    
00007675  __aeabi_i2d                        
000076a5  GetOverflowCounts                  
000076c9  memccpy                            
000076e5  copysign                           
000076e5  copysignl                          
00007717  strchr                             
0000772d  strcpy                             
00007741  strlen                             
00007755  wcslen                             
00007767  __TI_decompress_none               
00007775  __TI_zero_init                     
00007781  ResetISR                           
00007799  __aeabi_errno_addr                 
000077a1  SysCtlDelay                        
000077a7  _system_pre_init                   
000077ab  C$$EXIT                            
000077ab  abort                              
00007960  _ctypes_                           
00007f94  ulMaxSyscallInterruptPriority      
00007fb8  __TI_Handler_Table_Base            
00007fc4  __TI_Handler_Table_Limit           
00007fd8  __TI_CINIT_Base                    
00007ff0  __TI_CINIT_Limit                   
20000000  g_pfnRAMVectors                    
200055ac  xQueueRegistry                     
200056d0  FlagsEventos                       
200056d8  __stack                            
20005ed8  __STACK_END                        
20005ed8  __STACK_TOP                        
20005ed8  pxCurrentTCB                       
20005f40  errno                              
20005f47  compensacion                       
ffffffff  __TI_pprof_out_hndl                
ffffffff  __TI_prof_data_size                
ffffffff  __TI_prof_data_start               
ffffffff  __binit__                          
ffffffff  __c_args__                         
ffffffff  binit                              
UNDEFED   __mpu_init                         
UNDEFED   _system_post_cinit                 

[474 symbols]
