******************************************************************************
                  TI ARM Linker PC v18.12.2                    
******************************************************************************
>> Linked Thu Jan 23 12:11:50 2020

OUTPUT FILE NAME:   <ROBOT.out>
ENTRY POINT SYMBOL: "_c_int00_noargs"  address: 00007cbd


MEMORY CONFIGURATION

         name            origin    length      used     unused   attr    fill
----------------------  --------  ---------  --------  --------  ----  --------
  FLASH                 00000000   00040000  00008696  0003796a  R  X
  SRAM                  20000000   00008000  00005fa3  0000205d  RW X


SEGMENT ALLOCATION MAP

run origin  load origin   length   init length attrs members
----------  ----------- ---------- ----------- ----- -------
00000000    00000000    00008698   00008698    r-x
  00000000    00000000    0000026c   0000026c    r-- .intvecs
  0000026c    0000026c    00007bbe   00007bbe    r-x .text
  00007e2c    00007e2c    000007ec   000007ec    r-- .const
  00008618    00008618    00000080   00000080    r-- .cinit
20000000    20000000    00005fa3   00000000    rw-
  20000000    20000000    0000026c   00000000    rw- .vtable
  2000026c    2000026c    0000547c   00000000    rw- .bss
  200056e8    200056e8    00000800   00000000    rw- .stack
  20005ee8    20005ee8    000000bb   00000000    rw- .data


SECTION ALLOCATION MAP

 output                                  attributes/
section   page    origin      length       input sections
--------  ----  ----------  ----------   ----------------
.intvecs   0    00000000    0000026c     
                  00000000    0000026c     startup_ccs.obj (.intvecs)

.text      0    0000026c    00007bbe     
                  0000026c    0000147c     tasks.obj (.text)
                  000016e8    00000aa0     sysctl.obj (.text)
                  00002188    00000a4e     rtsv7M4_T_le_v4SPD16_eabi.lib : _printfi.c.obj (.text:__TI_printfi)
                  00002bd6    00000002                                   : div0.asm.obj (.text)
                  00002bd8    000008f0     queue.obj (.text)
                  000034c8    000007f4     uartstdio.obj (.text)
                  00003cbc    000006a4     gpio.obj (.text)
                  00004360    00000590     FlagsEventos.obj (.text)
                  000048f0    000004dc     timers.obj (.text)
                  00004dcc    0000043c     adc.obj (.text)
                  00005208    0000039c     pwm.obj (.text)
                  000055a4    00000304     timer.obj (.text)
                  000058a8    000002f8     uart.obj (.text)
                  00005ba0    000002a4     interrupt.obj (.text)
                  00005e44    00000280     event_groups.obj (.text)
                  000060c4    00000270     rtsv7M4_T_le_v4SPD16_eabi.lib : _printfi.c.obj (.text:_pconv_a)
                  00006334    00000250     Movimientos.obj (.text)
                  00006584    000001d0     rtsv7M4_T_le_v4SPD16_eabi.lib : _printfi.c.obj (.text:_pconv_g)
                  00006754    000001b8     heap_4.obj (.text)
                  0000690c    000001b6     rtsv7M4_T_le_v4SPD16_eabi.lib : fd_add_t2.asm.obj (.text)
                  00006ac2    00000002     --HOLE-- [fill = 0]
                  00006ac4    0000013c                                   : _printfi.c.obj (.text:_pconv_e)
                  00006c00    00000136                                   : fd_div_t2.asm.obj (.text)
                  00006d36    00000002     --HOLE-- [fill = 0]
                  00006d38    00000124                                   : _printfi.c.obj (.text:fcvt)
                  00006e5c    00000118     config_adc.obj (.text)
                  00006f74    00000110     rtsv7M4_T_le_v4SPD16_eabi.lib : s_scalbn.c.obj (.text:scalbn)
                  00007084    00000104     port.obj (.text)
                  00007188    000000fc     rtsv7M4_T_le_v4SPD16_eabi.lib : fd_mul_t2.asm.obj (.text)
                  00007284    000000f8     buttons.obj (.text)
                  0000737c    000000da     portasm.obj (.text)
                  00007456    00000002     --HOLE-- [fill = 0]
                  00007458    000000b1     rtsv7M4_T_le_v4SPD16_eabi.lib : _printfi.c.obj (.text:_ltostr)
                  00007509    00000001     --HOLE-- [fill = 0]
                  0000750a    0000009c                                   : memcpy_t2.asm.obj (.text)
                  000075a6    00000096                                   : ull_div_t2.asm.obj (.text)
                  0000763c    00000094     list.obj (.text)
                  000076d0    00000086     rtsv7M4_T_le_v4SPD16_eabi.lib : fd_cmp_t2.asm.obj (.text:__aeabi_cdcmple)
                  00007756    00000086                                   : fd_cmp_t2.asm.obj (.text:__aeabi_cdrcmple)
                  000077dc    0000007a                                   : memset_t2.asm.obj (.text)
                  00007856    0000006e                                   : _printfi.c.obj (.text:_mcpy)
                  000078c4    00000068                                   : copy_decompress_lzss.c.obj (.text:decompress:lzss:__TI_decompress_lzss)
                  0000792c    00000064     RunTimeStatsConfig.obj (.text)
                  00007990    00000064     rtsv7M4_T_le_v4SPD16_eabi.lib : s_frexp.c.obj (.text:frexp)
                  000079f4    00000056                                   : _printfi.c.obj (.text:_pconv_f)
                  00007a4a    00000054                                   : ltoa.c.obj (.text:ltoa)
                  00007a9e    00000052                                   : _printfi.c.obj (.text:_ecpy)
                  00007af0    0000004c                                   : atoi.c.obj (.text:atoi)
                  00007b3c    00000048                                   : fd_toi_t2.asm.obj (.text)
                  00007b84    00000044                                   : autoinit.c.obj (.text:__TI_auto_init_nobinit_nopinit:__TI_auto_init_nobinit_nopinit)
                  00007bc8    00000040                                   : u_divt2.asm.obj (.text)
                  00007c08    00000040                                   : sprintf.c.obj (.text:sprintf)
                  00007c48    0000003e                                   : _printfi.c.obj (.text:_fcpy)
                  00007c86    00000036     cpu.obj (.text)
                  00007cbc    00000034     rtsv7M4_T_le_v4SPD16_eabi.lib : boot_cortex_m.c.obj (.text:_c_int00_noargs:_c_int00_noargs)
                  00007cf0    0000002e                                   : i_tofd_t2.asm.obj (.text)
                  00007d1e    00000002     --HOLE-- [fill = 0]
                  00007d20    00000024     RunTimeStatsConfig.obj (.text:GetOverflowCounts)
                  00007d44    0000001c     rtsv7M4_T_le_v4SPD16_eabi.lib : memccpy.c.obj (.text:memccpy)
                  00007d60    0000001a                                   : s_copysign.c.obj (.text:copysign)
                  00007d7a    00000018                                   : sprintf.c.obj (.text:_outs)
                  00007d92    00000016                                   : strchr.c.obj (.text:strchr)
                  00007da8    00000014                                   : strcpy.c.obj (.text:strcpy)
                  00007dbc    00000014                                   : strlen.c.obj (.text:strlen)
                  00007dd0    00000012                                   : wcslen.c.obj (.text:wcslen)
                  00007de2    0000000e                                   : copy_decompress_none.c.obj (.text:decompress:none:__TI_decompress_none)
                  00007df0    0000000c                                   : copy_zero_init.c.obj (.text:decompress:ZI:__TI_zero_init)
                  00007dfc    0000000c     startup_ccs.obj (.text)
                  00007e08    0000000a     rtsv7M4_T_le_v4SPD16_eabi.lib : sprintf.c.obj (.text:_outc)
                  00007e12    00000002     --HOLE-- [fill = 0]
                  00007e14    00000008                                   : errno.c.obj (.text:__aeabi_errno_addr)
                  00007e1c    00000006     sysctl.obj (.text:SysCtlDelay)
                  00007e22    00000004     rtsv7M4_T_le_v4SPD16_eabi.lib : pre_init.c.obj (.text:_system_pre_init)
                  00007e26    00000004                                   : exit.c.obj (.text:abort:abort)

.const     0    00007e2c    000007ec     
                  00007e2c    000001b0     sysctl.obj (.const:g_pppui32XTALtoVCO)
                  00007fdc    00000101     rtsv7M4_T_le_v4SPD16_eabi.lib : ctype.c.obj (.const:.string:_ctypes_)
                  000080dd    00000003     --HOLE-- [fill = 0]
                  000080e0    000000d8     gpio.obj (.const:g_ppui32GPIOIntMapSnowflake)
                  000081b8    000000c0     gpio.obj (.const:g_ppui32GPIOIntMapBlizzard)
                  00008278    0000009c     interrupt.obj (.const:g_pui32Regs)
                  00008314    00000090     gpio.obj (.const:g_pui32GPIOBaseAddrs)
                  000083a4    0000006c     sysctl.obj (.const:g_pui32Xtals)
                  00008410    00000060     timer.obj (.const:g_ppui32TimerIntMap)
                  00008470    00000040     timer.obj (.const:g_ppui32TimerIntMapSnowflake)
                  000084b0    00000040     uart.obj (.const:g_ppui32UARTIntMap)
                  000084f0    00000040     uart.obj (.const:g_ppui32UARTIntMapSnowflake)
                  00008530    00000030     sysctl.obj (.const:g_sXTALtoMEMTIM)
                  00008560    00000020     interrupt.obj (.const:g_pui32Priority)
                  00008580    00000014     interrupt.obj (.const:g_pui32Dii16Regs)
                  00008594    00000014     interrupt.obj (.const:g_pui32EnRegs)
                  000085a8    00000014     interrupt.obj (.const:g_pui32PendRegs)
                  000085bc    00000014     interrupt.obj (.const:g_pui32UnpendRegs)
                  000085d0    00000012     uartstdio.obj (.const:.string)
                  000085e2    00000002     --HOLE-- [fill = 0]
                  000085e4    0000000c     uartstdio.obj (.const:g_ui32UARTBase)
                  000085f0    0000000c     uartstdio.obj (.const:g_ui32UARTInt)
                  000085fc    0000000c     uartstdio.obj (.const:g_ui32UARTPeriph)
                  00008608    00000008     sysctl.obj (.const:g_pui32VCOFrequencies)
                  00008610    00000004     port.obj (.const)
                  00008614    00000004     uartstdio.obj (.const)

.cinit     0    00008618    00000080     
                  00008618    0000004a     (.cinit..data.load) [load image, compression = lzss]
                  00008662    00000002     --HOLE-- [fill = 0]
                  00008664    0000000c     (__TI_handler_table)
                  00008670    00000008     (.cinit..bss.load) [load image, compression = zero_init]
                  00008678    00000008     (.cinit..vtable.load) [load image, compression = zero_init]
                  00008680    00000018     (__TI_cinit_table)

.init_array 
*          0    00000000    00000000     UNINITIALIZED

.vtable    0    20000000    0000026c     UNINITIALIZED
                  20000000    0000026c     interrupt.obj (.vtable)

.bss       0    2000026c    0000547c     UNINITIALIZED
                  2000026c    00005000     heap_4.obj (.bss:ucHeap)
                  2000526c    00000200     uartstdio.obj (.bss:g_pcUARTRxHistoryBuffer)
                  2000546c    00000140     tasks.obj (.bss:pxReadyTasksLists)
                  200055ac    00000050     (.common:xQueueRegistry)
                  200055fc    00000020     uartstdio.obj (.bss:g_usUARTRxHistoryOffset)
                  2000561c    00000014     timers.obj (.bss:xActiveTimerList1)
                  20005630    00000014     timers.obj (.bss:xActiveTimerList2)
                  20005644    00000014     tasks.obj (.bss:xDelayedTaskList1)
                  20005658    00000014     tasks.obj (.bss:xDelayedTaskList2)
                  2000566c    00000014     tasks.obj (.bss:xPendingReadyList)
                  20005680    00000014     tasks.obj (.bss:xSuspendedTaskList)
                  20005694    00000014     tasks.obj (.bss:xTasksWaitingTermination)
                  200056a8    00000010     uartstdio.obj (.bss)
                  200056b8    00000008     adc.obj (.bss:g_pui8OversampleFactor)
                  200056c0    00000008     tasks.obj (.bss)
                  200056c8    00000008     timers.obj (.bss)
                  200056d0    00000008     heap_4.obj (.bss:xStart)
                  200056d8    00000004     config_adc.obj (.bss)
                  200056dc    00000004     (.common:FlagsEventos)
                  200056e0    00000004     (.common:Mutexmotores)
                  200056e4    00000004     (.common:xTimers1)

.data      0    20005ee8    000000bb     UNINITIALIZED
                  20005ee8    0000003c     tasks.obj (.data)
                  20005f24    0000001c     FlagsEventos.obj (.data)
                  20005f40    00000018     FlagsEventos.obj (.data:CurvaADC)
                  20005f58    00000018     FlagsEventos.obj (.data:valores)
                  20005f70    00000010     heap_4.obj (.data)
                  20005f80    0000000c     timers.obj (.data)
                  20005f8c    0000000c     uartstdio.obj (.data)
                  20005f98    00000004     port.obj (.data)
                  20005f9c    00000004     rtsv7M4_T_le_v4SPD16_eabi.lib : errno.c.obj (.data)
                  20005fa0    00000003     buttons.obj (.data)

.stack     0    200056e8    00000800     UNINITIALIZED
                  200056e8    00000004     rtsv7M4_T_le_v4SPD16_eabi.lib : boot_cortex_m.c.obj (.stack)
                  200056ec    000007fc     --HOLE--

MODULE SUMMARY

       Module                       code    ro data   rw data
       ------                       ----    -------   -------
    .\
       FlagsEventos.obj             1424    0         88     
       startup_ccs.obj              12      620       0      
       Movimientos.obj              592     0         0      
       config_adc.obj               280     0         4      
    +--+----------------------------+-------+---------+---------+
       Total:                       2308    620       92     
                                                             
    .\FreeRTOS\Source\
       tasks.obj                    5244    0         488    
       queue.obj                    2288    0         80     
       timers.obj                   1244    0         60     
       event_groups.obj             640     0         0      
       list.obj                     148     0         0      
    +--+----------------------------+-------+---------+---------+
       Total:                       9564    0         628    
                                                             
    .\FreeRTOS\Source\portable\CCS\ARM_CM4F\
       port.obj                     260     4         4      
       portasm.obj                  218     0         0      
    +--+----------------------------+-------+---------+---------+
       Total:                       478     4         4      
                                                             
    .\FreeRTOS\Source\portable\MemMang\
       heap_4.obj                   440     0         20504  
    +--+----------------------------+-------+---------+---------+
       Total:                       440     0         20504  
                                                             
    .\driverlib\
       sysctl.obj                   2726    596       0      
       gpio.obj                     1700    552       0      
       interrupt.obj                676     268       620    
       adc.obj                      1084    0         8      
       timer.obj                    772     160       0      
       pwm.obj                      924     0         0      
       uart.obj                     760     128       0      
       cpu.obj                      54      0         0      
    +--+----------------------------+-------+---------+---------+
       Total:                       8696    1704      628    
                                                             
    .\drivers\
       buttons.obj                  248     0         3      
    +--+----------------------------+-------+---------+---------+
       Total:                       248     0         3      
                                                             
    .\utils\
       uartstdio.obj                2036    58        572    
       RunTimeStatsConfig.obj       136     0         0      
    +--+----------------------------+-------+---------+---------+
       Total:                       2172    58        572    
                                                             
    C:\ti\ccs910\ccs\tools\compiler\ti-cgt-arm_18.12.2.LTS\lib\rtsv7M4_T_le_v4SPD16_eabi.lib
       _printfi.c.obj               4851    0         0      
       fd_add_t2.asm.obj            438     0         0      
       fd_div_t2.asm.obj            310     0         0      
       s_scalbn.c.obj               272     0         0      
       fd_cmp_t2.asm.obj            268     0         0      
       ctype.c.obj                  0       257       0      
       fd_mul_t2.asm.obj            252     0         0      
       memcpy_t2.asm.obj            156     0         0      
       ull_div_t2.asm.obj           150     0         0      
       memset_t2.asm.obj            122     0         0      
       copy_decompress_lzss.c.obj   104     0         0      
       s_frexp.c.obj                100     0         0      
       sprintf.c.obj                98      0         0      
       ltoa.c.obj                   84      0         0      
       atoi.c.obj                   76      0         0      
       fd_toi_t2.asm.obj            72      0         0      
       autoinit.c.obj               68      0         0      
       u_divt2.asm.obj              64      0         0      
       boot_cortex_m.c.obj          52      0         0      
       i_tofd_t2.asm.obj            46      0         0      
       memccpy.c.obj                28      0         0      
       s_copysign.c.obj             26      0         0      
       strchr.c.obj                 22      0         0      
       strcpy.c.obj                 20      0         0      
       strlen.c.obj                 20      0         0      
       wcslen.c.obj                 18      0         0      
       copy_decompress_none.c.obj   14      0         0      
       copy_zero_init.c.obj         12      0         0      
       errno.c.obj                  8       0         4      
       exit.c.obj                   4       0         0      
       pre_init.c.obj               4       0         0      
       div0.asm.obj                 2       0         0      
    +--+----------------------------+-------+---------+---------+
       Total:                       7761    257       4      
                                                             
       Stack:                       0       0         2048   
       Linker Generated:            0       126       0      
    +--+----------------------------+-------+---------+---------+
       Grand Total:                 31667   2769      24483  


LINKER GENERATED COPY TABLES

__TI_cinit_table @ 00008680 records: 3, size/record: 8, table size: 24
	.data: load addr=00008618, load size=0000004a bytes, run addr=20005ee8, run size=000000bb bytes, compression=lzss
	.bss: load addr=00008670, load size=00000008 bytes, run addr=2000026c, run size=0000547c bytes, compression=zero_init
	.vtable: load addr=00008678, load size=00000008 bytes, run addr=20000000, run size=0000026c bytes, compression=zero_init


LINKER GENERATED HANDLER TABLE

__TI_handler_table @ 00008664 records: 3, size/record: 4, table size: 12
	index: 0, handler: __TI_zero_init
	index: 1, handler: __TI_decompress_lzss
	index: 2, handler: __TI_decompress_none


GLOBAL SYMBOLS: SORTED ALPHABETICALLY BY Name 

address   name                               
-------   ----                               
000051ef  ADCBusy                            
000051d1  ADCClockConfigGet                  
000051b9  ADCClockConfigSet                  
000051af  ADCComparatorConfigure             
000051ab  ADCComparatorIntClear              
0000519b  ADCComparatorIntDisable            
0000518b  ADCComparatorIntEnable             
00005187  ADCComparatorIntStatus             
00005179  ADCComparatorRegionSet             
00005159  ADCComparatorReset                 
00005141  ADCHardwareOversampleConfigure     
00005133  ADCIntClear                        
0000512f  ADCIntClearEx                      
00005121  ADCIntDisable                      
00005117  ADCIntDisableEx                    
00005103  ADCIntEnable                       
000050fb  ADCIntEnableEx                     
000050e3  ADCIntRegister                     
000050b5  ADCIntStatus                       
000050a1  ADCIntStatusEx                     
0000508d  ADCIntUnregister                   
00005049  ADCPhaseDelayGet                   
00005045  ADCPhaseDelaySet                   
0000502d  ADCProcessorTrigger                
00005025  ADCReferenceGet                    
00005019  ADCReferenceSet                    
00004fcd  ADCSequenceConfigure               
00004fbd  ADCSequenceDMADisable              
00004fad  ADCSequenceDMAEnable               
00004f8f  ADCSequenceDataGet                 
00004f81  ADCSequenceDisable                 
00004f73  ADCSequenceEnable                  
00004f69  ADCSequenceOverflow                
00004f5f  ADCSequenceOverflowClear           
00004edd  ADCSequenceStepConfigure           
00004ed3  ADCSequenceUnderflow               
00004ec9  ADCSequenceUnderflowClear          
00004ea1  ADCSoftwareOversampleConfigure     
00004e53  ADCSoftwareOversampleDataGet       
00004dcd  ADCSoftwareOversampleStepConfigure 
00007307  ButtonsInit                        
00007285  ButtonsPoll                        
00007e27  C$$EXIT                            
00007cb3  CPUbasepriGet                      
00007cad  CPUbasepriSet                      
00007ca1  CPUcpsid                           
00007c95  CPUcpsie                           
00007c8b  CPUprimask                         
00007c87  CPUwfi                             
20005f40  CurvaADC                           
20005f28  ESTADO                             
20005f2c  ESTADOANT                          
200056dc  FlagsEventos                       
000064d7  Flanqueo                           
0000433b  GPIOADCTriggerDisable              
0000432f  GPIOADCTriggerEnable               
000047a1  GPIOBIntHandler                    
00004321  GPIODMATriggerDisable              
00004315  GPIODMATriggerEnable               
000042eb  GPIODirModeGet                     
00003cc9  GPIODirModeSet                     
000042e5  GPIOIntClear                       
000042d7  GPIOIntDisable                     
000042cb  GPIOIntEnable                      
000042b3  GPIOIntRegister                    
00004297  GPIOIntRegisterPin                 
00004289  GPIOIntStatus                      
0000423b  GPIOIntTypeGet                     
000041db  GPIOIntTypeSet                     
000041c7  GPIOIntUnregister                  
000041af  GPIOIntUnregisterPin               
000040cf  GPIOPadConfigGet                   
00003cf9  GPIOPadConfigSet                   
00004091  GPIOPinConfigure                   
0000408b  GPIOPinRead                        
00004075  GPIOPinTypeADC                     
0000405f  GPIOPinTypeCAN                     
00004049  GPIOPinTypeComparator              
00004033  GPIOPinTypeComparatorOutput        
0000401d  GPIOPinTypeDIVSCLK                 
00004007  GPIOPinTypeEPI                     
00003ff1  GPIOPinTypeEthernetLED             
00003fdb  GPIOPinTypeEthernetMII             
00003fc5  GPIOPinTypeGPIOInput               
00003fad  GPIOPinTypeGPIOOutput              
00003f95  GPIOPinTypeGPIOOutputOD            
00003f7f  GPIOPinTypeHibernateRTCCLK         
00003f69  GPIOPinTypeI2C                     
00003f53  GPIOPinTypeI2CSCL                  
00003f3d  GPIOPinTypeLCD                     
00003f27  GPIOPinTypeOneWire                 
00003f11  GPIOPinTypePWM                     
00003efb  GPIOPinTypeQEI                     
00003ee5  GPIOPinTypeSSI                     
00003ecf  GPIOPinTypeTimer                   
00003eb9  GPIOPinTypeTrace                   
00003ea3  GPIOPinTypeUART                    
00003e8d  GPIOPinTypeUSBAnalog               
00003e77  GPIOPinTypeUSBDigital              
00003e5f  GPIOPinTypeWakeHigh                
00003e47  GPIOPinTypeWakeLow                 
00003cc3  GPIOPinWakeStatus                  
00003cbd  GPIOPinWrite                       
00007d21  GetOverflowCounts                  
00005db1  IntDisable                         
00005d57  IntEnable                          
00005cff  IntIsEnabled                       
00005cef  IntMasterDisable                   
00005cdf  IntMasterEnable                    
00005ca3  IntPendClear                       
00005c59  IntPendSet                         
00005c3f  IntPriorityGet                     
00005c1d  IntPriorityGroupingGet             
00005c0b  IntPriorityGroupingSet             
00007cb3  IntPriorityMaskGet                 
00007cad  IntPriorityMaskSet                 
00005bdf  IntPrioritySet                     
00005bb5  IntRegister                        
00005bad  IntTrigger                         
00005ba3  IntUnregister                      
20005f38  ManejaADC                          
20005f3c  ManejaEncoder                      
00006335  MovimientosBasicos                 
200056e0  Mutexmotores                       
0000556f  PWMClockGet                        
0000555f  PWMClockSet                        
00005553  PWMDeadBandDisable                 
00005543  PWMDeadBandEnable                  
0000553b  PWMFaultIntClear                   
00005537  PWMFaultIntClearExt                
0000551f  PWMFaultIntRegister                
0000550b  PWMFaultIntUnregister              
000054a9  PWMGenConfigure                    
0000549f  PWMGenDisable                      
00005495  PWMGenEnable                       
0000547f  PWMGenFaultClear                   
0000546f  PWMGenFaultConfigure               
00005459  PWMGenFaultStatus                  
0000544b  PWMGenFaultTriggerGet              
00005439  PWMGenFaultTriggerSet              
00005433  PWMGenIntClear                     
0000541b  PWMGenIntRegister                  
0000540f  PWMGenIntStatus                    
00005405  PWMGenIntTrigDisable               
000053fb  PWMGenIntTrigEnable                
000053e7  PWMGenIntUnregister                
00005311  PWMGenPeriodGet                    
000052fd  PWMGenPeriodSet                    
000052f3  PWMIntDisable                      
000052eb  PWMIntEnable                       
000052e1  PWMIntStatus                       
000052cb  PWMOutputFault                     
000052b5  PWMOutputFaultLevel                
0000529f  PWMOutputInvert                    
00005289  PWMOutputState                     
0000524f  PWMOutputUpdateMode                
0000522f  PWMPulseWidthGet                   
00005211  PWMPulseWidthSet                   
0000520d  PWMSyncTimeBase                    
00005209  PWMSyncUpdate                      
00007dfd  ResetISR                           
00002131  SysCtlAltClkConfig                 
00001f41  SysCtlClockFreqSet                 
00001d81  SysCtlClockGet                     
00001d59  SysCtlClockOutConfig               
00001c75  SysCtlClockSet                     
00001c4d  SysCtlDeepSleep                    
00001bf1  SysCtlDeepSleepClockConfigSet      
00001be5  SysCtlDeepSleepClockSet            
00001bdf  SysCtlDeepSleepPowerSet            
00007e1d  SysCtlDelay                        
00001bb9  SysCtlFlashSectorSizeGet           
00001b89  SysCtlFlashSizeGet                 
00001b73  SysCtlGPIOAHBDisable               
00001b5d  SysCtlGPIOAHBEnable                
00001b49  SysCtlIntClear                     
00001b3b  SysCtlIntDisable                   
00001b2f  SysCtlIntEnable                    
00001b1d  SysCtlIntRegister                  
00001b0d  SysCtlIntStatus                    
00001afd  SysCtlIntUnregister                
00001af5  SysCtlLDODeepSleepGet              
00001aed  SysCtlLDODeepSleepSet              
00001ae5  SysCtlLDOSleepGet                  
00001add  SysCtlLDOSleepSet                  
00001ad5  SysCtlMOSCConfigSet                
00001abd  SysCtlNMIClear                     
00001ab5  SysCtlNMIStatus                    
00001a6d  SysCtlPIOSCCalibrate               
00001a55  SysCtlPWMClockGet                  
00001a47  SysCtlPWMClockSet                  
00001a05  SysCtlPeripheralClockGating        
000019d7  SysCtlPeripheralDeepSleepDisable   
000019a9  SysCtlPeripheralDeepSleepEnable    
0000197b  SysCtlPeripheralDisable            
0000194d  SysCtlPeripheralEnable             
0000191f  SysCtlPeripheralPowerOff           
000018f1  SysCtlPeripheralPowerOn            
000018bf  SysCtlPeripheralPresent            
0000188d  SysCtlPeripheralReady              
0000181f  SysCtlPeripheralReset              
000017f1  SysCtlPeripheralSleepDisable       
000017c3  SysCtlPeripheralSleepEnable        
000017bb  SysCtlReset                        
000017b3  SysCtlResetBehaviorGet             
000017ab  SysCtlResetBehaviorSet             
0000179d  SysCtlResetCauseClear              
00001795  SysCtlResetCauseGet                
00001787  SysCtlSRAMSizeGet                  
00007c87  SysCtlSleep                        
0000177f  SysCtlSleepPowerSet                
00001771  SysCtlUSBPLLDisable                
00001763  SysCtlUSBPLLEnable                 
00001701  SysCtlVCOGet                       
000016f7  SysCtlVoltageEventClear            
000016ef  SysCtlVoltageEventConfig           
000016e9  SysCtlVoltageEventStatus           
0000588d  TimerADCEventGet                   
00005889  TimerADCEventSet                   
00005883  TimerClockSourceGet                
0000587d  TimerClockSourceSet                
00005825  TimerConfigure                     
00005813  TimerControlEvent                  
000057fd  TimerControlLevel                  
000057e7  TimerControlStall                  
000057a7  TimerControlTrigger                
0000576d  TimerControlWaitOnTrigger          
00005769  TimerDMAEventGet                   
00005765  TimerDMAEventSet                   
00005751  TimerDisable                       
00005743  TimerEnable                        
0000573f  TimerIntClear                      
00005735  TimerIntDisable                    
0000572d  TimerIntEnable                     
00005715  TimerIntRegister                   
0000570b  TimerIntStatus                     
000056f7  TimerIntUnregister                 
000056ab  TimerLoadGet                       
00005695  TimerLoadGet64                     
00005683  TimerLoadSet                       
0000567d  TimerLoadSet64                     
00005671  TimerMatchGet                      
0000565b  TimerMatchGet64                    
00005649  TimerMatchSet                      
00005643  TimerMatchSet64                    
00005637  TimerPrescaleGet                   
0000562b  TimerPrescaleMatchGet              
00005619  TimerPrescaleMatchSet              
00005607  TimerPrescaleSet                   
000055fd  TimerRTCDisable                    
000055f3  TimerRTCEnable                     
000055ef  TimerSynchronize                   
000055c7  TimerUpdateMode                    
000055bb  TimerValueGet                      
000055a5  TimerValueGet64                    
00005b63  UART9BitAddrSend                   
00005b59  UART9BitAddrSet                    
00005b4b  UART9BitDisable                    
00005b3d  UART9BitEnable                     
00005b29  UARTBreakCtl                       
00005b21  UARTBusy                           
00005b17  UARTCharGet                        
00005b07  UARTCharGetNonBlocking             
00005afd  UARTCharPut                        
00005aed  UARTCharPutNonBlocking             
00005adf  UARTCharsAvail                     
00005ad9  UARTClockSourceGet                 
00005ad3  UARTClockSourceSet                 
00005aab  UARTConfigGetExpClk                
00005a67  UARTConfigSetExpClk                
00005a5d  UARTDMADisable                     
00005a55  UARTDMAEnable                      
00005a3d  UARTDisable                        
00005a33  UARTDisableSIR                     
00003c71  UARTEchoSet                        
00005a1f  UARTEnable                         
00005a07  UARTEnableSIR                      
000059fd  UARTFIFODisable                    
000059f3  UARTFIFOEnable                     
000059e3  UARTFIFOLevelGet                   
000059dd  UARTFIFOLevelSet                   
000059d5  UARTFlowControlGet                 
000059c9  UARTFlowControlSet                 
00003b63  UARTFlushRx                        
00003b75  UARTFlushTx                        
000059c5  UARTIntClear                       
000059bb  UARTIntDisable                     
000059b3  UARTIntEnable                      
0000599b  UARTIntRegister                    
00005991  UARTIntStatus                      
0000597d  UARTIntUnregister                  
0000593d  UARTLoopbackEnable                 
0000592b  UARTModemControlClear              
00005923  UARTModemControlGet                
00005917  UARTModemControlSet                
0000590d  UARTModemStatusGet                 
00005905  UARTParityModeGet                  
000058f9  UARTParityModeSet                  
00003c63  UARTRxBytesAvail                   
000058f3  UARTRxErrorClear                   
000058eb  UARTRxErrorGet                     
000058e1  UARTSmartCardDisable               
000058cb  UARTSmartCardEnable                
000058bd  UARTSpaceAvail                     
00003b9d  UARTStdioConfig                    
00003a99  UARTStdioIntHandler                
00003a7d  UARTTxBytesFree                    
000058b5  UARTTxIntModeGet                   
000058a9  UARTTxIntModeSet                   
00003a67  UARTgetc                           
000037a5  UARTgets                           
0000376d  UARTprintf                         
00003575  UARTvprintf                        
0000351b  UARTwrite                          
20005ee8  __STACK_END                        
00000800  __STACK_SIZE                       
20005ee8  __STACK_TOP                        
00008680  __TI_CINIT_Base                    
00008698  __TI_CINIT_Limit                   
00008664  __TI_Handler_Table_Base            
00008670  __TI_Handler_Table_Limit           
00007b85  __TI_auto_init_nobinit_nopinit     
000078c5  __TI_decompress_lzss               
00007de3  __TI_decompress_none               
ffffffff  __TI_pprof_out_hndl                
00002189  __TI_printfi                       
ffffffff  __TI_prof_data_size                
ffffffff  __TI_prof_data_start               
00000000  __TI_static_base__                 
00007df1  __TI_zero_init                     
000076d1  __aeabi_cdcmpeq                    
000076d1  __aeabi_cdcmple                    
00007757  __aeabi_cdrcmple                   
00007b3d  __aeabi_d2iz                       
00006917  __aeabi_dadd                       
00006c01  __aeabi_ddiv                       
00007189  __aeabi_dmul                       
0000690d  __aeabi_dsub                       
00007e15  __aeabi_errno_addr                 
00007cf1  __aeabi_i2d                        
00002bd7  __aeabi_idiv0                      
00002bd7  __aeabi_ldiv0                      
000077dd  __aeabi_memclr                     
000077dd  __aeabi_memclr4                    
000077dd  __aeabi_memclr8                    
0000750b  __aeabi_memcpy                     
0000750b  __aeabi_memcpy4                    
0000750b  __aeabi_memcpy8                    
000077df  __aeabi_memset                     
000077df  __aeabi_memset4                    
000077df  __aeabi_memset8                    
00007bc9  __aeabi_uidiv                      
00007bc9  __aeabi_uidivmod                   
000075a7  __aeabi_uldivmod                   
ffffffff  __binit__                          
ffffffff  __c_args__                         
UNDEFED   __mpu_init                         
200056e8  __stack                            
00007cbd  _c_int00_noargs                    
00007fdc  _ctypes_                           
UNDEFED   _system_post_cinit                 
00007e23  _system_pre_init                   
00007e27  abort                              
00007af1  atoi                               
00004413  binary_lookup                      
ffffffff  binit                              
20005f24  compensacion                       
00006f55  configADC_DisparaADC               
00006eff  configADC_ISR                      
00006e6b  configADC_IniciaADC                
00006e5d  configADC_LeeADC                   
00007d61  copysign                           
00007d61  copysignl                          
00001079  eTaskGetState                      
20005f9c  errno                              
00007991  frexp                              
00007991  frexpl                             
20000000  g_pfnRAMVectors                    
00000000  g_pfnVectors                       
00006f75  ldexp                              
00006f75  ldexpl                             
00007a4b  ltoa                               
20005f34  lugarflanqueo                      
0000457d  main                               
00007d45  memccpy                            
0000750b  memcpy                             
000077e5  memset                             
0000349b  pcQueueGetName                     
0000169b  pcTaskGetName                      
00004dbb  pcTimerGetName                     
20005f30  prioridad                          
00006849  pvPortMalloc                       
0000160f  pvTaskIncrementMutexHeldCount      
00004ac9  pvTimerGetTimerID                  
20005ee8  pxCurrentTCB                       
00007145  pxPortInitialiseStack              
00006f75  scalbn                             
00006f75  scalbnl                            
00007c09  sprintf                            
00007d93  strchr                             
00007da9  strcpy                             
00007dbd  strlen                             
00003495  ucQueueGetQueueType                
00008610  ulMaxSyscallInterruptPriority      
0000738d  ulPortGetIPSR                      
000015af  ulTaskNotifyTake                   
000060af  uxEventGroupGetNumber              
000076ab  uxListRemove                       
00003491  uxQueueGetQueueNumber              
0000347f  uxQueueMessagesWaiting             
0000347b  uxQueueMessagesWaitingFromISR      
00003465  uxQueueSpacesAvailable             
000015a9  uxTaskGetNumberOfTasks             
0000159d  uxTaskGetStackHighWaterMark        
000011bf  uxTaskGetSystemState               
00001593  uxTaskGetTaskNumber                
0000157b  uxTaskPriorityGet                  
0000155b  uxTaskPriorityGetFromISR           
00001547  uxTaskResetEventItemValue          
00004ac5  uxTimerGetTimerNumber              
0000437d  vApplicationIdleHook               
0000437b  vApplicationStackOverflowHook      
0000792d  vConfigureTimerForRunTimeStats     
000060ab  vEventGroupClearBitsCallback       
00006083  vEventGroupDelete                  
0000607f  vEventGroupSetBitsCallback         
0000607b  vEventGroupSetNumber               
0000768d  vListInitialise                    
00007687  vListInitialiseItem                
00007655  vListInsert                        
0000763d  vListInsertEnd                     
00007449  vPortEnableVFP                     
00007143  vPortEndScheduler                  
0000712b  vPortEnterCritical                 
00007119  vPortExitCritical                  
000067bb  vPortFree                          
00006761  vPortInitialiseBlocks              
00007405  vPortSVCHandler                    
000070bb  vPortSetupTimerInterrupt           
00007425  vPortStartFirstTask                
0000343f  vQueueAddToRegistry                
0000342f  vQueueDelete                       
0000342b  vQueueSetQueueNumber               
00003405  vQueueUnregisterQueue              
000033bd  vQueueWaitForMessageRestricted     
00001519  vTaskDelay                         
000014c1  vTaskDelayUntil                    
0000141f  vTaskDelete                        
000013f5  vTaskEndScheduler                  
000010f3  vTaskGetInfo                       
00001355  vTaskGetRunTimeStats               
00000b17  vTaskInternalSetTimeOutState       
00001281  vTaskList                          
00001067  vTaskMissedYield                   
00000fe5  vTaskNotifyGiveFromISR             
00000fb5  vTaskPlaceOnEventList              
00000f95  vTaskPlaceOnEventListRestricted    
00000f71  vTaskPlaceOnUnorderedEventList     
00000eef  vTaskPriorityDisinheritAfterTimeout
00000e3d  vTaskPrioritySet                   
00000ddd  vTaskRemoveFromUnorderedEventList  
00000d7d  vTaskResume                        
00000d6f  vTaskSetTaskNumber                 
00000d55  vTaskSetTimeOutState               
00000d09  vTaskStartScheduler                
00000c39  vTaskSuspend                       
00000c2b  vTaskSuspendAll                    
00000b85  vTaskSwitchContext                 
00004361  vTimerCallback1                    
00004a99  vTimerSetReloadMode                
00004a87  vTimerSetTimerID                   
00004a83  vTimerSetTimerNumber               
20005f58  valores                            
00007dd1  wcslen                             
00006061  xEventGroupClearBits               
0000604f  xEventGroupClearBitsFromISR        
00006035  xEventGroupCreate                  
0000601b  xEventGroupGetBitsFromISR          
00005f0b  xEventGroupSetBits                 
00006009  xEventGroupSetBitsFromISR          
00005f7d  xEventGroupSync                    
00005e5d  xEventGroupWaitBits                
0000675b  xPortGetFreeHeapSize               
00006755  xPortGetMinimumEverFreeHeapSize    
000073a5  xPortPendSVHandler                 
000070e5  xPortStartScheduler                
00007085  xPortSysTickHandler                
000033a7  xQueueCreateCountingSemaphore      
00003391  xQueueCreateMutex                  
0000334d  xQueueGenericCreate                
000032bd  xQueueGenericReset                 
000030ed  xQueueGenericSend                  
0000325f  xQueueGenericSendFromISR           
0000320d  xQueueGiveFromISR                  
000031e1  xQueueGiveMutexRecursive           
00003053  xQueueIsQueueEmptyFromISR          
00003043  xQueueIsQueueFullFromISR           
00002f57  xQueuePeek                         
00002f27  xQueuePeekFromISR                  
00002e37  xQueueReceive                      
00002ddb  xQueueReceiveFromISR               
200055ac  xQueueRegistry                     
00002c6d  xQueueSemaphoreTake                
00002d87  xQueueTakeMutexRecursive           
00000b29  xTaskCheckForTimeOut               
00000ab5  xTaskCreate                        
0000086f  xTaskGenericNotify                 
000007b5  xTaskGenericNotifyFromISR          
000007a9  xTaskGetCurrentTaskHandle          
00000791  xTaskGetSchedulerState             
0000078b  xTaskGetTickCount                  
00000785  xTaskGetTickCountFromISR           
0000031b  xTaskIncrementTick                 
00000759  xTaskNotifyStateClear              
000006cd  xTaskNotifyWait                    
000005c5  xTaskPriorityDisinherit            
00000515  xTaskPriorityInherit               
000004ad  xTaskRemoveFromEventList           
000003f5  xTaskResumeAll                     
00000289  xTaskResumeFromISR                 
00004a4f  xTimerCreate                       
000049eb  xTimerCreateTimerTask              
0000495b  xTimerGenericCommand               
00004957  xTimerGetExpiryTime                
00004953  xTimerGetPeriod                    
0000494d  xTimerGetTimerDaemonTaskHandle     
00004935  xTimerIsTimerActive                
00004913  xTimerPendFunctionCall             
000048f1  xTimerPendFunctionCallFromISR      
200056e4  xTimers1                           


GLOBAL SYMBOLS: SORTED BY Symbol Address 

address   name                               
-------   ----                               
00000000  __TI_static_base__                 
00000000  g_pfnVectors                       
00000289  xTaskResumeFromISR                 
0000031b  xTaskIncrementTick                 
000003f5  xTaskResumeAll                     
000004ad  xTaskRemoveFromEventList           
00000515  xTaskPriorityInherit               
000005c5  xTaskPriorityDisinherit            
000006cd  xTaskNotifyWait                    
00000759  xTaskNotifyStateClear              
00000785  xTaskGetTickCountFromISR           
0000078b  xTaskGetTickCount                  
00000791  xTaskGetSchedulerState             
000007a9  xTaskGetCurrentTaskHandle          
000007b5  xTaskGenericNotifyFromISR          
00000800  __STACK_SIZE                       
0000086f  xTaskGenericNotify                 
00000ab5  xTaskCreate                        
00000b17  vTaskInternalSetTimeOutState       
00000b29  xTaskCheckForTimeOut               
00000b85  vTaskSwitchContext                 
00000c2b  vTaskSuspendAll                    
00000c39  vTaskSuspend                       
00000d09  vTaskStartScheduler                
00000d55  vTaskSetTimeOutState               
00000d6f  vTaskSetTaskNumber                 
00000d7d  vTaskResume                        
00000ddd  vTaskRemoveFromUnorderedEventList  
00000e3d  vTaskPrioritySet                   
00000eef  vTaskPriorityDisinheritAfterTimeout
00000f71  vTaskPlaceOnUnorderedEventList     
00000f95  vTaskPlaceOnEventListRestricted    
00000fb5  vTaskPlaceOnEventList              
00000fe5  vTaskNotifyGiveFromISR             
00001067  vTaskMissedYield                   
00001079  eTaskGetState                      
000010f3  vTaskGetInfo                       
000011bf  uxTaskGetSystemState               
00001281  vTaskList                          
00001355  vTaskGetRunTimeStats               
000013f5  vTaskEndScheduler                  
0000141f  vTaskDelete                        
000014c1  vTaskDelayUntil                    
00001519  vTaskDelay                         
00001547  uxTaskResetEventItemValue          
0000155b  uxTaskPriorityGetFromISR           
0000157b  uxTaskPriorityGet                  
00001593  uxTaskGetTaskNumber                
0000159d  uxTaskGetStackHighWaterMark        
000015a9  uxTaskGetNumberOfTasks             
000015af  ulTaskNotifyTake                   
0000160f  pvTaskIncrementMutexHeldCount      
0000169b  pcTaskGetName                      
000016e9  SysCtlVoltageEventStatus           
000016ef  SysCtlVoltageEventConfig           
000016f7  SysCtlVoltageEventClear            
00001701  SysCtlVCOGet                       
00001763  SysCtlUSBPLLEnable                 
00001771  SysCtlUSBPLLDisable                
0000177f  SysCtlSleepPowerSet                
00001787  SysCtlSRAMSizeGet                  
00001795  SysCtlResetCauseGet                
0000179d  SysCtlResetCauseClear              
000017ab  SysCtlResetBehaviorSet             
000017b3  SysCtlResetBehaviorGet             
000017bb  SysCtlReset                        
000017c3  SysCtlPeripheralSleepEnable        
000017f1  SysCtlPeripheralSleepDisable       
0000181f  SysCtlPeripheralReset              
0000188d  SysCtlPeripheralReady              
000018bf  SysCtlPeripheralPresent            
000018f1  SysCtlPeripheralPowerOn            
0000191f  SysCtlPeripheralPowerOff           
0000194d  SysCtlPeripheralEnable             
0000197b  SysCtlPeripheralDisable            
000019a9  SysCtlPeripheralDeepSleepEnable    
000019d7  SysCtlPeripheralDeepSleepDisable   
00001a05  SysCtlPeripheralClockGating        
00001a47  SysCtlPWMClockSet                  
00001a55  SysCtlPWMClockGet                  
00001a6d  SysCtlPIOSCCalibrate               
00001ab5  SysCtlNMIStatus                    
00001abd  SysCtlNMIClear                     
00001ad5  SysCtlMOSCConfigSet                
00001add  SysCtlLDOSleepSet                  
00001ae5  SysCtlLDOSleepGet                  
00001aed  SysCtlLDODeepSleepSet              
00001af5  SysCtlLDODeepSleepGet              
00001afd  SysCtlIntUnregister                
00001b0d  SysCtlIntStatus                    
00001b1d  SysCtlIntRegister                  
00001b2f  SysCtlIntEnable                    
00001b3b  SysCtlIntDisable                   
00001b49  SysCtlIntClear                     
00001b5d  SysCtlGPIOAHBEnable                
00001b73  SysCtlGPIOAHBDisable               
00001b89  SysCtlFlashSizeGet                 
00001bb9  SysCtlFlashSectorSizeGet           
00001bdf  SysCtlDeepSleepPowerSet            
00001be5  SysCtlDeepSleepClockSet            
00001bf1  SysCtlDeepSleepClockConfigSet      
00001c4d  SysCtlDeepSleep                    
00001c75  SysCtlClockSet                     
00001d59  SysCtlClockOutConfig               
00001d81  SysCtlClockGet                     
00001f41  SysCtlClockFreqSet                 
00002131  SysCtlAltClkConfig                 
00002189  __TI_printfi                       
00002bd7  __aeabi_idiv0                      
00002bd7  __aeabi_ldiv0                      
00002c6d  xQueueSemaphoreTake                
00002d87  xQueueTakeMutexRecursive           
00002ddb  xQueueReceiveFromISR               
00002e37  xQueueReceive                      
00002f27  xQueuePeekFromISR                  
00002f57  xQueuePeek                         
00003043  xQueueIsQueueFullFromISR           
00003053  xQueueIsQueueEmptyFromISR          
000030ed  xQueueGenericSend                  
000031e1  xQueueGiveMutexRecursive           
0000320d  xQueueGiveFromISR                  
0000325f  xQueueGenericSendFromISR           
000032bd  xQueueGenericReset                 
0000334d  xQueueGenericCreate                
00003391  xQueueCreateMutex                  
000033a7  xQueueCreateCountingSemaphore      
000033bd  vQueueWaitForMessageRestricted     
00003405  vQueueUnregisterQueue              
0000342b  vQueueSetQueueNumber               
0000342f  vQueueDelete                       
0000343f  vQueueAddToRegistry                
00003465  uxQueueSpacesAvailable             
0000347b  uxQueueMessagesWaitingFromISR      
0000347f  uxQueueMessagesWaiting             
00003491  uxQueueGetQueueNumber              
00003495  ucQueueGetQueueType                
0000349b  pcQueueGetName                     
0000351b  UARTwrite                          
00003575  UARTvprintf                        
0000376d  UARTprintf                         
000037a5  UARTgets                           
00003a67  UARTgetc                           
00003a7d  UARTTxBytesFree                    
00003a99  UARTStdioIntHandler                
00003b63  UARTFlushRx                        
00003b75  UARTFlushTx                        
00003b9d  UARTStdioConfig                    
00003c63  UARTRxBytesAvail                   
00003c71  UARTEchoSet                        
00003cbd  GPIOPinWrite                       
00003cc3  GPIOPinWakeStatus                  
00003cc9  GPIODirModeSet                     
00003cf9  GPIOPadConfigSet                   
00003e47  GPIOPinTypeWakeLow                 
00003e5f  GPIOPinTypeWakeHigh                
00003e77  GPIOPinTypeUSBDigital              
00003e8d  GPIOPinTypeUSBAnalog               
00003ea3  GPIOPinTypeUART                    
00003eb9  GPIOPinTypeTrace                   
00003ecf  GPIOPinTypeTimer                   
00003ee5  GPIOPinTypeSSI                     
00003efb  GPIOPinTypeQEI                     
00003f11  GPIOPinTypePWM                     
00003f27  GPIOPinTypeOneWire                 
00003f3d  GPIOPinTypeLCD                     
00003f53  GPIOPinTypeI2CSCL                  
00003f69  GPIOPinTypeI2C                     
00003f7f  GPIOPinTypeHibernateRTCCLK         
00003f95  GPIOPinTypeGPIOOutputOD            
00003fad  GPIOPinTypeGPIOOutput              
00003fc5  GPIOPinTypeGPIOInput               
00003fdb  GPIOPinTypeEthernetMII             
00003ff1  GPIOPinTypeEthernetLED             
00004007  GPIOPinTypeEPI                     
0000401d  GPIOPinTypeDIVSCLK                 
00004033  GPIOPinTypeComparatorOutput        
00004049  GPIOPinTypeComparator              
0000405f  GPIOPinTypeCAN                     
00004075  GPIOPinTypeADC                     
0000408b  GPIOPinRead                        
00004091  GPIOPinConfigure                   
000040cf  GPIOPadConfigGet                   
000041af  GPIOIntUnregisterPin               
000041c7  GPIOIntUnregister                  
000041db  GPIOIntTypeSet                     
0000423b  GPIOIntTypeGet                     
00004289  GPIOIntStatus                      
00004297  GPIOIntRegisterPin                 
000042b3  GPIOIntRegister                    
000042cb  GPIOIntEnable                      
000042d7  GPIOIntDisable                     
000042e5  GPIOIntClear                       
000042eb  GPIODirModeGet                     
00004315  GPIODMATriggerEnable               
00004321  GPIODMATriggerDisable              
0000432f  GPIOADCTriggerEnable               
0000433b  GPIOADCTriggerDisable              
00004361  vTimerCallback1                    
0000437b  vApplicationStackOverflowHook      
0000437d  vApplicationIdleHook               
00004413  binary_lookup                      
0000457d  main                               
000047a1  GPIOBIntHandler                    
000048f1  xTimerPendFunctionCallFromISR      
00004913  xTimerPendFunctionCall             
00004935  xTimerIsTimerActive                
0000494d  xTimerGetTimerDaemonTaskHandle     
00004953  xTimerGetPeriod                    
00004957  xTimerGetExpiryTime                
0000495b  xTimerGenericCommand               
000049eb  xTimerCreateTimerTask              
00004a4f  xTimerCreate                       
00004a83  vTimerSetTimerNumber               
00004a87  vTimerSetTimerID                   
00004a99  vTimerSetReloadMode                
00004ac5  uxTimerGetTimerNumber              
00004ac9  pvTimerGetTimerID                  
00004dbb  pcTimerGetName                     
00004dcd  ADCSoftwareOversampleStepConfigure 
00004e53  ADCSoftwareOversampleDataGet       
00004ea1  ADCSoftwareOversampleConfigure     
00004ec9  ADCSequenceUnderflowClear          
00004ed3  ADCSequenceUnderflow               
00004edd  ADCSequenceStepConfigure           
00004f5f  ADCSequenceOverflowClear           
00004f69  ADCSequenceOverflow                
00004f73  ADCSequenceEnable                  
00004f81  ADCSequenceDisable                 
00004f8f  ADCSequenceDataGet                 
00004fad  ADCSequenceDMAEnable               
00004fbd  ADCSequenceDMADisable              
00004fcd  ADCSequenceConfigure               
00005019  ADCReferenceSet                    
00005025  ADCReferenceGet                    
0000502d  ADCProcessorTrigger                
00005045  ADCPhaseDelaySet                   
00005049  ADCPhaseDelayGet                   
0000508d  ADCIntUnregister                   
000050a1  ADCIntStatusEx                     
000050b5  ADCIntStatus                       
000050e3  ADCIntRegister                     
000050fb  ADCIntEnableEx                     
00005103  ADCIntEnable                       
00005117  ADCIntDisableEx                    
00005121  ADCIntDisable                      
0000512f  ADCIntClearEx                      
00005133  ADCIntClear                        
00005141  ADCHardwareOversampleConfigure     
00005159  ADCComparatorReset                 
00005179  ADCComparatorRegionSet             
00005187  ADCComparatorIntStatus             
0000518b  ADCComparatorIntEnable             
0000519b  ADCComparatorIntDisable            
000051ab  ADCComparatorIntClear              
000051af  ADCComparatorConfigure             
000051b9  ADCClockConfigSet                  
000051d1  ADCClockConfigGet                  
000051ef  ADCBusy                            
00005209  PWMSyncUpdate                      
0000520d  PWMSyncTimeBase                    
00005211  PWMPulseWidthSet                   
0000522f  PWMPulseWidthGet                   
0000524f  PWMOutputUpdateMode                
00005289  PWMOutputState                     
0000529f  PWMOutputInvert                    
000052b5  PWMOutputFaultLevel                
000052cb  PWMOutputFault                     
000052e1  PWMIntStatus                       
000052eb  PWMIntEnable                       
000052f3  PWMIntDisable                      
000052fd  PWMGenPeriodSet                    
00005311  PWMGenPeriodGet                    
000053e7  PWMGenIntUnregister                
000053fb  PWMGenIntTrigEnable                
00005405  PWMGenIntTrigDisable               
0000540f  PWMGenIntStatus                    
0000541b  PWMGenIntRegister                  
00005433  PWMGenIntClear                     
00005439  PWMGenFaultTriggerSet              
0000544b  PWMGenFaultTriggerGet              
00005459  PWMGenFaultStatus                  
0000546f  PWMGenFaultConfigure               
0000547f  PWMGenFaultClear                   
00005495  PWMGenEnable                       
0000549f  PWMGenDisable                      
000054a9  PWMGenConfigure                    
0000550b  PWMFaultIntUnregister              
0000551f  PWMFaultIntRegister                
00005537  PWMFaultIntClearExt                
0000553b  PWMFaultIntClear                   
00005543  PWMDeadBandEnable                  
00005553  PWMDeadBandDisable                 
0000555f  PWMClockSet                        
0000556f  PWMClockGet                        
000055a5  TimerValueGet64                    
000055bb  TimerValueGet                      
000055c7  TimerUpdateMode                    
000055ef  TimerSynchronize                   
000055f3  TimerRTCEnable                     
000055fd  TimerRTCDisable                    
00005607  TimerPrescaleSet                   
00005619  TimerPrescaleMatchSet              
0000562b  TimerPrescaleMatchGet              
00005637  TimerPrescaleGet                   
00005643  TimerMatchSet64                    
00005649  TimerMatchSet                      
0000565b  TimerMatchGet64                    
00005671  TimerMatchGet                      
0000567d  TimerLoadSet64                     
00005683  TimerLoadSet                       
00005695  TimerLoadGet64                     
000056ab  TimerLoadGet                       
000056f7  TimerIntUnregister                 
0000570b  TimerIntStatus                     
00005715  TimerIntRegister                   
0000572d  TimerIntEnable                     
00005735  TimerIntDisable                    
0000573f  TimerIntClear                      
00005743  TimerEnable                        
00005751  TimerDisable                       
00005765  TimerDMAEventSet                   
00005769  TimerDMAEventGet                   
0000576d  TimerControlWaitOnTrigger          
000057a7  TimerControlTrigger                
000057e7  TimerControlStall                  
000057fd  TimerControlLevel                  
00005813  TimerControlEvent                  
00005825  TimerConfigure                     
0000587d  TimerClockSourceSet                
00005883  TimerClockSourceGet                
00005889  TimerADCEventSet                   
0000588d  TimerADCEventGet                   
000058a9  UARTTxIntModeSet                   
000058b5  UARTTxIntModeGet                   
000058bd  UARTSpaceAvail                     
000058cb  UARTSmartCardEnable                
000058e1  UARTSmartCardDisable               
000058eb  UARTRxErrorGet                     
000058f3  UARTRxErrorClear                   
000058f9  UARTParityModeSet                  
00005905  UARTParityModeGet                  
0000590d  UARTModemStatusGet                 
00005917  UARTModemControlSet                
00005923  UARTModemControlGet                
0000592b  UARTModemControlClear              
0000593d  UARTLoopbackEnable                 
0000597d  UARTIntUnregister                  
00005991  UARTIntStatus                      
0000599b  UARTIntRegister                    
000059b3  UARTIntEnable                      
000059bb  UARTIntDisable                     
000059c5  UARTIntClear                       
000059c9  UARTFlowControlSet                 
000059d5  UARTFlowControlGet                 
000059dd  UARTFIFOLevelSet                   
000059e3  UARTFIFOLevelGet                   
000059f3  UARTFIFOEnable                     
000059fd  UARTFIFODisable                    
00005a07  UARTEnableSIR                      
00005a1f  UARTEnable                         
00005a33  UARTDisableSIR                     
00005a3d  UARTDisable                        
00005a55  UARTDMAEnable                      
00005a5d  UARTDMADisable                     
00005a67  UARTConfigSetExpClk                
00005aab  UARTConfigGetExpClk                
00005ad3  UARTClockSourceSet                 
00005ad9  UARTClockSourceGet                 
00005adf  UARTCharsAvail                     
00005aed  UARTCharPutNonBlocking             
00005afd  UARTCharPut                        
00005b07  UARTCharGetNonBlocking             
00005b17  UARTCharGet                        
00005b21  UARTBusy                           
00005b29  UARTBreakCtl                       
00005b3d  UART9BitEnable                     
00005b4b  UART9BitDisable                    
00005b59  UART9BitAddrSet                    
00005b63  UART9BitAddrSend                   
00005ba3  IntUnregister                      
00005bad  IntTrigger                         
00005bb5  IntRegister                        
00005bdf  IntPrioritySet                     
00005c0b  IntPriorityGroupingSet             
00005c1d  IntPriorityGroupingGet             
00005c3f  IntPriorityGet                     
00005c59  IntPendSet                         
00005ca3  IntPendClear                       
00005cdf  IntMasterEnable                    
00005cef  IntMasterDisable                   
00005cff  IntIsEnabled                       
00005d57  IntEnable                          
00005db1  IntDisable                         
00005e5d  xEventGroupWaitBits                
00005f0b  xEventGroupSetBits                 
00005f7d  xEventGroupSync                    
00006009  xEventGroupSetBitsFromISR          
0000601b  xEventGroupGetBitsFromISR          
00006035  xEventGroupCreate                  
0000604f  xEventGroupClearBitsFromISR        
00006061  xEventGroupClearBits               
0000607b  vEventGroupSetNumber               
0000607f  vEventGroupSetBitsCallback         
00006083  vEventGroupDelete                  
000060ab  vEventGroupClearBitsCallback       
000060af  uxEventGroupGetNumber              
00006335  MovimientosBasicos                 
000064d7  Flanqueo                           
00006755  xPortGetMinimumEverFreeHeapSize    
0000675b  xPortGetFreeHeapSize               
00006761  vPortInitialiseBlocks              
000067bb  vPortFree                          
00006849  pvPortMalloc                       
0000690d  __aeabi_dsub                       
00006917  __aeabi_dadd                       
00006c01  __aeabi_ddiv                       
00006e5d  configADC_LeeADC                   
00006e6b  configADC_IniciaADC                
00006eff  configADC_ISR                      
00006f55  configADC_DisparaADC               
00006f75  ldexp                              
00006f75  ldexpl                             
00006f75  scalbn                             
00006f75  scalbnl                            
00007085  xPortSysTickHandler                
000070bb  vPortSetupTimerInterrupt           
000070e5  xPortStartScheduler                
00007119  vPortExitCritical                  
0000712b  vPortEnterCritical                 
00007143  vPortEndScheduler                  
00007145  pxPortInitialiseStack              
00007189  __aeabi_dmul                       
00007285  ButtonsPoll                        
00007307  ButtonsInit                        
0000738d  ulPortGetIPSR                      
000073a5  xPortPendSVHandler                 
00007405  vPortSVCHandler                    
00007425  vPortStartFirstTask                
00007449  vPortEnableVFP                     
0000750b  __aeabi_memcpy                     
0000750b  __aeabi_memcpy4                    
0000750b  __aeabi_memcpy8                    
0000750b  memcpy                             
000075a7  __aeabi_uldivmod                   
0000763d  vListInsertEnd                     
00007655  vListInsert                        
00007687  vListInitialiseItem                
0000768d  vListInitialise                    
000076ab  uxListRemove                       
000076d1  __aeabi_cdcmpeq                    
000076d1  __aeabi_cdcmple                    
00007757  __aeabi_cdrcmple                   
000077dd  __aeabi_memclr                     
000077dd  __aeabi_memclr4                    
000077dd  __aeabi_memclr8                    
000077df  __aeabi_memset                     
000077df  __aeabi_memset4                    
000077df  __aeabi_memset8                    
000077e5  memset                             
000078c5  __TI_decompress_lzss               
0000792d  vConfigureTimerForRunTimeStats     
00007991  frexp                              
00007991  frexpl                             
00007a4b  ltoa                               
00007af1  atoi                               
00007b3d  __aeabi_d2iz                       
00007b85  __TI_auto_init_nobinit_nopinit     
00007bc9  __aeabi_uidiv                      
00007bc9  __aeabi_uidivmod                   
00007c09  sprintf                            
00007c87  CPUwfi                             
00007c87  SysCtlSleep                        
00007c8b  CPUprimask                         
00007c95  CPUcpsie                           
00007ca1  CPUcpsid                           
00007cad  CPUbasepriSet                      
00007cad  IntPriorityMaskSet                 
00007cb3  CPUbasepriGet                      
00007cb3  IntPriorityMaskGet                 
00007cbd  _c_int00_noargs                    
00007cf1  __aeabi_i2d                        
00007d21  GetOverflowCounts                  
00007d45  memccpy                            
00007d61  copysign                           
00007d61  copysignl                          
00007d93  strchr                             
00007da9  strcpy                             
00007dbd  strlen                             
00007dd1  wcslen                             
00007de3  __TI_decompress_none               
00007df1  __TI_zero_init                     
00007dfd  ResetISR                           
00007e15  __aeabi_errno_addr                 
00007e1d  SysCtlDelay                        
00007e23  _system_pre_init                   
00007e27  C$$EXIT                            
00007e27  abort                              
00007fdc  _ctypes_                           
00008610  ulMaxSyscallInterruptPriority      
00008664  __TI_Handler_Table_Base            
00008670  __TI_Handler_Table_Limit           
00008680  __TI_CINIT_Base                    
00008698  __TI_CINIT_Limit                   
20000000  g_pfnRAMVectors                    
200055ac  xQueueRegistry                     
200056dc  FlagsEventos                       
200056e0  Mutexmotores                       
200056e4  xTimers1                           
200056e8  __stack                            
20005ee8  __STACK_END                        
20005ee8  __STACK_TOP                        
20005ee8  pxCurrentTCB                       
20005f24  compensacion                       
20005f28  ESTADO                             
20005f2c  ESTADOANT                          
20005f30  prioridad                          
20005f34  lugarflanqueo                      
20005f38  ManejaADC                          
20005f3c  ManejaEncoder                      
20005f40  CurvaADC                           
20005f58  valores                            
20005f9c  errno                              
ffffffff  __TI_pprof_out_hndl                
ffffffff  __TI_prof_data_size                
ffffffff  __TI_prof_data_start               
ffffffff  __binit__                          
ffffffff  __c_args__                         
ffffffff  binit                              
UNDEFED   __mpu_init                         
UNDEFED   _system_post_cinit                 

[530 symbols]
